{
    "-profile test": {
        "content": [
            {
                "ADMIXTUREPIPELINE": {
                    "AdmixPipe": "3.2.2",
                    "VCFtools": "0.1.16",
                    "PLINK": 20220402,
                    "Admixture": 1.3
                },
                "BCFTOOLS_QUERY_POST": {
                    "bcftools": 1.21
                },
                "BCFTOOLS_QUERY_PRE": {
                    "bcftools": 1.21
                },
                "BESTK": {
                    "python": "3.12.14"
                },
                "BGZIP_INDEX_VCF": {
                    "htslib": 1.24,
                    "xz": "5.8.3"
                },
                "CLUMPAK": {
                    "AdmixPipe": "3.2.2",
                    "CLUMPAK": 1.1
                },
                "CVSUM": {
                    "AdmixPipe": "3.2.2"
                },
                "DECOMPRESS_VCF": {
                    "htslib": 1.24,
                    "xz": "5.8.3"
                },
                "DISTRUCT": {
                    "AdmixPipe": "3.2.2",
                    "distruct": 1.1,
                    "ghostscript": 9.5
                },
                "EVALADMIX": {
                    "AdmixPipe": "3.2.2"
                },
                "EVANNO": {
                    "python": "3.12.14"
                },
                "PLOT_ADMIXTURE": {
                    "plotly": "6.1.2"
                },
                "PLOT_ADMIXTURE_MULTIK": {
                    "plotly": "6.1.2"
                },
                "PLOT_ADMIXTURE_SPATIAL": {
                    "folium": "0.20.0",
                    "geopandas": "1.1.1",
                    "matplotlib": "3.10.3"
                },
                "PLOT_ADMIXTURE_SPATIAL_MULTIK": {
                    "folium": "0.20.0",
                    "geopandas": "1.1.1",
                    "matplotlib": "3.10.3"
                },
                "PLOT_CV": {
                    "plotly": "6.1.2"
                },
                "PLOT_EVANNO": {
                    "plotly": "6.1.2"
                },
                "PLOT_PAIRWISE_FST": {
                    "pandas": "2.2.3"
                },
                "PLOT_PCA": {
                    "pandas": "2.2.3"
                },
                "POP_SUMMARY": {
                    "pandas": "2.2.3"
                },
                "SAMPLE_SUMMARY": {
                    "pandas": "2.2.3"
                },
                "SNPIO_FILTER": {
                    "SNPio": "1.7.6"
                },
                "STAGE_GEODATA_LAYERS": {
                    "python": "3.12.10"
                },
                "Workflow": {
                    "aCaMEL/admixpipe": "v1.0.0"
                }
            },
            [
                "admixturepipeline",
                "admixturepipeline/admixturePipeline.json",
                "admixturepipeline/results.zip",
                "admixturepipeline/test_filtered.1_0.P",
                "admixturepipeline/test_filtered.1_0.Q",
                "admixturepipeline/test_filtered.1_0.stdout",
                "admixturepipeline/test_filtered.1_1.P",
                "admixturepipeline/test_filtered.1_1.Q",
                "admixturepipeline/test_filtered.1_1.stdout",
                "admixturepipeline/test_filtered.1_2.P",
                "admixturepipeline/test_filtered.1_2.Q",
                "admixturepipeline/test_filtered.1_2.stdout",
                "admixturepipeline/test_filtered.1_3.P",
                "admixturepipeline/test_filtered.1_3.Q",
                "admixturepipeline/test_filtered.1_3.stdout",
                "admixturepipeline/test_filtered.2_0.P",
                "admixturepipeline/test_filtered.2_0.Q",
                "admixturepipeline/test_filtered.2_0.stdout",
                "admixturepipeline/test_filtered.2_1.P",
                "admixturepipeline/test_filtered.2_1.Q",
                "admixturepipeline/test_filtered.2_1.stdout",
                "admixturepipeline/test_filtered.2_2.P",
                "admixturepipeline/test_filtered.2_2.Q",
                "admixturepipeline/test_filtered.2_2.stdout",
                "admixturepipeline/test_filtered.2_3.P",
                "admixturepipeline/test_filtered.2_3.Q",
                "admixturepipeline/test_filtered.2_3.stdout",
                "admixturepipeline/test_filtered.3_0.P",
                "admixturepipeline/test_filtered.3_0.Q",
                "admixturepipeline/test_filtered.3_0.stdout",
                "admixturepipeline/test_filtered.3_1.P",
                "admixturepipeline/test_filtered.3_1.Q",
                "admixturepipeline/test_filtered.3_1.stdout",
                "admixturepipeline/test_filtered.3_2.P",
                "admixturepipeline/test_filtered.3_2.Q",
                "admixturepipeline/test_filtered.3_2.stdout",
                "admixturepipeline/test_filtered.3_3.P",
                "admixturepipeline/test_filtered.3_3.Q",
                "admixturepipeline/test_filtered.3_3.stdout",
                "admixturepipeline/test_filtered.4_0.P",
                "admixturepipeline/test_filtered.4_0.Q",
                "admixturepipeline/test_filtered.4_0.stdout",
                "admixturepipeline/test_filtered.4_1.P",
                "admixturepipeline/test_filtered.4_1.Q",
                "admixturepipeline/test_filtered.4_1.stdout",
                "admixturepipeline/test_filtered.4_2.P",
                "admixturepipeline/test_filtered.4_2.Q",
                "admixturepipeline/test_filtered.4_2.stdout",
                "admixturepipeline/test_filtered.4_3.P",
                "admixturepipeline/test_filtered.4_3.Q",
                "admixturepipeline/test_filtered.4_3.stdout",
                "admixturepipeline/test_filtered.5_0.P",
                "admixturepipeline/test_filtered.5_0.Q",
                "admixturepipeline/test_filtered.5_0.stdout",
                "admixturepipeline/test_filtered.5_1.P",
                "admixturepipeline/test_filtered.5_1.Q",
                "admixturepipeline/test_filtered.5_1.stdout",
                "admixturepipeline/test_filtered.5_2.P",
                "admixturepipeline/test_filtered.5_2.Q",
                "admixturepipeline/test_filtered.5_2.stdout",
                "admixturepipeline/test_filtered.5_3.P",
                "admixturepipeline/test_filtered.5_3.Q",
                "admixturepipeline/test_filtered.5_3.stdout",
                "admixturepipeline/test_filtered.6_0.P",
                "admixturepipeline/test_filtered.6_0.Q",
                "admixturepipeline/test_filtered.6_0.stdout",
                "admixturepipeline/test_filtered.6_1.P",
                "admixturepipeline/test_filtered.6_1.Q",
                "admixturepipeline/test_filtered.6_1.stdout",
                "admixturepipeline/test_filtered.6_2.P",
                "admixturepipeline/test_filtered.6_2.Q",
                "admixturepipeline/test_filtered.6_2.stdout",
                "admixturepipeline/test_filtered.6_3.P",
                "admixturepipeline/test_filtered.6_3.Q",
                "admixturepipeline/test_filtered.6_3.stdout",
                "admixturepipeline/test_filtered.map",
                "admixturepipeline/test_filtered.ped",
                "admixturepipeline/test_filtered.qfiles.json",
                "admixturepipeline/test_filtered_inds.txt",
                "admixturepipeline/test_filtered_pops.txt",
                "bestk",
                "bestk/bestK.txt",
                "bestk/best_clumpp_indfile.out",
                "clumpak",
                "clumpak/clumpakOutput",
                "clumpak/clumpakOutput/AdmixturePopIdToPopName",
                "clumpak/clumpakOutput/K=1",
                "clumpak/clumpakOutput/K=1.MajorCluster.png",
                "clumpak/clumpakOutput/K=1/CLUMPP.files",
                "clumpak/clumpakOutput/K=1/CLUMPP.files/ClumppIndFile",
                "clumpak/clumpakOutput/K=1/CLUMPP.files/ClumppIndFile.output",
                "clumpak/clumpakOutput/K=1/CLUMPP.files/ClumppPairMatrix",
                "clumpak/clumpakOutput/K=1/CLUMPP.files/FilesToIndex",
                "clumpak/clumpakOutput/K=1/MCL.files",
                "clumpak/clumpakOutput/K=1/MCL.files/MCL.clusters",
                "clumpak/clumpakOutput/K=1/MCL.files/MCL.out",
                "clumpak/clumpakOutput/K=1/MCL.files/clumppPairMatrixChoped",
                "clumpak/clumpakOutput/K=1/MCL.files/mcxtable",
                "clumpak/clumpakOutput/K=1/MajorCluster",
                "clumpak/clumpakOutput/K=1/MajorCluster/CLUMPP.files",
                "clumpak/clumpakOutput/K=1/MajorCluster/CLUMPP.files/ClumppIndFile",
                "clumpak/clumpakOutput/K=1/MajorCluster/CLUMPP.files/ClumppIndFile.output",
                "clumpak/clumpakOutput/K=1/MajorCluster/CLUMPP.files/ClumppPairMatrix",
                "clumpak/clumpakOutput/K=1/MajorCluster/CLUMPP.files/ClumppPopFile",
                "clumpak/clumpakOutput/K=1/MajorCluster/CLUMPP.files/FilesToIndex",
                "clumpak/clumpakOutput/K=1/MajorCluster/clusterFiles",
                "clumpak/clumpakOutput/K=1/MajorCluster/distructOutput.pdf",
                "clumpak/clumpakOutput/K=1/MajorCluster/distructOutput.png",
                "clumpak/clumpakOutput/K=1/MajorCluster/distructOutput.ps",
                "clumpak/clumpakOutput/K=1/MajorCluster/distructOutput.sh",
                "clumpak/clumpakOutput/K=1/MajorCluster/drawparams",
                "clumpak/clumpakOutput/K=2",
                "clumpak/clumpakOutput/K=2.MajorCluster.png",
                "clumpak/clumpakOutput/K=2/CLUMPP.files",
                "clumpak/clumpakOutput/K=2/CLUMPP.files/ClumppCommands.sh",
                "clumpak/clumpakOutput/K=2/CLUMPP.files/ClumppIndFile",
                "clumpak/clumpakOutput/K=2/CLUMPP.files/ClumppIndFile.misc",
                "clumpak/clumpakOutput/K=2/CLUMPP.files/ClumppIndFile.output",
                "clumpak/clumpakOutput/K=2/CLUMPP.files/ClumppPairMatrix",
                "clumpak/clumpakOutput/K=2/CLUMPP.files/FilesToIndex",
                "clumpak/clumpakOutput/K=2/CLUMPP.files/clumpp.paramfile",
                "clumpak/clumpakOutput/K=2/MCL.files",
                "clumpak/clumpakOutput/K=2/MCL.files/MCL.clusters",
                "clumpak/clumpakOutput/K=2/MCL.files/MCL.out",
                "clumpak/clumpakOutput/K=2/MCL.files/clumppPairMatrixChoped",
                "clumpak/clumpakOutput/K=2/MCL.files/mcxtable",
                "clumpak/clumpakOutput/K=2/MajorCluster",
                "clumpak/clumpakOutput/K=2/MajorCluster/CLUMPP.files",
                "clumpak/clumpakOutput/K=2/MajorCluster/CLUMPP.files/ClumppCommands.sh",
                "clumpak/clumpakOutput/K=2/MajorCluster/CLUMPP.files/ClumppIndFile",
                "clumpak/clumpakOutput/K=2/MajorCluster/CLUMPP.files/ClumppIndFile.misc",
                "clumpak/clumpakOutput/K=2/MajorCluster/CLUMPP.files/ClumppIndFile.output",
                "clumpak/clumpakOutput/K=2/MajorCluster/CLUMPP.files/ClumppPopFile",
                "clumpak/clumpakOutput/K=2/MajorCluster/CLUMPP.files/FilesToIndex",
                "clumpak/clumpakOutput/K=2/MajorCluster/CLUMPP.files/clumpp.paramfile",
                "clumpak/clumpakOutput/K=2/MajorCluster/clusterFiles",
                "clumpak/clumpakOutput/K=2/MajorCluster/distructOutput.pdf",
                "clumpak/clumpakOutput/K=2/MajorCluster/distructOutput.png",
                "clumpak/clumpakOutput/K=2/MajorCluster/distructOutput.ps",
                "clumpak/clumpakOutput/K=2/MajorCluster/distructOutput.sh",
                "clumpak/clumpakOutput/K=2/MajorCluster/drawparams",
                "clumpak/clumpakOutput/K=3",
                "clumpak/clumpakOutput/K=3.MajorCluster.png",
                "clumpak/clumpakOutput/K=3/CLUMPP.files",
                "clumpak/clumpakOutput/K=3/CLUMPP.files/ClumppCommands.sh",
                "clumpak/clumpakOutput/K=3/CLUMPP.files/ClumppIndFile",
                "clumpak/clumpakOutput/K=3/CLUMPP.files/ClumppIndFile.misc",
                "clumpak/clumpakOutput/K=3/CLUMPP.files/ClumppIndFile.output",
                "clumpak/clumpakOutput/K=3/CLUMPP.files/ClumppPairMatrix",
                "clumpak/clumpakOutput/K=3/CLUMPP.files/FilesToIndex",
                "clumpak/clumpakOutput/K=3/CLUMPP.files/clumpp.paramfile",
                "clumpak/clumpakOutput/K=3/MCL.files",
                "clumpak/clumpakOutput/K=3/MCL.files/MCL.clusters",
                "clumpak/clumpakOutput/K=3/MCL.files/MCL.out",
                "clumpak/clumpakOutput/K=3/MCL.files/clumppPairMatrixChoped",
                "clumpak/clumpakOutput/K=3/MCL.files/mcxtable",
                "clumpak/clumpakOutput/K=3/MajorCluster",
                "clumpak/clumpakOutput/K=3/MajorCluster/CLUMPP.files",
                "clumpak/clumpakOutput/K=3/MajorCluster/CLUMPP.files/ClumppCommands.sh",
                "clumpak/clumpakOutput/K=3/MajorCluster/CLUMPP.files/ClumppIndFile",
                "clumpak/clumpakOutput/K=3/MajorCluster/CLUMPP.files/ClumppIndFile.misc",
                "clumpak/clumpakOutput/K=3/MajorCluster/CLUMPP.files/ClumppIndFile.output",
                "clumpak/clumpakOutput/K=3/MajorCluster/CLUMPP.files/ClumppPopFile",
                "clumpak/clumpakOutput/K=3/MajorCluster/CLUMPP.files/FilesToIndex",
                "clumpak/clumpakOutput/K=3/MajorCluster/CLUMPP.files/clumpp.paramfile",
                "clumpak/clumpakOutput/K=3/MajorCluster/clusterFiles",
                "clumpak/clumpakOutput/K=3/MajorCluster/distructOutput.pdf",
                "clumpak/clumpakOutput/K=3/MajorCluster/distructOutput.png",
                "clumpak/clumpakOutput/K=3/MajorCluster/distructOutput.ps",
                "clumpak/clumpakOutput/K=3/MajorCluster/distructOutput.sh",
                "clumpak/clumpakOutput/K=3/MajorCluster/drawparams",
                "clumpak/clumpakOutput/K=4",
                "clumpak/clumpakOutput/K=4.MajorCluster.png",
                "clumpak/clumpakOutput/K=4/CLUMPP.files",
                "clumpak/clumpakOutput/K=4/CLUMPP.files/ClumppCommands.sh",
                "clumpak/clumpakOutput/K=4/CLUMPP.files/ClumppIndFile",
                "clumpak/clumpakOutput/K=4/CLUMPP.files/ClumppIndFile.misc",
                "clumpak/clumpakOutput/K=4/CLUMPP.files/ClumppIndFile.output",
                "clumpak/clumpakOutput/K=4/CLUMPP.files/ClumppPairMatrix",
                "clumpak/clumpakOutput/K=4/CLUMPP.files/FilesToIndex",
                "clumpak/clumpakOutput/K=4/CLUMPP.files/clumpp.paramfile",
                "clumpak/clumpakOutput/K=4/MCL.files",
                "clumpak/clumpakOutput/K=4/MCL.files/MCL.clusters",
                "clumpak/clumpakOutput/K=4/MCL.files/MCL.out",
                "clumpak/clumpakOutput/K=4/MCL.files/clumppPairMatrixChoped",
                "clumpak/clumpakOutput/K=4/MCL.files/mcxtable",
                "clumpak/clumpakOutput/K=4/MajorCluster",
                "clumpak/clumpakOutput/K=4/MajorCluster/CLUMPP.files",
                "clumpak/clumpakOutput/K=4/MajorCluster/CLUMPP.files/ClumppCommands.sh",
                "clumpak/clumpakOutput/K=4/MajorCluster/CLUMPP.files/ClumppIndFile",
                "clumpak/clumpakOutput/K=4/MajorCluster/CLUMPP.files/ClumppIndFile.misc",
                "clumpak/clumpakOutput/K=4/MajorCluster/CLUMPP.files/ClumppIndFile.output",
                "clumpak/clumpakOutput/K=4/MajorCluster/CLUMPP.files/ClumppPopFile",
                "clumpak/clumpakOutput/K=4/MajorCluster/CLUMPP.files/FilesToIndex",
                "clumpak/clumpakOutput/K=4/MajorCluster/CLUMPP.files/clumpp.paramfile",
                "clumpak/clumpakOutput/K=4/MajorCluster/clusterFiles",
                "clumpak/clumpakOutput/K=4/MajorCluster/distructOutput.pdf",
                "clumpak/clumpakOutput/K=4/MajorCluster/distructOutput.png",
                "clumpak/clumpakOutput/K=4/MajorCluster/distructOutput.ps",
                "clumpak/clumpakOutput/K=4/MajorCluster/distructOutput.sh",
                "clumpak/clumpakOutput/K=4/MajorCluster/drawparams",
                "clumpak/clumpakOutput/K=5",
                "clumpak/clumpakOutput/K=5.MajorCluster.png",
                "clumpak/clumpakOutput/K=5/CLUMPP.files",
                "clumpak/clumpakOutput/K=5/CLUMPP.files/ClumppCommands.sh",
                "clumpak/clumpakOutput/K=5/CLUMPP.files/ClumppIndFile",
                "clumpak/clumpakOutput/K=5/CLUMPP.files/ClumppIndFile.misc",
                "clumpak/clumpakOutput/K=5/CLUMPP.files/ClumppIndFile.output",
                "clumpak/clumpakOutput/K=5/CLUMPP.files/ClumppPairMatrix",
                "clumpak/clumpakOutput/K=5/CLUMPP.files/FilesToIndex",
                "clumpak/clumpakOutput/K=5/CLUMPP.files/clumpp.paramfile",
                "clumpak/clumpakOutput/K=5/MCL.files",
                "clumpak/clumpakOutput/K=5/MCL.files/MCL.clusters",
                "clumpak/clumpakOutput/K=5/MCL.files/MCL.out",
                "clumpak/clumpakOutput/K=5/MCL.files/clumppPairMatrixChoped",
                "clumpak/clumpakOutput/K=5/MCL.files/mcxtable",
                "clumpak/clumpakOutput/K=5/MajorCluster",
                "clumpak/clumpakOutput/K=5/MajorCluster/CLUMPP.files",
                "clumpak/clumpakOutput/K=5/MajorCluster/CLUMPP.files/ClumppCommands.sh",
                "clumpak/clumpakOutput/K=5/MajorCluster/CLUMPP.files/ClumppIndFile",
                "clumpak/clumpakOutput/K=5/MajorCluster/CLUMPP.files/ClumppIndFile.misc",
                "clumpak/clumpakOutput/K=5/MajorCluster/CLUMPP.files/ClumppIndFile.output",
                "clumpak/clumpakOutput/K=5/MajorCluster/CLUMPP.files/ClumppPopFile",
                "clumpak/clumpakOutput/K=5/MajorCluster/CLUMPP.files/FilesToIndex",
                "clumpak/clumpakOutput/K=5/MajorCluster/CLUMPP.files/clumpp.paramfile",
                "clumpak/clumpakOutput/K=5/MajorCluster/clusterFiles",
                "clumpak/clumpakOutput/K=5/MajorCluster/distructOutput.pdf",
                "clumpak/clumpakOutput/K=5/MajorCluster/distructOutput.png",
                "clumpak/clumpakOutput/K=5/MajorCluster/distructOutput.ps",
                "clumpak/clumpakOutput/K=5/MajorCluster/distructOutput.sh",
                "clumpak/clumpakOutput/K=5/MajorCluster/drawparams",
                "clumpak/clumpakOutput/K=6",
                "clumpak/clumpakOutput/K=6.MajorCluster.png",
                "clumpak/clumpakOutput/K=6/CLUMPP.files",
                "clumpak/clumpakOutput/K=6/CLUMPP.files/ClumppCommands.sh",
                "clumpak/clumpakOutput/K=6/CLUMPP.files/ClumppIndFile",
                "clumpak/clumpakOutput/K=6/CLUMPP.files/ClumppIndFile.misc",
                "clumpak/clumpakOutput/K=6/CLUMPP.files/ClumppIndFile.output",
                "clumpak/clumpakOutput/K=6/CLUMPP.files/ClumppPairMatrix",
                "clumpak/clumpakOutput/K=6/CLUMPP.files/FilesToIndex",
                "clumpak/clumpakOutput/K=6/CLUMPP.files/clumpp.paramfile",
                "clumpak/clumpakOutput/K=6/MCL.files",
                "clumpak/clumpakOutput/K=6/MCL.files/MCL.clusters",
                "clumpak/clumpakOutput/K=6/MCL.files/MCL.out",
                "clumpak/clumpakOutput/K=6/MCL.files/clumppPairMatrixChoped",
                "clumpak/clumpakOutput/K=6/MCL.files/mcxtable",
                "clumpak/clumpakOutput/K=6/MajorCluster",
                "clumpak/clumpakOutput/K=6/MajorCluster/CLUMPP.files",
                "clumpak/clumpakOutput/K=6/MajorCluster/CLUMPP.files/ClumppCommands.sh",
                "clumpak/clumpakOutput/K=6/MajorCluster/CLUMPP.files/ClumppIndFile",
                "clumpak/clumpakOutput/K=6/MajorCluster/CLUMPP.files/ClumppIndFile.misc",
                "clumpak/clumpakOutput/K=6/MajorCluster/CLUMPP.files/ClumppIndFile.output",
                "clumpak/clumpakOutput/K=6/MajorCluster/CLUMPP.files/ClumppPopFile",
                "clumpak/clumpakOutput/K=6/MajorCluster/CLUMPP.files/FilesToIndex",
                "clumpak/clumpakOutput/K=6/MajorCluster/CLUMPP.files/clumpp.paramfile",
                "clumpak/clumpakOutput/K=6/MajorCluster/clusterFiles",
                "clumpak/clumpakOutput/K=6/MajorCluster/distructOutput.pdf",
                "clumpak/clumpakOutput/K=6/MajorCluster/distructOutput.png",
                "clumpak/clumpakOutput/K=6/MajorCluster/distructOutput.ps",
                "clumpak/clumpakOutput/K=6/MajorCluster/distructOutput.sh",
                "clumpak/clumpakOutput/K=6/MajorCluster/drawparams",
                "clumpak/clumpakOutput/converted.input.files",
                "clumpak/clumpakOutput/converted.input.files/test_filtered.1_0.Q.converted",
                "clumpak/clumpakOutput/converted.input.files/test_filtered.1_1.Q.converted",
                "clumpak/clumpakOutput/converted.input.files/test_filtered.1_2.Q.converted",
                "clumpak/clumpakOutput/converted.input.files/test_filtered.1_3.Q.converted",
                "clumpak/clumpakOutput/converted.input.files/test_filtered.2_0.Q.converted",
                "clumpak/clumpakOutput/converted.input.files/test_filtered.2_1.Q.converted",
                "clumpak/clumpakOutput/converted.input.files/test_filtered.2_2.Q.converted",
                "clumpak/clumpakOutput/converted.input.files/test_filtered.2_3.Q.converted",
                "clumpak/clumpakOutput/converted.input.files/test_filtered.3_0.Q.converted",
                "clumpak/clumpakOutput/converted.input.files/test_filtered.3_1.Q.converted",
                "clumpak/clumpakOutput/converted.input.files/test_filtered.3_2.Q.converted",
                "clumpak/clumpakOutput/converted.input.files/test_filtered.3_3.Q.converted",
                "clumpak/clumpakOutput/converted.input.files/test_filtered.4_0.Q.converted",
                "clumpak/clumpakOutput/converted.input.files/test_filtered.4_1.Q.converted",
                "clumpak/clumpakOutput/converted.input.files/test_filtered.4_2.Q.converted",
                "clumpak/clumpakOutput/converted.input.files/test_filtered.4_3.Q.converted",
                "clumpak/clumpakOutput/converted.input.files/test_filtered.5_0.Q.converted",
                "clumpak/clumpakOutput/converted.input.files/test_filtered.5_1.Q.converted",
                "clumpak/clumpakOutput/converted.input.files/test_filtered.5_2.Q.converted",
                "clumpak/clumpakOutput/converted.input.files/test_filtered.5_3.Q.converted",
                "clumpak/clumpakOutput/converted.input.files/test_filtered.6_0.Q.converted",
                "clumpak/clumpakOutput/converted.input.files/test_filtered.6_1.Q.converted",
                "clumpak/clumpakOutput/converted.input.files/test_filtered.6_2.Q.converted",
                "clumpak/clumpakOutput/converted.input.files/test_filtered.6_3.Q.converted",
                "clumpak/clumpakOutput/detectedModesSummery.log",
                "clumpak/clumpakOutput/images_to_display.dat",
                "clumpak/clumpakOutput/input.files",
                "clumpak/clumpakOutput/input.files/test_filtered.1_0.Q",
                "clumpak/clumpakOutput/input.files/test_filtered.1_1.Q",
                "clumpak/clumpakOutput/input.files/test_filtered.1_2.Q",
                "clumpak/clumpakOutput/input.files/test_filtered.1_3.Q",
                "clumpak/clumpakOutput/input.files/test_filtered.2_0.Q",
                "clumpak/clumpakOutput/input.files/test_filtered.2_1.Q",
                "clumpak/clumpakOutput/input.files/test_filtered.2_2.Q",
                "clumpak/clumpakOutput/input.files/test_filtered.2_3.Q",
                "clumpak/clumpakOutput/input.files/test_filtered.3_0.Q",
                "clumpak/clumpakOutput/input.files/test_filtered.3_1.Q",
                "clumpak/clumpakOutput/input.files/test_filtered.3_2.Q",
                "clumpak/clumpakOutput/input.files/test_filtered.3_3.Q",
                "clumpak/clumpakOutput/input.files/test_filtered.4_0.Q",
                "clumpak/clumpakOutput/input.files/test_filtered.4_1.Q",
                "clumpak/clumpakOutput/input.files/test_filtered.4_2.Q",
                "clumpak/clumpakOutput/input.files/test_filtered.4_3.Q",
                "clumpak/clumpakOutput/input.files/test_filtered.5_0.Q",
                "clumpak/clumpakOutput/input.files/test_filtered.5_1.Q",
                "clumpak/clumpakOutput/input.files/test_filtered.5_2.Q",
                "clumpak/clumpakOutput/input.files/test_filtered.5_3.Q",
                "clumpak/clumpakOutput/input.files/test_filtered.6_0.Q",
                "clumpak/clumpakOutput/input.files/test_filtered.6_1.Q",
                "clumpak/clumpakOutput/input.files/test_filtered.6_2.Q",
                "clumpak/clumpakOutput/input.files/test_filtered.6_3.Q",
                "clumpak/clumpakOutput/output.log",
                "clumpak/clumpakOutput/output_files.dat",
                "cvsum",
                "cvsum/cv_file.MajClust.png",
                "cvsum/cv_output.txt",
                "cvsum/ll_output.txt",
                "cvsum/loglikelihood_file.MajClust.png",
                "distruct",
                "distruct/K1.pdf",
                "distruct/K2.pdf",
                "distruct/K3.pdf",
                "distruct/K4.pdf",
                "distruct/K5.pdf",
                "distruct/K6.pdf",
                "distruct/MajorClusterRuns.txt",
                "distruct/clumpakOutput",
                "distruct/clumpakOutput/best_results",
                "distruct/clumpakOutput/best_results/AdmixturePopIdToPopName",
                "distruct/clumpakOutput/best_results/ClumppIndFile.output.1",
                "distruct/clumpakOutput/best_results/ClumppIndFile.output.2",
                "distruct/clumpakOutput/best_results/ClumppIndFile.output.3",
                "distruct/clumpakOutput/best_results/ClumppIndFile.output.4",
                "distruct/clumpakOutput/best_results/ClumppIndFile.output.5",
                "distruct/clumpakOutput/best_results/ClumppIndFile.output.6",
                "distruct/clumpakOutput/best_results/ClumppPopFile.1",
                "distruct/clumpakOutput/best_results/ClumppPopFile.2",
                "distruct/clumpakOutput/best_results/ClumppPopFile.3",
                "distruct/clumpakOutput/best_results/ClumppPopFile.4",
                "distruct/clumpakOutput/best_results/ClumppPopFile.5",
                "distruct/clumpakOutput/best_results/ClumppPopFile.6",
                "distruct/clumpakOutput/best_results/K1.ps",
                "distruct/clumpakOutput/best_results/K2.ps",
                "distruct/clumpakOutput/best_results/K3.ps",
                "distruct/clumpakOutput/best_results/K4.ps",
                "distruct/clumpakOutput/best_results/K5.ps",
                "distruct/clumpakOutput/best_results/K6.ps",
                "distruct/clumpakOutput/best_results/drawparams.1",
                "distruct/clumpakOutput/best_results/drawparams.2",
                "distruct/clumpakOutput/best_results/drawparams.3",
                "distruct/clumpakOutput/best_results/drawparams.4",
                "distruct/clumpakOutput/best_results/drawparams.5",
                "distruct/clumpakOutput/best_results/drawparams.6",
                "distruct/cvRuns.json",
                "distruct/cv_file.MajClust.txt",
                "distruct/loglikelihood_file.MajClust.txt",
                "distruct/qfilePaths.json",
                "evaladmix",
                "evaladmix/1.png",
                "evaladmix/2.png",
                "evaladmix/3.png",
                "evaladmix/4.png",
                "evaladmix/5.png",
                "evaladmix/6.png",
                "evaladmix/test_filtered.1_0.corres",
                "evaladmix/test_filtered.1_0.corres.png",
                "evaladmix/test_filtered.1_1.corres",
                "evaladmix/test_filtered.1_1.corres.png",
                "evaladmix/test_filtered.1_2.corres",
                "evaladmix/test_filtered.1_2.corres.png",
                "evaladmix/test_filtered.1_3.corres",
                "evaladmix/test_filtered.1_3.corres.png",
                "evaladmix/test_filtered.2_0.corres",
                "evaladmix/test_filtered.2_0.corres.png",
                "evaladmix/test_filtered.2_1.corres",
                "evaladmix/test_filtered.2_1.corres.png",
                "evaladmix/test_filtered.2_2.corres",
                "evaladmix/test_filtered.2_2.corres.png",
                "evaladmix/test_filtered.2_3.corres",
                "evaladmix/test_filtered.2_3.corres.png",
                "evaladmix/test_filtered.3_0.corres",
                "evaladmix/test_filtered.3_0.corres.png",
                "evaladmix/test_filtered.3_1.corres",
                "evaladmix/test_filtered.3_1.corres.png",
                "evaladmix/test_filtered.3_2.corres",
                "evaladmix/test_filtered.3_2.corres.png",
                "evaladmix/test_filtered.3_3.corres",
                "evaladmix/test_filtered.3_3.corres.png",
                "evaladmix/test_filtered.4_0.corres",
                "evaladmix/test_filtered.4_0.corres.png",
                "evaladmix/test_filtered.4_1.corres",
                "evaladmix/test_filtered.4_1.corres.png",
                "evaladmix/test_filtered.4_2.corres",
                "evaladmix/test_filtered.4_2.corres.png",
                "evaladmix/test_filtered.4_3.corres",
                "evaladmix/test_filtered.4_3.corres.png",
                "evaladmix/test_filtered.5_0.corres",
                "evaladmix/test_filtered.5_0.corres.png",
                "evaladmix/test_filtered.5_1.corres",
                "evaladmix/test_filtered.5_1.corres.png",
                "evaladmix/test_filtered.5_2.corres",
                "evaladmix/test_filtered.5_2.corres.png",
                "evaladmix/test_filtered.5_3.corres",
                "evaladmix/test_filtered.5_3.corres.png",
                "evaladmix/test_filtered.6_0.corres",
                "evaladmix/test_filtered.6_0.corres.png",
                "evaladmix/test_filtered.6_1.corres",
                "evaladmix/test_filtered.6_1.corres.png",
                "evaladmix/test_filtered.6_2.corres",
                "evaladmix/test_filtered.6_2.corres.png",
                "evaladmix/test_filtered.6_3.corres",
                "evaladmix/test_filtered.6_3.corres.png",
                "evaladmix/test_filtered.fam",
                "evanno",
                "evanno/evanno_metrics.tsv",
                "pipeline_info",
                "pipeline_info/admixpipe_software_mqc_versions.yml",
                "report",
                "report/admixture_allk_mqc.html",
                "report/admixture_bestk_mqc.html",
                "report/admixture_spatial.tsv",
                "report/admixture_spatial_mqc.html",
                "report/admixture_spatial_multik_mqc.html",
                "report/cvplot_mqc.html",
                "report/evaladmix_allk_mqc.html",
                "report/evaladmix_bestk_mqc.html",
                "report/evanno_mqc.html",
                "report/geo_data_files",
                "report/geo_data_files/config.json",
                "report/geo_data_files/streams.gpkg",
                "report/multiqc_data",
                "report/multiqc_data/llms-full.txt",
                "report/multiqc_data/multiqc.log",
                "report/multiqc_data/multiqc.parquet",
                "report/multiqc_data/multiqc_citations.txt",
                "report/multiqc_data/multiqc_data.json",
                "report/multiqc_data/multiqc_pop_summary.txt",
                "report/multiqc_data/multiqc_sample_summary.txt",
                "report/multiqc_data/multiqc_software_versions.txt",
                "report/multiqc_data/multiqc_sources.txt",
                "report/multiqc_report.html",
                "report/pairwise_fst_mqc.html",
                "report/pop_summary_mqc.json",
                "report/sample_summary_mqc.json",
                "report/sankey_mqc.html",
                "report/snpio_pca_mqc.html",
                "report/test.samples.txt",
                "report/test_filtered.samples.txt",
                "snpio",
                "snpio/snpio_filter",
                "snpio/snpio_filter/filtered_output",
                "snpio/snpio_filter/filtered_output/reports",
                "snpio/snpio_filter/filtered_output/reports/nremover",
                "snpio/snpio_filter/filtered_output/reports/nremover/missingness",
                "snpio/snpio_filter/multiqc",
                "snpio/snpio_filter/multiqc/multiqc_report.html",
                "snpio/snpio_filter/multiqc/multiqc_report_data",
                "snpio/snpio_filter/multiqc/multiqc_report_data/allele_summary_Allelic_Spectrum_HWE.txt",
                "snpio/snpio_filter/multiqc/multiqc_report_data/allele_summary_Heterozygosity.txt",
                "snpio/snpio_filter/multiqc/multiqc_report_data/allele_summary_MAF_Summary_Spectrum.txt",
                "snpio/snpio_filter/multiqc/multiqc_report_data/allele_summary_Missingness.txt",
                "snpio/snpio_filter/multiqc/multiqc_report_data/individual_missingness.txt",
                "snpio/snpio_filter/multiqc/multiqc_report_data/llms-full.txt",
                "snpio/snpio_filter/multiqc/multiqc_report_data/locus_missingness.txt",
                "snpio/snpio_filter/multiqc/multiqc_report_data/missing_summary_Percent-1.txt",
                "snpio/snpio_filter/multiqc/multiqc_report_data/missing_summary_Percent.txt",
                "snpio/snpio_filter/multiqc/multiqc_report_data/missing_summary_Proportion-1.txt",
                "snpio/snpio_filter/multiqc/multiqc_report_data/missing_summary_Proportion.txt",
                "snpio/snpio_filter/multiqc/multiqc_report_data/multiqc.parquet",
                "snpio/snpio_filter/multiqc/multiqc_report_data/multiqc_citations.txt",
                "snpio/snpio_filter/multiqc/multiqc_report_data/multiqc_data.json",
                "snpio/snpio_filter/multiqc/multiqc_report_data/multiqc_individual_missingness-2_table.txt",
                "snpio/snpio_filter/multiqc/multiqc_report_data/multiqc_individual_missingness_table.txt",
                "snpio/snpio_filter/multiqc/multiqc_report_data/multiqc_locus_missingness-2_table.txt",
                "snpio/snpio_filter/multiqc/multiqc_report_data/multiqc_population_locus_missingness-2_table.txt",
                "snpio/snpio_filter/multiqc/multiqc_report_data/multiqc_population_missingness-2_table.txt",
                "snpio/snpio_filter/multiqc/multiqc_report_data/multiqc_population_missingness_table.txt",
                "snpio/snpio_filter/multiqc/multiqc_report_data/multiqc_sources.txt",
                "snpio/snpio_filter/multiqc/multiqc_report_data/population_counts_Count.txt",
                "snpio/snpio_filter/multiqc/multiqc_report_data/population_counts_Percentage.txt",
                "snpio/snpio_filter/multiqc/multiqc_report_data/population_locus_missingness.txt",
                "snpio/snpio_filter/multiqc/multiqc_report_data/population_missingness.txt",
                "snpio/snpio_filter/multiqc/multiqc_report_data/wc_fst_permutation_observed.txt",
                "snpio/snpio_filter/multiqc/multiqc_report_data/wc_fst_permutation_pvalues.txt",
                "snpio/snpio_filter/test.filter.vcf.gz",
                "snpio/snpio_filter/test.filter.vcf.gz.tbi",
                "snpio/snpio_filter/test_output",
                "snpio/snpio_filter/test_output/data",
                "snpio/snpio_filter/test_output/data/vcf",
                "snpio/snpio_filter/test_output/data/vcf/nremover",
                "snpio/snpio_filter/test_output/data/vcf/vcf_attributes.h5",
                "snpio/snpio_filter/test_output/logs",
                "snpio/snpio_filter/test_output/logs/snpio.analysis.allele_summary_stats.log",
                "snpio/snpio_filter/test_output/logs/snpio.analysis.genotype_encoder.log",
                "snpio/snpio_filter/test_output/logs/snpio.io.vcf_reader.log",
                "snpio/snpio_filter/test_output/logs/snpio.plotting.plotting.log",
                "snpio/snpio_filter/test_output/logs/snpio.popgenstats.fst_distance.log",
                "snpio/snpio_filter/test_output/logs/snpio.popgenstats.pop_gen_statistics.log",
                "snpio/snpio_filter/test_output/logs/snpio.popgenstats.summary_statistics.log",
                "snpio/snpio_filter/test_output/logs/snpio.read_input.genotype_data.log",
                "snpio/snpio_filter/test_output/logs/snpio.read_input.genotype_data_base.log",
                "snpio/snpio_filter/test_output/plots",
                "snpio/snpio_filter/test_output/plots/nremover",
                "snpio/snpio_filter/test_output/plots/nremover/filtering",
                "snpio/snpio_filter/test_output/plots/nremover/filtering/filtering_results_sankey_mqc.html",
                "snpio/snpio_filter/test_output/plots/nremover/pca",
                "snpio/snpio_filter/test_output/plots/nremover/pca/pca_missingness.html",
                "snpio/snpio_filter/test_output/reports",
                "snpio/snpio_filter/test_output/reports/missingness",
                "snpio/snpio_filter/test_output/reports/missingness/locus_missingness.tsv.gz",
                "snpio/snpio_filter/test_output/reports/missingness/population_locus_missingness.tsv.gz",
                "snpio/snpio_filter/test_output/reports/nremover",
                "snpio/snpio_filter/test_output/reports/nremover/fst",
                "snpio/snpio_filter/test_output/reports/nremover/fst/Fst_permutation_dist_NCCFE_NCCOT.json",
                "snpio/snpio_filter/test_output/reports/nremover/fst/Fst_permutation_dist_NCCFE_NCESG.json",
                "snpio/snpio_filter/test_output/reports/nremover/fst/Fst_permutation_dist_NCCFE_NNAME.json",
                "snpio/snpio_filter/test_output/reports/nremover/fst/Fst_permutation_dist_NCCFE_NNDUN.json",
                "snpio/snpio_filter/test_output/reports/nremover/fst/Fst_permutation_dist_NCCFE_NNECW.json",
                "snpio/snpio_filter/test_output/reports/nremover/fst/Fst_permutation_dist_NCCFE_NNIOL.json",
                "snpio/snpio_filter/test_output/reports/nremover/fst/Fst_permutation_dist_NCCFE_NNLAB.json",
                "snpio/snpio_filter/test_output/reports/nremover/fst/Fst_permutation_dist_NCCFE_NNMIA.json",
                "snpio/snpio_filter/test_output/reports/nremover/fst/Fst_permutation_dist_NCCFE_NNRAP.json",
                "snpio/snpio_filter/test_output/reports/nremover/fst/Fst_permutation_dist_NCCFE_NNROY.json",
                "snpio/snpio_filter/test_output/reports/nremover/fst/Fst_permutation_dist_NCCFE_NNSTP.json",
                "snpio/snpio_filter/test_output/reports/nremover/fst/Fst_permutation_dist_NCCFE_NSMCP.json",
                "snpio/snpio_filter/test_output/reports/nremover/fst/Fst_permutation_dist_NCCFE_NSWAC.json",
                "snpio/snpio_filter/test_output/reports/nremover/fst/Fst_permutation_dist_NCCOT_NCESG.json",
                "snpio/snpio_filter/test_output/reports/nremover/fst/Fst_permutation_dist_NCCOT_NNAME.json",
                "snpio/snpio_filter/test_output/reports/nremover/fst/Fst_permutation_dist_NCCOT_NNDUN.json",
                "snpio/snpio_filter/test_output/reports/nremover/fst/Fst_permutation_dist_NCCOT_NNECW.json",
                "snpio/snpio_filter/test_output/reports/nremover/fst/Fst_permutation_dist_NCCOT_NNIOL.json",
                "snpio/snpio_filter/test_output/reports/nremover/fst/Fst_permutation_dist_NCCOT_NNLAB.json",
                "snpio/snpio_filter/test_output/reports/nremover/fst/Fst_permutation_dist_NCCOT_NNMIA.json",
                "snpio/snpio_filter/test_output/reports/nremover/fst/Fst_permutation_dist_NCCOT_NNRAP.json",
                "snpio/snpio_filter/test_output/reports/nremover/fst/Fst_permutation_dist_NCCOT_NNROY.json",
                "snpio/snpio_filter/test_output/reports/nremover/fst/Fst_permutation_dist_NCCOT_NNSTP.json",
                "snpio/snpio_filter/test_output/reports/nremover/fst/Fst_permutation_dist_NCCOT_NSMCP.json",
                "snpio/snpio_filter/test_output/reports/nremover/fst/Fst_permutation_dist_NCCOT_NSWAC.json",
                "snpio/snpio_filter/test_output/reports/nremover/fst/Fst_permutation_dist_NCESG_NNAME.json",
                "snpio/snpio_filter/test_output/reports/nremover/fst/Fst_permutation_dist_NCESG_NNDUN.json",
                "snpio/snpio_filter/test_output/reports/nremover/fst/Fst_permutation_dist_NCESG_NNECW.json",
                "snpio/snpio_filter/test_output/reports/nremover/fst/Fst_permutation_dist_NCESG_NNIOL.json",
                "snpio/snpio_filter/test_output/reports/nremover/fst/Fst_permutation_dist_NCESG_NNLAB.json",
                "snpio/snpio_filter/test_output/reports/nremover/fst/Fst_permutation_dist_NCESG_NNMIA.json",
                "snpio/snpio_filter/test_output/reports/nremover/fst/Fst_permutation_dist_NCESG_NNRAP.json",
                "snpio/snpio_filter/test_output/reports/nremover/fst/Fst_permutation_dist_NCESG_NNROY.json",
                "snpio/snpio_filter/test_output/reports/nremover/fst/Fst_permutation_dist_NCESG_NNSTP.json",
                "snpio/snpio_filter/test_output/reports/nremover/fst/Fst_permutation_dist_NCESG_NSMCP.json",
                "snpio/snpio_filter/test_output/reports/nremover/fst/Fst_permutation_dist_NCESG_NSWAC.json",
                "snpio/snpio_filter/test_output/reports/nremover/fst/Fst_permutation_dist_NNAME_NNDUN.json",
                "snpio/snpio_filter/test_output/reports/nremover/fst/Fst_permutation_dist_NNAME_NNECW.json",
                "snpio/snpio_filter/test_output/reports/nremover/fst/Fst_permutation_dist_NNAME_NNIOL.json",
                "snpio/snpio_filter/test_output/reports/nremover/fst/Fst_permutation_dist_NNAME_NNLAB.json",
                "snpio/snpio_filter/test_output/reports/nremover/fst/Fst_permutation_dist_NNAME_NNMIA.json",
                "snpio/snpio_filter/test_output/reports/nremover/fst/Fst_permutation_dist_NNAME_NNRAP.json",
                "snpio/snpio_filter/test_output/reports/nremover/fst/Fst_permutation_dist_NNAME_NNROY.json",
                "snpio/snpio_filter/test_output/reports/nremover/fst/Fst_permutation_dist_NNAME_NNSTP.json",
                "snpio/snpio_filter/test_output/reports/nremover/fst/Fst_permutation_dist_NNAME_NSMCP.json",
                "snpio/snpio_filter/test_output/reports/nremover/fst/Fst_permutation_dist_NNAME_NSWAC.json",
                "snpio/snpio_filter/test_output/reports/nremover/fst/Fst_permutation_dist_NNDUN_NNECW.json",
                "snpio/snpio_filter/test_output/reports/nremover/fst/Fst_permutation_dist_NNDUN_NNIOL.json",
                "snpio/snpio_filter/test_output/reports/nremover/fst/Fst_permutation_dist_NNDUN_NNLAB.json",
                "snpio/snpio_filter/test_output/reports/nremover/fst/Fst_permutation_dist_NNDUN_NNMIA.json",
                "snpio/snpio_filter/test_output/reports/nremover/fst/Fst_permutation_dist_NNDUN_NNRAP.json",
                "snpio/snpio_filter/test_output/reports/nremover/fst/Fst_permutation_dist_NNDUN_NNROY.json",
                "snpio/snpio_filter/test_output/reports/nremover/fst/Fst_permutation_dist_NNDUN_NNSTP.json",
                "snpio/snpio_filter/test_output/reports/nremover/fst/Fst_permutation_dist_NNDUN_NSMCP.json",
                "snpio/snpio_filter/test_output/reports/nremover/fst/Fst_permutation_dist_NNDUN_NSWAC.json",
                "snpio/snpio_filter/test_output/reports/nremover/fst/Fst_permutation_dist_NNECW_NNIOL.json",
                "snpio/snpio_filter/test_output/reports/nremover/fst/Fst_permutation_dist_NNECW_NNLAB.json",
                "snpio/snpio_filter/test_output/reports/nremover/fst/Fst_permutation_dist_NNECW_NNMIA.json",
                "snpio/snpio_filter/test_output/reports/nremover/fst/Fst_permutation_dist_NNECW_NNRAP.json",
                "snpio/snpio_filter/test_output/reports/nremover/fst/Fst_permutation_dist_NNECW_NNROY.json",
                "snpio/snpio_filter/test_output/reports/nremover/fst/Fst_permutation_dist_NNECW_NNSTP.json",
                "snpio/snpio_filter/test_output/reports/nremover/fst/Fst_permutation_dist_NNECW_NSMCP.json",
                "snpio/snpio_filter/test_output/reports/nremover/fst/Fst_permutation_dist_NNECW_NSWAC.json",
                "snpio/snpio_filter/test_output/reports/nremover/fst/Fst_permutation_dist_NNIOL_NNLAB.json",
                "snpio/snpio_filter/test_output/reports/nremover/fst/Fst_permutation_dist_NNIOL_NNMIA.json",
                "snpio/snpio_filter/test_output/reports/nremover/fst/Fst_permutation_dist_NNIOL_NNRAP.json",
                "snpio/snpio_filter/test_output/reports/nremover/fst/Fst_permutation_dist_NNIOL_NNROY.json",
                "snpio/snpio_filter/test_output/reports/nremover/fst/Fst_permutation_dist_NNIOL_NNSTP.json",
                "snpio/snpio_filter/test_output/reports/nremover/fst/Fst_permutation_dist_NNIOL_NSMCP.json",
                "snpio/snpio_filter/test_output/reports/nremover/fst/Fst_permutation_dist_NNIOL_NSWAC.json",
                "snpio/snpio_filter/test_output/reports/nremover/fst/Fst_permutation_dist_NNLAB_NNMIA.json",
                "snpio/snpio_filter/test_output/reports/nremover/fst/Fst_permutation_dist_NNLAB_NNRAP.json",
                "snpio/snpio_filter/test_output/reports/nremover/fst/Fst_permutation_dist_NNLAB_NNROY.json",
                "snpio/snpio_filter/test_output/reports/nremover/fst/Fst_permutation_dist_NNLAB_NNSTP.json",
                "snpio/snpio_filter/test_output/reports/nremover/fst/Fst_permutation_dist_NNLAB_NSMCP.json",
                "snpio/snpio_filter/test_output/reports/nremover/fst/Fst_permutation_dist_NNLAB_NSWAC.json",
                "snpio/snpio_filter/test_output/reports/nremover/fst/Fst_permutation_dist_NNMIA_NNRAP.json",
                "snpio/snpio_filter/test_output/reports/nremover/fst/Fst_permutation_dist_NNMIA_NNROY.json",
                "snpio/snpio_filter/test_output/reports/nremover/fst/Fst_permutation_dist_NNMIA_NNSTP.json",
                "snpio/snpio_filter/test_output/reports/nremover/fst/Fst_permutation_dist_NNMIA_NSMCP.json",
                "snpio/snpio_filter/test_output/reports/nremover/fst/Fst_permutation_dist_NNMIA_NSWAC.json",
                "snpio/snpio_filter/test_output/reports/nremover/fst/Fst_permutation_dist_NNRAP_NNROY.json",
                "snpio/snpio_filter/test_output/reports/nremover/fst/Fst_permutation_dist_NNRAP_NNSTP.json",
                "snpio/snpio_filter/test_output/reports/nremover/fst/Fst_permutation_dist_NNRAP_NSMCP.json",
                "snpio/snpio_filter/test_output/reports/nremover/fst/Fst_permutation_dist_NNRAP_NSWAC.json",
                "snpio/snpio_filter/test_output/reports/nremover/fst/Fst_permutation_dist_NNROY_NNSTP.json",
                "snpio/snpio_filter/test_output/reports/nremover/fst/Fst_permutation_dist_NNROY_NSMCP.json",
                "snpio/snpio_filter/test_output/reports/nremover/fst/Fst_permutation_dist_NNROY_NSWAC.json",
                "snpio/snpio_filter/test_output/reports/nremover/fst/Fst_permutation_dist_NNSTP_NSMCP.json",
                "snpio/snpio_filter/test_output/reports/nremover/fst/Fst_permutation_dist_NNSTP_NSWAC.json",
                "snpio/snpio_filter/test_output/reports/nremover/fst/Fst_permutation_dist_NSMCP_NSWAC.json",
                "snpio/snpio_filter/test_output/reports/nremover/genotype_encoding",
                "snpio/snpio_filter/test_output/reports/nremover/genotype_encoding/non_biallelic_sites_mqc.txt"
            ],
            [
                "admixturePipeline.json:md5,07e6c4713ae3bcd55432188d1efadde5",
                "test_filtered.1_0.P:md5,cd327dbaefc4f82eda1f343db91e8362",
                "test_filtered.1_0.Q:md5,4d50d3a7337422f432153b888a8754ef",
                "test_filtered.1_1.P:md5,cd327dbaefc4f82eda1f343db91e8362",
                "test_filtered.1_1.Q:md5,4d50d3a7337422f432153b888a8754ef",
                "test_filtered.1_2.P:md5,cd327dbaefc4f82eda1f343db91e8362",
                "test_filtered.1_2.Q:md5,4d50d3a7337422f432153b888a8754ef",
                "test_filtered.1_3.P:md5,cd327dbaefc4f82eda1f343db91e8362",
                "test_filtered.1_3.Q:md5,4d50d3a7337422f432153b888a8754ef",
                "test_filtered.2_0.P:md5,68f5bc1a6c5f301f49ee3efd472fd645",
                "test_filtered.2_0.Q:md5,9f6df41cb047e918e87948500bfc6626",
                "test_filtered.2_1.P:md5,7355e25e9db67adce6ff6e735b6b8fd2",
                "test_filtered.2_1.Q:md5,c195fe4ed860e62845d7ac4e37b9e466",
                "test_filtered.2_2.P:md5,17239a4ab7ddb8aa938d637f8714402a",
                "test_filtered.2_2.Q:md5,f2ab868e588515f3f86e9c069deea890",
                "test_filtered.2_3.P:md5,10a805adab7fd1a6523cd699983b95a6",
                "test_filtered.2_3.Q:md5,f7a4fcb19df87eb896344c7c833d3863",
                "test_filtered.3_0.P:md5,fced2600dc14bc89dcc3b8a0de747ee3",
                "test_filtered.3_0.Q:md5,f79912e9ab2896a25e0e3aaac696f352",
                "test_filtered.3_1.P:md5,5d9d3e34b450a2e4dd71bdd1feadc5a6",
                "test_filtered.3_1.Q:md5,4ee8f59ed8975232448a3531afeca9f8",
                "test_filtered.3_2.P:md5,8b6235aa9507c23730336b9b21674c80",
                "test_filtered.3_2.Q:md5,61d0a76297a929d32899efbe0315b770",
                "test_filtered.3_3.P:md5,ca2d2eb880aa40b99947fd115c692fff",
                "test_filtered.3_3.Q:md5,544b4ac289e3e9ea9d57fb47cfb4a22a",
                "test_filtered.4_0.P:md5,d5278adbd81f9f594e25c8cb51962c2b",
                "test_filtered.4_0.Q:md5,c43a6ec9257c25eb80a4e4fd1e2f8a1e",
                "test_filtered.4_1.P:md5,889f81cbc970541af000d785b7a3dd97",
                "test_filtered.4_1.Q:md5,fae16daa4a4a5d02a6e3c4a2c363e434",
                "test_filtered.4_2.P:md5,1248e12a71b2aab6f40524d344227eaf",
                "test_filtered.4_2.Q:md5,843cdca1068aab0f4fe5731b08fb0118",
                "test_filtered.4_3.P:md5,a9a4b4de8771b6bc8df6a590588c509e",
                "test_filtered.4_3.Q:md5,cf2e0a2b3190ffcdd93623d36e9f4a8c",
                "test_filtered.5_0.P:md5,868e1f7b11f0dd2566d7454affa99528",
                "test_filtered.5_0.Q:md5,d654775bd2e6fd52d0614d7c3f8fcd43",
                "test_filtered.5_1.P:md5,27ab5680d69c978199c33018af80f46c",
                "test_filtered.5_1.Q:md5,91f90591227b51d71b9502021fc80b00",
                "test_filtered.5_2.P:md5,8523f6e9ce2d16e1c3426b84b01767e8",
                "test_filtered.5_2.Q:md5,07ac232070d4bc4364a4d39afe6f0f32",
                "test_filtered.5_3.P:md5,a553ae6fd7d96a4deee6ea9cafc52a69",
                "test_filtered.5_3.Q:md5,2d3a5ab7db0260b1396c5a0e84bc7998",
                "test_filtered.6_0.P:md5,4a8037c6cb0ad84a326a76d5d03ede6e",
                "test_filtered.6_0.Q:md5,e261ac8e68bb4fe36a8d2d583ff17de3",
                "test_filtered.6_1.P:md5,6133146803050274c352f1ce7e189222",
                "test_filtered.6_1.Q:md5,94a14a7b2b38e6688db90a01e7bc5bf5",
                "test_filtered.6_2.P:md5,a9bc66ccdad13a7efd9d10da0c9135ea",
                "test_filtered.6_2.Q:md5,772d1886d38c4196aa9c34400545b7bb",
                "test_filtered.6_3.P:md5,c5f7f26554ea15b8d6d70aa9cdbf55c8",
                "test_filtered.6_3.Q:md5,571cc870f3e6f0d33b7148bd22b4bfa3",
                "test_filtered.map:md5,32abc54ec4331b14e374b269f1b939ee",
                "test_filtered.ped:md5,e41f6d576f32493d6d4501cd8eecf463",
                "test_filtered.qfiles.json:md5,cbee2c768d0231bb2307469a91ca00f6",
                "test_filtered_inds.txt:md5,fe8ffce7761505e0a1e2d71f030969c3",
                "test_filtered_pops.txt:md5,95fa44d964191c0f055746c21b5ae5ec",
                "bestK.txt:md5,6d7fce9fee471194aa8b5b6e47267f03",
                "best_clumpp_indfile.out:md5,80f6fc937263271fbdc7a63aae4c9712",
                "AdmixturePopIdToPopName:md5,7af6147f5c8cd5de9989c923614a47d4",
                "K=1.MajorCluster.png:md5,8e49a0d4e02990aa3c3cd458bd6b8d46",
                "ClumppIndFile.output:md5,3e6c74706c2dd4cd47069b446696c7a1",
                "MCL.clusters:md5,885e25565f0f4dcf9112c65e59622445",
                "MCL.out:md5,2733443bdde3d133aefb34e2511e7a4c",
                "mcxtable:md5,1804c4f63b781b3025998dcde638741e",
                "ClumppIndFile.output:md5,0fc33ffd2469e94d7cd62806cea0ccf8",
                "ClumppPopFile:md5,8c42dfe2b93186228393801c1832a4f3",
                "distructOutput.png:md5,8e49a0d4e02990aa3c3cd458bd6b8d46",
                "drawparams:md5,22afda78360984baf1bce7974987eeb1",
                "K=2.MajorCluster.png:md5,2389c587f52bc640c944b44f7ac3c11f",
                "ClumppIndFile.output:md5,224c7739222d6de5f1c22152d78e6fe6",
                "clumpp.paramfile:md5,7fbbebbe1a10828703bb23cdc4dcdfa7",
                "MCL.clusters:md5,885e25565f0f4dcf9112c65e59622445",
                "MCL.out:md5,37e63a56c7c5b1593e46c54a144282f7",
                "mcxtable:md5,1804c4f63b781b3025998dcde638741e",
                "ClumppIndFile.output:md5,3e72c2d2e487a07fcddc419a558756db",
                "ClumppPopFile:md5,047558ceeca4e660b2c1cbb8f7f2309d",
                "clumpp.paramfile:md5,7fbbebbe1a10828703bb23cdc4dcdfa7",
                "distructOutput.png:md5,2389c587f52bc640c944b44f7ac3c11f",
                "drawparams:md5,22afda78360984baf1bce7974987eeb1",
                "K=3.MajorCluster.png:md5,7ca1c8b3f866f1a9c6b690b1a78473ba",
                "ClumppIndFile.output:md5,cfa5bab6be9b20c7d9c753ff5c1c22fc",
                "clumpp.paramfile:md5,7fbbebbe1a10828703bb23cdc4dcdfa7",
                "MCL.clusters:md5,885e25565f0f4dcf9112c65e59622445",
                "MCL.out:md5,1ff2c9a8e7555ec4603470e65e22898b",
                "mcxtable:md5,1804c4f63b781b3025998dcde638741e",
                "ClumppIndFile.output:md5,80f6fc937263271fbdc7a63aae4c9712",
                "ClumppPopFile:md5,19c8a0f970595d25302a23a6e2117c1e",
                "clumpp.paramfile:md5,7fbbebbe1a10828703bb23cdc4dcdfa7",
                "distructOutput.png:md5,7ca1c8b3f866f1a9c6b690b1a78473ba",
                "drawparams:md5,22afda78360984baf1bce7974987eeb1",
                "K=4.MajorCluster.png:md5,ad1ad7f49b6fe66ea17c7398d7a36f79",
                "ClumppIndFile.output:md5,7f09445ae055f70d2f4c7f60d156d8a2",
                "clumpp.paramfile:md5,7fbbebbe1a10828703bb23cdc4dcdfa7",
                "MCL.clusters:md5,9f28ae442890f09b7e76b73ecc80485f",
                "MCL.out:md5,4dada478d474117faa3af3a67bc914de",
                "mcxtable:md5,1804c4f63b781b3025998dcde638741e",
                "ClumppIndFile.output:md5,4306cda8bb6a34838945fe905ad89c35",
                "ClumppPopFile:md5,77830b9cd5d6557fddbb3fbd77507da4",
                "clumpp.paramfile:md5,7fbbebbe1a10828703bb23cdc4dcdfa7",
                "distructOutput.png:md5,ad1ad7f49b6fe66ea17c7398d7a36f79",
                "drawparams:md5,22afda78360984baf1bce7974987eeb1",
                "K=5.MajorCluster.png:md5,8982258a223fe91e06b55b4ff8c40495",
                "ClumppIndFile.output:md5,7c851134084090b66579fcf566305fb0",
                "clumpp.paramfile:md5,7fbbebbe1a10828703bb23cdc4dcdfa7",
                "MCL.clusters:md5,9f28ae442890f09b7e76b73ecc80485f",
                "MCL.out:md5,2b15ed7d7f42fa1d1cd4be810c6d7962",
                "mcxtable:md5,1804c4f63b781b3025998dcde638741e",
                "ClumppIndFile.output:md5,de9809c9dc66c01c5828ebea88fa3bb6",
                "ClumppPopFile:md5,690d7eb0b621a2bdf8aa5af054906606",
                "clumpp.paramfile:md5,7fbbebbe1a10828703bb23cdc4dcdfa7",
                "distructOutput.png:md5,8982258a223fe91e06b55b4ff8c40495",
                "drawparams:md5,22afda78360984baf1bce7974987eeb1",
                "K=6.MajorCluster.png:md5,8e655bc34247f885243b32b92db6b916",
                "ClumppIndFile.output:md5,a9d2bce1b7db7140b5aa2a94e3001b68",
                "clumpp.paramfile:md5,7fbbebbe1a10828703bb23cdc4dcdfa7",
                "MCL.clusters:md5,b1cd14dcaa633b991aaf3d79a907df15",
                "MCL.out:md5,c9fc0eef492f0797ed0f16b29e8979b0",
                "mcxtable:md5,2eba22676f0f566015761b17690c1ac6",
                "ClumppIndFile.output:md5,bb258eaf5d11553f859bd235a361afad",
                "ClumppPopFile:md5,ac0bb5b5d010abec32018f514be67e0c",
                "clumpp.paramfile:md5,7fbbebbe1a10828703bb23cdc4dcdfa7",
                "distructOutput.png:md5,8e655bc34247f885243b32b92db6b916",
                "drawparams:md5,22afda78360984baf1bce7974987eeb1",
                "test_filtered.1_0.Q.converted:md5,3e6c74706c2dd4cd47069b446696c7a1",
                "test_filtered.1_1.Q.converted:md5,3e6c74706c2dd4cd47069b446696c7a1",
                "test_filtered.1_2.Q.converted:md5,3e6c74706c2dd4cd47069b446696c7a1",
                "test_filtered.1_3.Q.converted:md5,3e6c74706c2dd4cd47069b446696c7a1",
                "test_filtered.2_0.Q.converted:md5,9345cdf37af5c7241b19bfea4281a942",
                "test_filtered.2_1.Q.converted:md5,25116f3caf8320f3beff136cabfab67a",
                "test_filtered.2_2.Q.converted:md5,cecca1b6ae2a8fade1a409689e19f106",
                "test_filtered.2_3.Q.converted:md5,ceea420504f099ef3a64db491bced0b6",
                "test_filtered.3_0.Q.converted:md5,bfe836ff376e2a3e2a334fc9db42f6dc",
                "test_filtered.3_1.Q.converted:md5,f39097454855a058c27f724dcc3ef5dd",
                "test_filtered.3_2.Q.converted:md5,bebd48707c7af0e1efd5ab1bfedec691",
                "test_filtered.3_3.Q.converted:md5,a94af957c1c9be7615fb81893c8b29ce",
                "test_filtered.4_0.Q.converted:md5,d0533c76466dd3cbde5b2104c19397a9",
                "test_filtered.4_1.Q.converted:md5,3729dbf1541a4b9d27ec90530bcd1a09",
                "test_filtered.4_2.Q.converted:md5,dcb6e8edb3b088ffe9e389229868c4e9",
                "test_filtered.4_3.Q.converted:md5,fb21c8b4f13f05d6e7ada521c7c21f9f",
                "test_filtered.5_0.Q.converted:md5,4873259521f1d3c73f19783ce073f8e5",
                "test_filtered.5_1.Q.converted:md5,6cf77ede7d74cd464a3f46a2f038c74d",
                "test_filtered.5_2.Q.converted:md5,5746c74a3cb73e9ec6880973d58f0e2f",
                "test_filtered.5_3.Q.converted:md5,a7e697f38fbdfd3b285770aee4ba1782",
                "test_filtered.6_0.Q.converted:md5,15077bbc56e728cadcfdc8e73a9273bd",
                "test_filtered.6_1.Q.converted:md5,896cb940ab332bc89186d3851359d4f1",
                "test_filtered.6_2.Q.converted:md5,466495d7fb15ff2951d561ad44fbfd50",
                "test_filtered.6_3.Q.converted:md5,a18c1f9631e4156a6564db4b9637dd05",
                "detectedModesSummery.log:md5,307d07481dcd1dc8ec970cc353f54042",
                "images_to_display.dat:md5,1fd73109d29ff5aa7b41fb665ec4a303",
                "test_filtered.1_0.Q:md5,4d50d3a7337422f432153b888a8754ef",
                "test_filtered.1_1.Q:md5,4d50d3a7337422f432153b888a8754ef",
                "test_filtered.1_2.Q:md5,4d50d3a7337422f432153b888a8754ef",
                "test_filtered.1_3.Q:md5,4d50d3a7337422f432153b888a8754ef",
                "test_filtered.2_0.Q:md5,9f6df41cb047e918e87948500bfc6626",
                "test_filtered.2_1.Q:md5,c195fe4ed860e62845d7ac4e37b9e466",
                "test_filtered.2_2.Q:md5,f2ab868e588515f3f86e9c069deea890",
                "test_filtered.2_3.Q:md5,f7a4fcb19df87eb896344c7c833d3863",
                "test_filtered.3_0.Q:md5,f79912e9ab2896a25e0e3aaac696f352",
                "test_filtered.3_1.Q:md5,4ee8f59ed8975232448a3531afeca9f8",
                "test_filtered.3_2.Q:md5,61d0a76297a929d32899efbe0315b770",
                "test_filtered.3_3.Q:md5,544b4ac289e3e9ea9d57fb47cfb4a22a",
                "test_filtered.4_0.Q:md5,c43a6ec9257c25eb80a4e4fd1e2f8a1e",
                "test_filtered.4_1.Q:md5,fae16daa4a4a5d02a6e3c4a2c363e434",
                "test_filtered.4_2.Q:md5,843cdca1068aab0f4fe5731b08fb0118",
                "test_filtered.4_3.Q:md5,cf2e0a2b3190ffcdd93623d36e9f4a8c",
                "test_filtered.5_0.Q:md5,d654775bd2e6fd52d0614d7c3f8fcd43",
                "test_filtered.5_1.Q:md5,91f90591227b51d71b9502021fc80b00",
                "test_filtered.5_2.Q:md5,07ac232070d4bc4364a4d39afe6f0f32",
                "test_filtered.5_3.Q:md5,2d3a5ab7db0260b1396c5a0e84bc7998",
                "test_filtered.6_0.Q:md5,e261ac8e68bb4fe36a8d2d583ff17de3",
                "test_filtered.6_1.Q:md5,94a14a7b2b38e6688db90a01e7bc5bf5",
                "test_filtered.6_2.Q:md5,772d1886d38c4196aa9c34400545b7bb",
                "test_filtered.6_3.Q:md5,571cc870f3e6f0d33b7148bd22b4bfa3",
                "cv_file.MajClust.png:md5,1a6a63e3b43e58b037eef4d231b687e9",
                "cv_output.txt:md5,056766ecd9f233c56f8e07d2e8825322",
                "ll_output.txt:md5,e27fd28ef96687aeaf6bc7f32ade7019",
                "loglikelihood_file.MajClust.png:md5,7210b2c9b100c1afa594a339cbc9c744",
                "AdmixturePopIdToPopName:md5,7af6147f5c8cd5de9989c923614a47d4",
                "ClumppIndFile.output.1:md5,0fc33ffd2469e94d7cd62806cea0ccf8",
                "ClumppIndFile.output.2:md5,3e72c2d2e487a07fcddc419a558756db",
                "ClumppIndFile.output.3:md5,80f6fc937263271fbdc7a63aae4c9712",
                "ClumppIndFile.output.4:md5,4306cda8bb6a34838945fe905ad89c35",
                "ClumppIndFile.output.5:md5,de9809c9dc66c01c5828ebea88fa3bb6",
                "ClumppIndFile.output.6:md5,bb258eaf5d11553f859bd235a361afad",
                "ClumppPopFile.1:md5,8c42dfe2b93186228393801c1832a4f3",
                "ClumppPopFile.2:md5,047558ceeca4e660b2c1cbb8f7f2309d",
                "ClumppPopFile.3:md5,19c8a0f970595d25302a23a6e2117c1e",
                "ClumppPopFile.4:md5,77830b9cd5d6557fddbb3fbd77507da4",
                "ClumppPopFile.5:md5,690d7eb0b621a2bdf8aa5af054906606",
                "ClumppPopFile.6:md5,ac0bb5b5d010abec32018f514be67e0c",
                "K1.ps:md5,6775a6d83f16c3b10a87230e1675cad3",
                "K2.ps:md5,33cf84ed544dc28907dce3d876b44d1e",
                "K3.ps:md5,7043770e53e09529376b21ab900fce83",
                "K4.ps:md5,3997b8356999f97bae42a581f451833d",
                "K5.ps:md5,3b57c01283ed1a217d33f981c98e2200",
                "K6.ps:md5,0f88164445e7e22121347fb837868260",
                "drawparams.1:md5,033f258ce199ee40830532151b4a68dc",
                "drawparams.2:md5,4013fc68d096941e2ec40a0d67bf0179",
                "drawparams.3:md5,f65a23289331219e84c96b2608d8facf",
                "drawparams.4:md5,f5cfe55c7beae8972a95a46bb15d2f23",
                "drawparams.5:md5,94fc12c0d49c1340babe6c612891da6e",
                "drawparams.6:md5,55779270b2c51db7cdef735d5c1cfe7e",
                "1.png:md5,2d2fc8f19ff4dae79fb2f577100fc4b6",
                "2.png:md5,7b2b9d6ce80240f24c2ac1d4c503ffae",
                "3.png:md5,d2b315b239f69fa9421f997003343970",
                "4.png:md5,f53c0174f64cc9a17878d7594958166f",
                "5.png:md5,b821908b2ec180d857d06e905dc38bce",
                "6.png:md5,a1319dd4646bfb7b5ab1506f9edd8327",
                "test_filtered.1_0.corres:md5,b79d7fb97a6ddc2e4bdb68d09fd4654a",
                "test_filtered.1_0.corres.png:md5,70fb373bc5924ee3e8b5d8b901c6988c",
                "test_filtered.1_1.corres:md5,b79d7fb97a6ddc2e4bdb68d09fd4654a",
                "test_filtered.1_1.corres.png:md5,70fb373bc5924ee3e8b5d8b901c6988c",
                "test_filtered.1_2.corres:md5,b79d7fb97a6ddc2e4bdb68d09fd4654a",
                "test_filtered.1_2.corres.png:md5,70fb373bc5924ee3e8b5d8b901c6988c",
                "test_filtered.1_3.corres:md5,b79d7fb97a6ddc2e4bdb68d09fd4654a",
                "test_filtered.1_3.corres.png:md5,70fb373bc5924ee3e8b5d8b901c6988c",
                "test_filtered.2_0.corres:md5,0ea7092ede66efa7bd27dcc705a084d5",
                "test_filtered.2_0.corres.png:md5,7ce4eb1ebaf09d7d06631c3aacb5d986",
                "test_filtered.2_1.corres:md5,e4fce70030a4b317be8ec9bc22b7874b",
                "test_filtered.2_1.corres.png:md5,be34a09b14f46e25c9a6d0d29baef1fc",
                "test_filtered.2_2.corres:md5,07c455135323bb599fd648630b9f724e",
                "test_filtered.2_2.corres.png:md5,0f489d4b15426fd726a45168688fab30",
                "test_filtered.2_3.corres:md5,9def7a7660053d3c2cbd58841118cc30",
                "test_filtered.2_3.corres.png:md5,be34a09b14f46e25c9a6d0d29baef1fc",
                "test_filtered.3_0.corres:md5,ede081427256e51be427dfc27b8de4cf",
                "test_filtered.3_0.corres.png:md5,64713c7884015e31fac9bfebe89c97b2",
                "test_filtered.3_1.corres:md5,8752723a21aeafa2c0c15b0c324f5306",
                "test_filtered.3_1.corres.png:md5,1f167a7187a1ff95ca1e2a292705264e",
                "test_filtered.3_2.corres:md5,0683dfc7a7d98ac88a300fa290681898",
                "test_filtered.3_2.corres.png:md5,b423b48bfe0f0018f2256fb62e107632",
                "test_filtered.3_3.corres:md5,5c450671d94231fcae0981320b1d04b5",
                "test_filtered.3_3.corres.png:md5,b423b48bfe0f0018f2256fb62e107632",
                "test_filtered.4_0.corres:md5,5ce8251ad13ace77aae1189513bbe2aa",
                "test_filtered.4_0.corres.png:md5,a6f28c624600a6e55ab397eb88fe6e3b",
                "test_filtered.4_1.corres:md5,6d94c91d821348256e176a605f71fd39",
                "test_filtered.4_1.corres.png:md5,110fab5d700343803580f52c8ff6cf1c",
                "test_filtered.4_2.corres:md5,424a0673c4a70cd6f53d7afac936b58f",
                "test_filtered.4_2.corres.png:md5,73a564a265bfa7503527f5ced5053850",
                "test_filtered.4_3.corres:md5,92e65c7be20a11a4b05f51d7aaed8eb7",
                "test_filtered.4_3.corres.png:md5,5d351ebbff85176a49113945d147ad08",
                "test_filtered.5_0.corres:md5,448e453fd8fde52c575d1f0c8b4fba74",
                "test_filtered.5_0.corres.png:md5,0cc889bebe1a09d10b0657733ae3cd4b",
                "test_filtered.5_1.corres:md5,ad746bac3bd4fc8c78fa096c4ad0cf2f",
                "test_filtered.5_1.corres.png:md5,d77485c6062faf0f5c58f8f4aa003bec",
                "test_filtered.5_2.corres:md5,cccd9ad2c4b9370fe6d8eedae537148e",
                "test_filtered.5_2.corres.png:md5,942f025d086420358a2953e34a9627fc",
                "test_filtered.5_3.corres:md5,d150148d82ef17d4817f38cfa166ce47",
                "test_filtered.5_3.corres.png:md5,b29acad9a211221ebdaff0d646ad2718",
                "test_filtered.6_0.corres:md5,85f4b14fa30f1e8fcc48cae989a85760",
                "test_filtered.6_0.corres.png:md5,46dad8588135d934c6a0f46e6dd6095d",
                "test_filtered.6_1.corres:md5,8e6ddd000b3c4613c5debe9d27be9fe6",
                "test_filtered.6_1.corres.png:md5,17b13e6547fb6cc5c2247076b8286ea6",
                "test_filtered.6_2.corres:md5,1578273e2a8d570bd3c1a514e98a0fc6",
                "test_filtered.6_2.corres.png:md5,7b45c9ae06bd45caf3985f52291be647",
                "test_filtered.6_3.corres:md5,c319fd764934e96625208b5035ee1a84",
                "test_filtered.6_3.corres.png:md5,2dce0b54fc47be7bffcb906d00463066",
                "test_filtered.fam:md5,1cf2fd299b387c290ba86615952f1220",
                "evanno_metrics.tsv:md5,a0144d870685f56d0c3be40f8a210e5c",
                "admixture_spatial.tsv:md5,f7d98f3606c546906b8fe95b046e4b85",
                "config.json:md5,77cbb6a3a1b7b4a6d7c3e489bf227df5",
                "streams.gpkg:md5,319ab0c29862763c5b3d92921835f5b6",
                "multiqc_citations.txt:md5,4c806e63a283ec1b7e78cdae3a923d4f",
                "multiqc_pop_summary.txt:md5,582eb485e3ab44703b2f914765a9be12",
                "multiqc_sample_summary.txt:md5,696c7f73007e69c30830b5acc118355a",
                "multiqc_sources.txt:md5,d2a044df39ce3c6abe5cdc2d67473490",
                "pop_summary_mqc.json:md5,d7e762db4038a4c0a1ed239de4dedf5f",
                "sample_summary_mqc.json:md5,39bb7b65251f2c61475b87d7d7316bc2",
                "test.samples.txt:md5,27af18e623f4d818220954c510a09e40",
                "test_filtered.samples.txt:md5,fe8ffce7761505e0a1e2d71f030969c3",
                "allele_summary_Allelic_Spectrum_HWE.txt:md5,9f77870798c1fbc5fff14e234b42f41c",
                "allele_summary_Heterozygosity.txt:md5,b57318823320198a2b7f231a3cb47777",
                "allele_summary_MAF_Summary_Spectrum.txt:md5,7417135c6a548f2c44c95949fa8b4e81",
                "allele_summary_Missingness.txt:md5,6ba2dc313f426024370bc7e56dfccb15",
                "individual_missingness.txt:md5,bc5c7a7583a15f776422f29b209eddfe",
                "locus_missingness.txt:md5,ffc04d16c7993fdd84151a5bd711d298",
                "missing_summary_Percent-1.txt:md5,4f500ad4edf917f87f4addd355e22f0f",
                "missing_summary_Percent.txt:md5,6a9fa26432227a750877eae853be3174",
                "missing_summary_Proportion-1.txt:md5,b9f488f1e16acae6ae93b4e79bfad49b",
                "missing_summary_Proportion.txt:md5,6629251be5bf070c477d48dd6779dc96",
                "multiqc_citations.txt:md5,4c806e63a283ec1b7e78cdae3a923d4f",
                "multiqc_individual_missingness-2_table.txt:md5,b5eb0277a34e195380ec99ccb85c4f89",
                "multiqc_individual_missingness_table.txt:md5,5942ea2dee97824d6bdaf1cd90389c0c",
                "multiqc_locus_missingness-2_table.txt:md5,9bca69154b6c632e8af99e7f00d548e5",
                "multiqc_population_locus_missingness-2_table.txt:md5,03ed125662e9ed32bb6e89116d3af7a1",
                "multiqc_population_missingness-2_table.txt:md5,f2cd2405cc4fa1a7899c834bcb589e6a",
                "multiqc_population_missingness_table.txt:md5,d4a25acdb9882aaba4b24222978e5cac",
                "multiqc_sources.txt:md5,d2a044df39ce3c6abe5cdc2d67473490",
                "population_counts_Count.txt:md5,2c801a601031d9d6b85a1fda8265057f",
                "population_counts_Percentage.txt:md5,0279f69edf4e4ff7df4b74a66583e922",
                "population_locus_missingness.txt:md5,03ed125662e9ed32bb6e89116d3af7a1",
                "population_missingness.txt:md5,cb01e8659ef9c6b0a1c3bd67ebfcc1bf",
                "wc_fst_permutation_observed.txt:md5,e64662ec6a74671352f026dfcd01b79b",
                "wc_fst_permutation_pvalues.txt:md5,e082f4ae927fba50f601e6115850ea0c",
                "test.filter.vcf.gz:md5,63bebb6d340206aa4ab4042050f39543",
                "test.filter.vcf.gz.tbi:md5,c21c2d6f36d12ee199ccb8194c6eb4d5",
                "locus_missingness.tsv.gz:md5,b241a0dc613a0acb47bb0aa28c966ea4",
                "population_locus_missingness.tsv.gz:md5,f38901f6e00b533b77aaedcb84123c8a",
                "Fst_permutation_dist_NCCFE_NCCOT.json:md5,f67b8521cd564b98fb55274daa0259e1",
                "Fst_permutation_dist_NCCFE_NCESG.json:md5,06be735d321c0218df94f4fd1aa6f974",
                "Fst_permutation_dist_NCCFE_NNAME.json:md5,196d9f04b254bfa10b736dd20c481651",
                "Fst_permutation_dist_NCCFE_NNDUN.json:md5,33df504b1035f866321e97d706abf8f3",
                "Fst_permutation_dist_NCCFE_NNECW.json:md5,4fb7d01c1bc4b602b1c3af766ebaecea",
                "Fst_permutation_dist_NCCFE_NNIOL.json:md5,b897fcc9d59634e14eef88477d558100",
                "Fst_permutation_dist_NCCFE_NNLAB.json:md5,4505cc7c9e791edf165e931e266a0154",
                "Fst_permutation_dist_NCCFE_NNMIA.json:md5,1524624d927e495deac1f8018e5c2a88",
                "Fst_permutation_dist_NCCFE_NNRAP.json:md5,b0948887faa53cfb803555a46a2729ed",
                "Fst_permutation_dist_NCCFE_NNROY.json:md5,cbbcc31a55af136c2a5bc2b17af5e083",
                "Fst_permutation_dist_NCCFE_NNSTP.json:md5,19c3f794e12440efa7e56f15a376e107",
                "Fst_permutation_dist_NCCFE_NSMCP.json:md5,c8e369a6adccd5ddc7027995aeb2b7ec",
                "Fst_permutation_dist_NCCFE_NSWAC.json:md5,6995a3ce5775394db6059fb66f0491f8",
                "Fst_permutation_dist_NCCOT_NCESG.json:md5,181c68070aac61427ed45e94d6545458",
                "Fst_permutation_dist_NCCOT_NNAME.json:md5,ea8e49c5ea18673e9c7a40a2b8b6aa32",
                "Fst_permutation_dist_NCCOT_NNDUN.json:md5,ff4f3a60e034ae0ec6f3fbdf9d386776",
                "Fst_permutation_dist_NCCOT_NNECW.json:md5,1f2b67e8897ba2dc43e982445df70aa2",
                "Fst_permutation_dist_NCCOT_NNIOL.json:md5,120beca8cba2455d062e2997f7cf04a4",
                "Fst_permutation_dist_NCCOT_NNLAB.json:md5,8ad2f3bc24b5f500f47a3e7c8c073204",
                "Fst_permutation_dist_NCCOT_NNMIA.json:md5,43bc96fb88c442ce39171c8fe60b3a86",
                "Fst_permutation_dist_NCCOT_NNRAP.json:md5,5c59dee38497b135fcbd832732508290",
                "Fst_permutation_dist_NCCOT_NNROY.json:md5,40d9bfac18b84db94a21bcab5eb0534d",
                "Fst_permutation_dist_NCCOT_NNSTP.json:md5,0bb3143bf8e3d75cf8d448177d9d0a92",
                "Fst_permutation_dist_NCCOT_NSMCP.json:md5,e6616880681c711f35cffb61f6a88af6",
                "Fst_permutation_dist_NCCOT_NSWAC.json:md5,cc4999494696d717e33c9ffce0a617e5",
                "Fst_permutation_dist_NCESG_NNAME.json:md5,383f219878de5849d419bfcd66f962cc",
                "Fst_permutation_dist_NCESG_NNDUN.json:md5,ad9c27d8e8066f9e1b7e2c8f1f097439",
                "Fst_permutation_dist_NCESG_NNECW.json:md5,2e46cb7e8a88832677e27f02670bad5e",
                "Fst_permutation_dist_NCESG_NNIOL.json:md5,921ecca40a4075a5726fa9d788b351ff",
                "Fst_permutation_dist_NCESG_NNLAB.json:md5,2e2089226c0e11ac3eca27ac390df162",
                "Fst_permutation_dist_NCESG_NNMIA.json:md5,6e0228224a7ff214782f383d8698bca8",
                "Fst_permutation_dist_NCESG_NNRAP.json:md5,3e2d924aca5d44666dcf5b89618a2bda",
                "Fst_permutation_dist_NCESG_NNROY.json:md5,23f1c61298a0c06a52e6c19989b6700f",
                "Fst_permutation_dist_NCESG_NNSTP.json:md5,43c1c3602569f7dee433b96b308a268a",
                "Fst_permutation_dist_NCESG_NSMCP.json:md5,f3ca5bc6a25ecec34580a1c20db756f2",
                "Fst_permutation_dist_NCESG_NSWAC.json:md5,d21c972899c15ac645f1905fc4b0a210",
                "Fst_permutation_dist_NNAME_NNDUN.json:md5,6e34d8bac03cd1e2a11e44215f312931",
                "Fst_permutation_dist_NNAME_NNECW.json:md5,79da7ba6c415c7eab914888adbea8978",
                "Fst_permutation_dist_NNAME_NNIOL.json:md5,256eed64a83f5947c6ca28f126e74194",
                "Fst_permutation_dist_NNAME_NNLAB.json:md5,ecc47c252ec90ef03986d768312935c4",
                "Fst_permutation_dist_NNAME_NNMIA.json:md5,8731c2a88b549243c3d61046cdb9d5f4",
                "Fst_permutation_dist_NNAME_NNRAP.json:md5,9a1f99a68d16bee130052bc98dfbe463",
                "Fst_permutation_dist_NNAME_NNROY.json:md5,f63b8eef1350dbc71062dd3d01b9c12f",
                "Fst_permutation_dist_NNAME_NNSTP.json:md5,3550f1365a4183b2ca041bfe78c35af7",
                "Fst_permutation_dist_NNAME_NSMCP.json:md5,25747986e0d1da61dd9280b8b426a723",
                "Fst_permutation_dist_NNAME_NSWAC.json:md5,06fb3f2f0c1daa807c92852d495dbd59",
                "Fst_permutation_dist_NNDUN_NNECW.json:md5,149f34cdac1259d44d671438b34cf4ef",
                "Fst_permutation_dist_NNDUN_NNIOL.json:md5,4bb698b5121f780322a4b8d2ec5fc162",
                "Fst_permutation_dist_NNDUN_NNLAB.json:md5,a1d0300817cf25dc96af6b6b5c8e58f7",
                "Fst_permutation_dist_NNDUN_NNMIA.json:md5,7b695276b5e9322141a6849f9cc4b47e",
                "Fst_permutation_dist_NNDUN_NNRAP.json:md5,3d1c18f5e3ec7d454e3f9d1d08d74f46",
                "Fst_permutation_dist_NNDUN_NNROY.json:md5,bfdcd7ea0cf3d51d4fb4212fb469a10a",
                "Fst_permutation_dist_NNDUN_NNSTP.json:md5,4ac3c0539d57acd4d21848b202af9c38",
                "Fst_permutation_dist_NNDUN_NSMCP.json:md5,a2687959b3d3784470794a9e505edba3",
                "Fst_permutation_dist_NNDUN_NSWAC.json:md5,259184a2e714488fafb36b63cffb15b4",
                "Fst_permutation_dist_NNECW_NNIOL.json:md5,2f3a3c1abcb9aeaae386a0bc5a31e4dc",
                "Fst_permutation_dist_NNECW_NNLAB.json:md5,a3ed77827bbe159bdfc48a74b1c453f0",
                "Fst_permutation_dist_NNECW_NNMIA.json:md5,4675bb7cdca4242df459319ab36de146",
                "Fst_permutation_dist_NNECW_NNRAP.json:md5,b2dc30ee4b2f0b6f284a43157e2eea0c",
                "Fst_permutation_dist_NNECW_NNROY.json:md5,b942fcb03653fbdc2a77cd4c5b17d613",
                "Fst_permutation_dist_NNECW_NNSTP.json:md5,ee7576693f52a5bdc385e1f62c3b5158",
                "Fst_permutation_dist_NNECW_NSMCP.json:md5,6d16fa552f6f838063c18d10bae279e1",
                "Fst_permutation_dist_NNECW_NSWAC.json:md5,a165a578a1be18baca2af09bfa23e354",
                "Fst_permutation_dist_NNIOL_NNLAB.json:md5,da91d41cd06e350a1b7b6e2ada9827a1",
                "Fst_permutation_dist_NNIOL_NNMIA.json:md5,d1ec34aa50225254e4041ef8f0154f8c",
                "Fst_permutation_dist_NNIOL_NNRAP.json:md5,1243b0f306f6acb2fb11af13f62f4297",
                "Fst_permutation_dist_NNIOL_NNROY.json:md5,4f3453e78ccbfb9e4215627dd86bf0c6",
                "Fst_permutation_dist_NNIOL_NNSTP.json:md5,b026c53b927c11ce612394916d032c1b",
                "Fst_permutation_dist_NNIOL_NSMCP.json:md5,b744aa1a6f1ee60e71b481c7d77ddd64",
                "Fst_permutation_dist_NNIOL_NSWAC.json:md5,016aff711be5b2a20fc382648402a1e7",
                "Fst_permutation_dist_NNLAB_NNMIA.json:md5,ae713991f4aacc32f35e1a443fe8c76f",
                "Fst_permutation_dist_NNLAB_NNRAP.json:md5,36ef5ef36850f2040227a0ba3978023e",
                "Fst_permutation_dist_NNLAB_NNROY.json:md5,79e9fbffa43ef11121106af89384fdea",
                "Fst_permutation_dist_NNLAB_NNSTP.json:md5,0aba6d18d06555e89b83d65c400fecda",
                "Fst_permutation_dist_NNLAB_NSMCP.json:md5,4845a4ac1dcead6e68929278eb476893",
                "Fst_permutation_dist_NNLAB_NSWAC.json:md5,c27277788a31075543aad00b21a5e80c",
                "Fst_permutation_dist_NNMIA_NNRAP.json:md5,887079fa77c3793d5643723f2abfddb1",
                "Fst_permutation_dist_NNMIA_NNROY.json:md5,32aada76eab283ba73bdfb536d358bab",
                "Fst_permutation_dist_NNMIA_NNSTP.json:md5,36112e31a6bd515a9b51dbf797ca71d5",
                "Fst_permutation_dist_NNMIA_NSMCP.json:md5,c6dec74a0af3ad1edfba36820685e079",
                "Fst_permutation_dist_NNMIA_NSWAC.json:md5,899b6470dfb27e0f532f84c57201143c",
                "Fst_permutation_dist_NNRAP_NNROY.json:md5,2985be79b3251a0473558ab40659bfe7",
                "Fst_permutation_dist_NNRAP_NNSTP.json:md5,efe6a3e70e75870be5c2e835b61dc22f",
                "Fst_permutation_dist_NNRAP_NSMCP.json:md5,814e1976ea966a7682cc121bef21345f",
                "Fst_permutation_dist_NNRAP_NSWAC.json:md5,939b1160b98c6438f09c7fbe0cac22e4",
                "Fst_permutation_dist_NNROY_NNSTP.json:md5,ca7b9788b4b7895573c1b607319f8394",
                "Fst_permutation_dist_NNROY_NSMCP.json:md5,7b8ced2a2939f69551868724695fa0e5",
                "Fst_permutation_dist_NNROY_NSWAC.json:md5,e8520aee4fbb94fe373592356313e02e",
                "Fst_permutation_dist_NNSTP_NSMCP.json:md5,6595e8567b9e135c1a1d975bbf9046ea",
                "Fst_permutation_dist_NNSTP_NSWAC.json:md5,719e20a67d6c03b152a75e04f125b02b",
                "Fst_permutation_dist_NSMCP_NSWAC.json:md5,8ab23acea90dfdb8410f5ee8a11c2730",
                "non_biallelic_sites_mqc.txt:md5,0195cca6c36216b2b40df49840e1cef6"
            ]
        ],
        "timestamp": "2026-09-28T10:53:52.115306",
        "meta": {
            "nf-test": "0.9.4",
            "nextflow": "25.10.4"
        }
    }
}