{
    "-profile test": {
        "content": [
            {
                "ADMIXTUREPIPELINE": {
                    "AdmixPipe": "3.2.2",
                    "VCFtools": "0.1.16",
                    "PLINK": 20220402,
                    "Admixture": 1.3
                },
                "BCFTOOLS_QUERY_POST": {
                    "bcftools": 1.21
                },
                "BCFTOOLS_QUERY_PRE": {
                    "bcftools": 1.21
                },
                "BESTK": {
                    "python": "3.12.14"
                },
                "BGZIP_INDEX_VCF": {
                    "htslib": 1.24,
                    "xz": "5.8.3"
                },
                "CLUMPAK": {
                    "AdmixPipe": "3.2.2",
                    "CLUMPAK": 1.1
                },
                "CVSUM": {
                    "AdmixPipe": "3.2.2"
                },
                "DECOMPRESS_VCF": {
                    "htslib": 1.24,
                    "xz": "5.8.3"
                },
                "DISTRUCT": {
                    "AdmixPipe": "3.2.2",
                    "distruct": 1.1,
                    "ghostscript": 9.5
                },
                "EVALADMIX": {
                    "AdmixPipe": "3.2.2"
                },
                "EVANNO": {
                    "python": "3.12.14"
                },
                "PLOT_ADMIXTURE": {
                    "plotly": "6.1.2"
                },
                "PLOT_ADMIXTURE_MULTIK": {
                    "plotly": "6.1.2"
                },
                "PLOT_ADMIXTURE_SPATIAL": {
                    "folium": "0.20.0",
                    "geopandas": "1.1.1",
                    "matplotlib": "3.10.3"
                },
                "PLOT_ADMIXTURE_SPATIAL_MULTIK": {
                    "folium": "0.20.0",
                    "geopandas": "1.1.1",
                    "matplotlib": "3.10.3"
                },
                "PLOT_CV": {
                    "plotly": "6.1.2"
                },
                "PLOT_EVANNO": {
                    "plotly": "6.1.2"
                },
                "PLOT_PAIRWISE_FST": {
                    "pandas": "2.2.3"
                },
                "PLOT_PCA": {
                    "pandas": "2.2.3"
                },
                "POP_SUMMARY": {
                    "pandas": "2.2.3"
                },
                "SAMPLE_SUMMARY": {
                    "pandas": "2.2.3"
                },
                "SNPIO_FILTER": {
                    "SNPio": "1.7.7"
                },
                "STAGE_GEODATA_LAYERS": {
                    "python": "3.12.10"
                },
                "Workflow": {
                    "aCaMEL/admixpipe": "v1.0.1"
                }
            },
            [
                "admixturepipeline",
                "admixturepipeline/admixturePipeline.json",
                "admixturepipeline/results.zip",
                "admixturepipeline/test_filtered.1_0.P",
                "admixturepipeline/test_filtered.1_0.Q",
                "admixturepipeline/test_filtered.1_0.stdout",
                "admixturepipeline/test_filtered.1_1.P",
                "admixturepipeline/test_filtered.1_1.Q",
                "admixturepipeline/test_filtered.1_1.stdout",
                "admixturepipeline/test_filtered.1_2.P",
                "admixturepipeline/test_filtered.1_2.Q",
                "admixturepipeline/test_filtered.1_2.stdout",
                "admixturepipeline/test_filtered.1_3.P",
                "admixturepipeline/test_filtered.1_3.Q",
                "admixturepipeline/test_filtered.1_3.stdout",
                "admixturepipeline/test_filtered.2_0.P",
                "admixturepipeline/test_filtered.2_0.Q",
                "admixturepipeline/test_filtered.2_0.stdout",
                "admixturepipeline/test_filtered.2_1.P",
                "admixturepipeline/test_filtered.2_1.Q",
                "admixturepipeline/test_filtered.2_1.stdout",
                "admixturepipeline/test_filtered.2_2.P",
                "admixturepipeline/test_filtered.2_2.Q",
                "admixturepipeline/test_filtered.2_2.stdout",
                "admixturepipeline/test_filtered.2_3.P",
                "admixturepipeline/test_filtered.2_3.Q",
                "admixturepipeline/test_filtered.2_3.stdout",
                "admixturepipeline/test_filtered.3_0.P",
                "admixturepipeline/test_filtered.3_0.Q",
                "admixturepipeline/test_filtered.3_0.stdout",
                "admixturepipeline/test_filtered.3_1.P",
                "admixturepipeline/test_filtered.3_1.Q",
                "admixturepipeline/test_filtered.3_1.stdout",
                "admixturepipeline/test_filtered.3_2.P",
                "admixturepipeline/test_filtered.3_2.Q",
                "admixturepipeline/test_filtered.3_2.stdout",
                "admixturepipeline/test_filtered.3_3.P",
                "admixturepipeline/test_filtered.3_3.Q",
                "admixturepipeline/test_filtered.3_3.stdout",
                "admixturepipeline/test_filtered.4_0.P",
                "admixturepipeline/test_filtered.4_0.Q",
                "admixturepipeline/test_filtered.4_0.stdout",
                "admixturepipeline/test_filtered.4_1.P",
                "admixturepipeline/test_filtered.4_1.Q",
                "admixturepipeline/test_filtered.4_1.stdout",
                "admixturepipeline/test_filtered.4_2.P",
                "admixturepipeline/test_filtered.4_2.Q",
                "admixturepipeline/test_filtered.4_2.stdout",
                "admixturepipeline/test_filtered.4_3.P",
                "admixturepipeline/test_filtered.4_3.Q",
                "admixturepipeline/test_filtered.4_3.stdout",
                "admixturepipeline/test_filtered.5_0.P",
                "admixturepipeline/test_filtered.5_0.Q",
                "admixturepipeline/test_filtered.5_0.stdout",
                "admixturepipeline/test_filtered.5_1.P",
                "admixturepipeline/test_filtered.5_1.Q",
                "admixturepipeline/test_filtered.5_1.stdout",
                "admixturepipeline/test_filtered.5_2.P",
                "admixturepipeline/test_filtered.5_2.Q",
                "admixturepipeline/test_filtered.5_2.stdout",
                "admixturepipeline/test_filtered.5_3.P",
                "admixturepipeline/test_filtered.5_3.Q",
                "admixturepipeline/test_filtered.5_3.stdout",
                "admixturepipeline/test_filtered.6_0.P",
                "admixturepipeline/test_filtered.6_0.Q",
                "admixturepipeline/test_filtered.6_0.stdout",
                "admixturepipeline/test_filtered.6_1.P",
                "admixturepipeline/test_filtered.6_1.Q",
                "admixturepipeline/test_filtered.6_1.stdout",
                "admixturepipeline/test_filtered.6_2.P",
                "admixturepipeline/test_filtered.6_2.Q",
                "admixturepipeline/test_filtered.6_2.stdout",
                "admixturepipeline/test_filtered.6_3.P",
                "admixturepipeline/test_filtered.6_3.Q",
                "admixturepipeline/test_filtered.6_3.stdout",
                "admixturepipeline/test_filtered.map",
                "admixturepipeline/test_filtered.ped",
                "admixturepipeline/test_filtered.qfiles.json",
                "admixturepipeline/test_filtered_inds.txt",
                "admixturepipeline/test_filtered_pops.txt",
                "bestk",
                "bestk/bestK.txt",
                "bestk/best_clumpp_indfile.out",
                "clumpak",
                "clumpak/clumpakOutput",
                "clumpak/clumpakOutput/AdmixturePopIdToPopName",
                "clumpak/clumpakOutput/K=1",
                "clumpak/clumpakOutput/K=1.MajorCluster.png",
                "clumpak/clumpakOutput/K=1/CLUMPP.files",
                "clumpak/clumpakOutput/K=1/CLUMPP.files/ClumppIndFile",
                "clumpak/clumpakOutput/K=1/CLUMPP.files/ClumppIndFile.output",
                "clumpak/clumpakOutput/K=1/CLUMPP.files/ClumppPairMatrix",
                "clumpak/clumpakOutput/K=1/CLUMPP.files/FilesToIndex",
                "clumpak/clumpakOutput/K=1/MCL.files",
                "clumpak/clumpakOutput/K=1/MCL.files/MCL.clusters",
                "clumpak/clumpakOutput/K=1/MCL.files/MCL.out",
                "clumpak/clumpakOutput/K=1/MCL.files/clumppPairMatrixChoped",
                "clumpak/clumpakOutput/K=1/MCL.files/mcxtable",
                "clumpak/clumpakOutput/K=1/MajorCluster",
                "clumpak/clumpakOutput/K=1/MajorCluster/CLUMPP.files",
                "clumpak/clumpakOutput/K=1/MajorCluster/CLUMPP.files/ClumppIndFile",
                "clumpak/clumpakOutput/K=1/MajorCluster/CLUMPP.files/ClumppIndFile.output",
                "clumpak/clumpakOutput/K=1/MajorCluster/CLUMPP.files/ClumppPairMatrix",
                "clumpak/clumpakOutput/K=1/MajorCluster/CLUMPP.files/ClumppPopFile",
                "clumpak/clumpakOutput/K=1/MajorCluster/CLUMPP.files/FilesToIndex",
                "clumpak/clumpakOutput/K=1/MajorCluster/clusterFiles",
                "clumpak/clumpakOutput/K=1/MajorCluster/distructOutput.pdf",
                "clumpak/clumpakOutput/K=1/MajorCluster/distructOutput.png",
                "clumpak/clumpakOutput/K=1/MajorCluster/distructOutput.ps",
                "clumpak/clumpakOutput/K=1/MajorCluster/distructOutput.sh",
                "clumpak/clumpakOutput/K=1/MajorCluster/drawparams",
                "clumpak/clumpakOutput/K=2",
                "clumpak/clumpakOutput/K=2.MajorCluster.png",
                "clumpak/clumpakOutput/K=2/CLUMPP.files",
                "clumpak/clumpakOutput/K=2/CLUMPP.files/ClumppCommands.sh",
                "clumpak/clumpakOutput/K=2/CLUMPP.files/ClumppIndFile",
                "clumpak/clumpakOutput/K=2/CLUMPP.files/ClumppIndFile.misc",
                "clumpak/clumpakOutput/K=2/CLUMPP.files/ClumppIndFile.output",
                "clumpak/clumpakOutput/K=2/CLUMPP.files/ClumppPairMatrix",
                "clumpak/clumpakOutput/K=2/CLUMPP.files/FilesToIndex",
                "clumpak/clumpakOutput/K=2/CLUMPP.files/clumpp.paramfile",
                "clumpak/clumpakOutput/K=2/MCL.files",
                "clumpak/clumpakOutput/K=2/MCL.files/MCL.clusters",
                "clumpak/clumpakOutput/K=2/MCL.files/MCL.out",
                "clumpak/clumpakOutput/K=2/MCL.files/clumppPairMatrixChoped",
                "clumpak/clumpakOutput/K=2/MCL.files/mcxtable",
                "clumpak/clumpakOutput/K=2/MajorCluster",
                "clumpak/clumpakOutput/K=2/MajorCluster/CLUMPP.files",
                "clumpak/clumpakOutput/K=2/MajorCluster/CLUMPP.files/ClumppCommands.sh",
                "clumpak/clumpakOutput/K=2/MajorCluster/CLUMPP.files/ClumppIndFile",
                "clumpak/clumpakOutput/K=2/MajorCluster/CLUMPP.files/ClumppIndFile.misc",
                "clumpak/clumpakOutput/K=2/MajorCluster/CLUMPP.files/ClumppIndFile.output",
                "clumpak/clumpakOutput/K=2/MajorCluster/CLUMPP.files/ClumppPopFile",
                "clumpak/clumpakOutput/K=2/MajorCluster/CLUMPP.files/FilesToIndex",
                "clumpak/clumpakOutput/K=2/MajorCluster/CLUMPP.files/clumpp.paramfile",
                "clumpak/clumpakOutput/K=2/MajorCluster/clusterFiles",
                "clumpak/clumpakOutput/K=2/MajorCluster/distructOutput.pdf",
                "clumpak/clumpakOutput/K=2/MajorCluster/distructOutput.png",
                "clumpak/clumpakOutput/K=2/MajorCluster/distructOutput.ps",
                "clumpak/clumpakOutput/K=2/MajorCluster/distructOutput.sh",
                "clumpak/clumpakOutput/K=2/MajorCluster/drawparams",
                "clumpak/clumpakOutput/K=3",
                "clumpak/clumpakOutput/K=3.MajorCluster.png",
                "clumpak/clumpakOutput/K=3/CLUMPP.files",
                "clumpak/clumpakOutput/K=3/CLUMPP.files/ClumppCommands.sh",
                "clumpak/clumpakOutput/K=3/CLUMPP.files/ClumppIndFile",
                "clumpak/clumpakOutput/K=3/CLUMPP.files/ClumppIndFile.misc",
                "clumpak/clumpakOutput/K=3/CLUMPP.files/ClumppIndFile.output",
                "clumpak/clumpakOutput/K=3/CLUMPP.files/ClumppPairMatrix",
                "clumpak/clumpakOutput/K=3/CLUMPP.files/FilesToIndex",
                "clumpak/clumpakOutput/K=3/CLUMPP.files/clumpp.paramfile",
                "clumpak/clumpakOutput/K=3/MCL.files",
                "clumpak/clumpakOutput/K=3/MCL.files/MCL.clusters",
                "clumpak/clumpakOutput/K=3/MCL.files/MCL.out",
                "clumpak/clumpakOutput/K=3/MCL.files/clumppPairMatrixChoped",
                "clumpak/clumpakOutput/K=3/MCL.files/mcxtable",
                "clumpak/clumpakOutput/K=3/MajorCluster",
                "clumpak/clumpakOutput/K=3/MajorCluster/CLUMPP.files",
                "clumpak/clumpakOutput/K=3/MajorCluster/CLUMPP.files/ClumppCommands.sh",
                "clumpak/clumpakOutput/K=3/MajorCluster/CLUMPP.files/ClumppIndFile",
                "clumpak/clumpakOutput/K=3/MajorCluster/CLUMPP.files/ClumppIndFile.misc",
                "clumpak/clumpakOutput/K=3/MajorCluster/CLUMPP.files/ClumppIndFile.output",
                "clumpak/clumpakOutput/K=3/MajorCluster/CLUMPP.files/ClumppPopFile",
                "clumpak/clumpakOutput/K=3/MajorCluster/CLUMPP.files/FilesToIndex",
                "clumpak/clumpakOutput/K=3/MajorCluster/CLUMPP.files/clumpp.paramfile",
                "clumpak/clumpakOutput/K=3/MajorCluster/clusterFiles",
                "clumpak/clumpakOutput/K=3/MajorCluster/distructOutput.pdf",
                "clumpak/clumpakOutput/K=3/MajorCluster/distructOutput.png",
                "clumpak/clumpakOutput/K=3/MajorCluster/distructOutput.ps",
                "clumpak/clumpakOutput/K=3/MajorCluster/distructOutput.sh",
                "clumpak/clumpakOutput/K=3/MajorCluster/drawparams",
                "clumpak/clumpakOutput/K=4",
                "clumpak/clumpakOutput/K=4.MajorCluster.png",
                "clumpak/clumpakOutput/K=4/CLUMPP.files",
                "clumpak/clumpakOutput/K=4/CLUMPP.files/ClumppCommands.sh",
                "clumpak/clumpakOutput/K=4/CLUMPP.files/ClumppIndFile",
                "clumpak/clumpakOutput/K=4/CLUMPP.files/ClumppIndFile.misc",
                "clumpak/clumpakOutput/K=4/CLUMPP.files/ClumppIndFile.output",
                "clumpak/clumpakOutput/K=4/CLUMPP.files/ClumppPairMatrix",
                "clumpak/clumpakOutput/K=4/CLUMPP.files/FilesToIndex",
                "clumpak/clumpakOutput/K=4/CLUMPP.files/clumpp.paramfile",
                "clumpak/clumpakOutput/K=4/MCL.files",
                "clumpak/clumpakOutput/K=4/MCL.files/MCL.clusters",
                "clumpak/clumpakOutput/K=4/MCL.files/MCL.out",
                "clumpak/clumpakOutput/K=4/MCL.files/clumppPairMatrixChoped",
                "clumpak/clumpakOutput/K=4/MCL.files/mcxtable",
                "clumpak/clumpakOutput/K=4/MajorCluster",
                "clumpak/clumpakOutput/K=4/MajorCluster/CLUMPP.files",
                "clumpak/clumpakOutput/K=4/MajorCluster/CLUMPP.files/ClumppCommands.sh",
                "clumpak/clumpakOutput/K=4/MajorCluster/CLUMPP.files/ClumppIndFile",
                "clumpak/clumpakOutput/K=4/MajorCluster/CLUMPP.files/ClumppIndFile.misc",
                "clumpak/clumpakOutput/K=4/MajorCluster/CLUMPP.files/ClumppIndFile.output",
                "clumpak/clumpakOutput/K=4/MajorCluster/CLUMPP.files/ClumppPopFile",
                "clumpak/clumpakOutput/K=4/MajorCluster/CLUMPP.files/FilesToIndex",
                "clumpak/clumpakOutput/K=4/MajorCluster/CLUMPP.files/clumpp.paramfile",
                "clumpak/clumpakOutput/K=4/MajorCluster/clusterFiles",
                "clumpak/clumpakOutput/K=4/MajorCluster/distructOutput.pdf",
                "clumpak/clumpakOutput/K=4/MajorCluster/distructOutput.png",
                "clumpak/clumpakOutput/K=4/MajorCluster/distructOutput.ps",
                "clumpak/clumpakOutput/K=4/MajorCluster/distructOutput.sh",
                "clumpak/clumpakOutput/K=4/MajorCluster/drawparams",
                "clumpak/clumpakOutput/K=5",
                "clumpak/clumpakOutput/K=5.MajorCluster.png",
                "clumpak/clumpakOutput/K=5/CLUMPP.files",
                "clumpak/clumpakOutput/K=5/CLUMPP.files/ClumppCommands.sh",
                "clumpak/clumpakOutput/K=5/CLUMPP.files/ClumppIndFile",
                "clumpak/clumpakOutput/K=5/CLUMPP.files/ClumppIndFile.misc",
                "clumpak/clumpakOutput/K=5/CLUMPP.files/ClumppIndFile.output",
                "clumpak/clumpakOutput/K=5/CLUMPP.files/ClumppPairMatrix",
                "clumpak/clumpakOutput/K=5/CLUMPP.files/FilesToIndex",
                "clumpak/clumpakOutput/K=5/CLUMPP.files/clumpp.paramfile",
                "clumpak/clumpakOutput/K=5/MCL.files",
                "clumpak/clumpakOutput/K=5/MCL.files/MCL.clusters",
                "clumpak/clumpakOutput/K=5/MCL.files/MCL.out",
                "clumpak/clumpakOutput/K=5/MCL.files/clumppPairMatrixChoped",
                "clumpak/clumpakOutput/K=5/MCL.files/mcxtable",
                "clumpak/clumpakOutput/K=5/MajorCluster",
                "clumpak/clumpakOutput/K=5/MajorCluster/CLUMPP.files",
                "clumpak/clumpakOutput/K=5/MajorCluster/CLUMPP.files/ClumppCommands.sh",
                "clumpak/clumpakOutput/K=5/MajorCluster/CLUMPP.files/ClumppIndFile",
                "clumpak/clumpakOutput/K=5/MajorCluster/CLUMPP.files/ClumppIndFile.misc",
                "clumpak/clumpakOutput/K=5/MajorCluster/CLUMPP.files/ClumppIndFile.output",
                "clumpak/clumpakOutput/K=5/MajorCluster/CLUMPP.files/ClumppPopFile",
                "clumpak/clumpakOutput/K=5/MajorCluster/CLUMPP.files/FilesToIndex",
                "clumpak/clumpakOutput/K=5/MajorCluster/CLUMPP.files/clumpp.paramfile",
                "clumpak/clumpakOutput/K=5/MajorCluster/clusterFiles",
                "clumpak/clumpakOutput/K=5/MajorCluster/distructOutput.pdf",
                "clumpak/clumpakOutput/K=5/MajorCluster/distructOutput.png",
                "clumpak/clumpakOutput/K=5/MajorCluster/distructOutput.ps",
                "clumpak/clumpakOutput/K=5/MajorCluster/distructOutput.sh",
                "clumpak/clumpakOutput/K=5/MajorCluster/drawparams",
                "clumpak/clumpakOutput/K=6",
                "clumpak/clumpakOutput/K=6.MajorCluster.png",
                "clumpak/clumpakOutput/K=6/CLUMPP.files",
                "clumpak/clumpakOutput/K=6/CLUMPP.files/ClumppCommands.sh",
                "clumpak/clumpakOutput/K=6/CLUMPP.files/ClumppIndFile",
                "clumpak/clumpakOutput/K=6/CLUMPP.files/ClumppIndFile.misc",
                "clumpak/clumpakOutput/K=6/CLUMPP.files/ClumppIndFile.output",
                "clumpak/clumpakOutput/K=6/CLUMPP.files/ClumppPairMatrix",
                "clumpak/clumpakOutput/K=6/CLUMPP.files/FilesToIndex",
                "clumpak/clumpakOutput/K=6/CLUMPP.files/clumpp.paramfile",
                "clumpak/clumpakOutput/K=6/MCL.files",
                "clumpak/clumpakOutput/K=6/MCL.files/MCL.clusters",
                "clumpak/clumpakOutput/K=6/MCL.files/MCL.out",
                "clumpak/clumpakOutput/K=6/MCL.files/clumppPairMatrixChoped",
                "clumpak/clumpakOutput/K=6/MCL.files/mcxtable",
                "clumpak/clumpakOutput/K=6/MajorCluster",
                "clumpak/clumpakOutput/K=6/MajorCluster/CLUMPP.files",
                "clumpak/clumpakOutput/K=6/MajorCluster/CLUMPP.files/ClumppCommands.sh",
                "clumpak/clumpakOutput/K=6/MajorCluster/CLUMPP.files/ClumppIndFile",
                "clumpak/clumpakOutput/K=6/MajorCluster/CLUMPP.files/ClumppIndFile.misc",
                "clumpak/clumpakOutput/K=6/MajorCluster/CLUMPP.files/ClumppIndFile.output",
                "clumpak/clumpakOutput/K=6/MajorCluster/CLUMPP.files/ClumppPopFile",
                "clumpak/clumpakOutput/K=6/MajorCluster/CLUMPP.files/FilesToIndex",
                "clumpak/clumpakOutput/K=6/MajorCluster/CLUMPP.files/clumpp.paramfile",
                "clumpak/clumpakOutput/K=6/MajorCluster/clusterFiles",
                "clumpak/clumpakOutput/K=6/MajorCluster/distructOutput.pdf",
                "clumpak/clumpakOutput/K=6/MajorCluster/distructOutput.png",
                "clumpak/clumpakOutput/K=6/MajorCluster/distructOutput.ps",
                "clumpak/clumpakOutput/K=6/MajorCluster/distructOutput.sh",
                "clumpak/clumpakOutput/K=6/MajorCluster/drawparams",
                "clumpak/clumpakOutput/converted.input.files",
                "clumpak/clumpakOutput/converted.input.files/test_filtered.1_0.Q.converted",
                "clumpak/clumpakOutput/converted.input.files/test_filtered.1_1.Q.converted",
                "clumpak/clumpakOutput/converted.input.files/test_filtered.1_2.Q.converted",
                "clumpak/clumpakOutput/converted.input.files/test_filtered.1_3.Q.converted",
                "clumpak/clumpakOutput/converted.input.files/test_filtered.2_0.Q.converted",
                "clumpak/clumpakOutput/converted.input.files/test_filtered.2_1.Q.converted",
                "clumpak/clumpakOutput/converted.input.files/test_filtered.2_2.Q.converted",
                "clumpak/clumpakOutput/converted.input.files/test_filtered.2_3.Q.converted",
                "clumpak/clumpakOutput/converted.input.files/test_filtered.3_0.Q.converted",
                "clumpak/clumpakOutput/converted.input.files/test_filtered.3_1.Q.converted",
                "clumpak/clumpakOutput/converted.input.files/test_filtered.3_2.Q.converted",
                "clumpak/clumpakOutput/converted.input.files/test_filtered.3_3.Q.converted",
                "clumpak/clumpakOutput/converted.input.files/test_filtered.4_0.Q.converted",
                "clumpak/clumpakOutput/converted.input.files/test_filtered.4_1.Q.converted",
                "clumpak/clumpakOutput/converted.input.files/test_filtered.4_2.Q.converted",
                "clumpak/clumpakOutput/converted.input.files/test_filtered.4_3.Q.converted",
                "clumpak/clumpakOutput/converted.input.files/test_filtered.5_0.Q.converted",
                "clumpak/clumpakOutput/converted.input.files/test_filtered.5_1.Q.converted",
                "clumpak/clumpakOutput/converted.input.files/test_filtered.5_2.Q.converted",
                "clumpak/clumpakOutput/converted.input.files/test_filtered.5_3.Q.converted",
                "clumpak/clumpakOutput/converted.input.files/test_filtered.6_0.Q.converted",
                "clumpak/clumpakOutput/converted.input.files/test_filtered.6_1.Q.converted",
                "clumpak/clumpakOutput/converted.input.files/test_filtered.6_2.Q.converted",
                "clumpak/clumpakOutput/converted.input.files/test_filtered.6_3.Q.converted",
                "clumpak/clumpakOutput/detectedModesSummery.log",
                "clumpak/clumpakOutput/images_to_display.dat",
                "clumpak/clumpakOutput/input.files",
                "clumpak/clumpakOutput/input.files/test_filtered.1_0.Q",
                "clumpak/clumpakOutput/input.files/test_filtered.1_1.Q",
                "clumpak/clumpakOutput/input.files/test_filtered.1_2.Q",
                "clumpak/clumpakOutput/input.files/test_filtered.1_3.Q",
                "clumpak/clumpakOutput/input.files/test_filtered.2_0.Q",
                "clumpak/clumpakOutput/input.files/test_filtered.2_1.Q",
                "clumpak/clumpakOutput/input.files/test_filtered.2_2.Q",
                "clumpak/clumpakOutput/input.files/test_filtered.2_3.Q",
                "clumpak/clumpakOutput/input.files/test_filtered.3_0.Q",
                "clumpak/clumpakOutput/input.files/test_filtered.3_1.Q",
                "clumpak/clumpakOutput/input.files/test_filtered.3_2.Q",
                "clumpak/clumpakOutput/input.files/test_filtered.3_3.Q",
                "clumpak/clumpakOutput/input.files/test_filtered.4_0.Q",
                "clumpak/clumpakOutput/input.files/test_filtered.4_1.Q",
                "clumpak/clumpakOutput/input.files/test_filtered.4_2.Q",
                "clumpak/clumpakOutput/input.files/test_filtered.4_3.Q",
                "clumpak/clumpakOutput/input.files/test_filtered.5_0.Q",
                "clumpak/clumpakOutput/input.files/test_filtered.5_1.Q",
                "clumpak/clumpakOutput/input.files/test_filtered.5_2.Q",
                "clumpak/clumpakOutput/input.files/test_filtered.5_3.Q",
                "clumpak/clumpakOutput/input.files/test_filtered.6_0.Q",
                "clumpak/clumpakOutput/input.files/test_filtered.6_1.Q",
                "clumpak/clumpakOutput/input.files/test_filtered.6_2.Q",
                "clumpak/clumpakOutput/input.files/test_filtered.6_3.Q",
                "clumpak/clumpakOutput/output.log",
                "clumpak/clumpakOutput/output_files.dat",
                "cvsum",
                "cvsum/cv_file.MajClust.png",
                "cvsum/cv_output.txt",
                "cvsum/ll_output.txt",
                "cvsum/loglikelihood_file.MajClust.png",
                "distruct",
                "distruct/K1.pdf",
                "distruct/K2.pdf",
                "distruct/K3.pdf",
                "distruct/K4.pdf",
                "distruct/K5.pdf",
                "distruct/K6.pdf",
                "distruct/MajorClusterRuns.txt",
                "distruct/clumpakOutput",
                "distruct/clumpakOutput/best_results",
                "distruct/clumpakOutput/best_results/AdmixturePopIdToPopName",
                "distruct/clumpakOutput/best_results/ClumppIndFile.output.1",
                "distruct/clumpakOutput/best_results/ClumppIndFile.output.2",
                "distruct/clumpakOutput/best_results/ClumppIndFile.output.3",
                "distruct/clumpakOutput/best_results/ClumppIndFile.output.4",
                "distruct/clumpakOutput/best_results/ClumppIndFile.output.5",
                "distruct/clumpakOutput/best_results/ClumppIndFile.output.6",
                "distruct/clumpakOutput/best_results/ClumppPopFile.1",
                "distruct/clumpakOutput/best_results/ClumppPopFile.2",
                "distruct/clumpakOutput/best_results/ClumppPopFile.3",
                "distruct/clumpakOutput/best_results/ClumppPopFile.4",
                "distruct/clumpakOutput/best_results/ClumppPopFile.5",
                "distruct/clumpakOutput/best_results/ClumppPopFile.6",
                "distruct/clumpakOutput/best_results/K1.ps",
                "distruct/clumpakOutput/best_results/K2.ps",
                "distruct/clumpakOutput/best_results/K3.ps",
                "distruct/clumpakOutput/best_results/K4.ps",
                "distruct/clumpakOutput/best_results/K5.ps",
                "distruct/clumpakOutput/best_results/K6.ps",
                "distruct/clumpakOutput/best_results/drawparams.1",
                "distruct/clumpakOutput/best_results/drawparams.2",
                "distruct/clumpakOutput/best_results/drawparams.3",
                "distruct/clumpakOutput/best_results/drawparams.4",
                "distruct/clumpakOutput/best_results/drawparams.5",
                "distruct/clumpakOutput/best_results/drawparams.6",
                "distruct/cvRuns.json",
                "distruct/cv_file.MajClust.txt",
                "distruct/loglikelihood_file.MajClust.txt",
                "distruct/qfilePaths.json",
                "evaladmix",
                "evaladmix/1.png",
                "evaladmix/2.png",
                "evaladmix/3.png",
                "evaladmix/4.png",
                "evaladmix/5.png",
                "evaladmix/6.png",
                "evaladmix/test_filtered.1_0.corres",
                "evaladmix/test_filtered.1_0.corres.png",
                "evaladmix/test_filtered.1_1.corres",
                "evaladmix/test_filtered.1_1.corres.png",
                "evaladmix/test_filtered.1_2.corres",
                "evaladmix/test_filtered.1_2.corres.png",
                "evaladmix/test_filtered.1_3.corres",
                "evaladmix/test_filtered.1_3.corres.png",
                "evaladmix/test_filtered.2_0.corres",
                "evaladmix/test_filtered.2_0.corres.png",
                "evaladmix/test_filtered.2_1.corres",
                "evaladmix/test_filtered.2_1.corres.png",
                "evaladmix/test_filtered.2_2.corres",
                "evaladmix/test_filtered.2_2.corres.png",
                "evaladmix/test_filtered.2_3.corres",
                "evaladmix/test_filtered.2_3.corres.png",
                "evaladmix/test_filtered.3_0.corres",
                "evaladmix/test_filtered.3_0.corres.png",
                "evaladmix/test_filtered.3_1.corres",
                "evaladmix/test_filtered.3_1.corres.png",
                "evaladmix/test_filtered.3_2.corres",
                "evaladmix/test_filtered.3_2.corres.png",
                "evaladmix/test_filtered.3_3.corres",
                "evaladmix/test_filtered.3_3.corres.png",
                "evaladmix/test_filtered.4_0.corres",
                "evaladmix/test_filtered.4_0.corres.png",
                "evaladmix/test_filtered.4_1.corres",
                "evaladmix/test_filtered.4_1.corres.png",
                "evaladmix/test_filtered.4_2.corres",
                "evaladmix/test_filtered.4_2.corres.png",
                "evaladmix/test_filtered.4_3.corres",
                "evaladmix/test_filtered.4_3.corres.png",
                "evaladmix/test_filtered.5_0.corres",
                "evaladmix/test_filtered.5_0.corres.png",
                "evaladmix/test_filtered.5_1.corres",
                "evaladmix/test_filtered.5_1.corres.png",
                "evaladmix/test_filtered.5_2.corres",
                "evaladmix/test_filtered.5_2.corres.png",
                "evaladmix/test_filtered.5_3.corres",
                "evaladmix/test_filtered.5_3.corres.png",
                "evaladmix/test_filtered.6_0.corres",
                "evaladmix/test_filtered.6_0.corres.png",
                "evaladmix/test_filtered.6_1.corres",
                "evaladmix/test_filtered.6_1.corres.png",
                "evaladmix/test_filtered.6_2.corres",
                "evaladmix/test_filtered.6_2.corres.png",
                "evaladmix/test_filtered.6_3.corres",
                "evaladmix/test_filtered.6_3.corres.png",
                "evaladmix/test_filtered.fam",
                "evanno",
                "evanno/evanno_metrics.tsv",
                "pipeline_info",
                "pipeline_info/admixpipe_software_mqc_versions.yml",
                "report",
                "report/admixture_allk_mqc.html",
                "report/admixture_bestk_mqc.html",
                "report/admixture_spatial.tsv",
                "report/admixture_spatial_mqc.html",
                "report/admixture_spatial_multik_mqc.html",
                "report/cvplot_mqc.html",
                "report/evaladmix_allk_mqc.html",
                "report/evaladmix_bestk_mqc.html",
                "report/evanno_mqc.html",
                "report/geo_data_files",
                "report/geo_data_files/config.json",
                "report/geo_data_files/streams.gpkg",
                "report/multiqc_data",
                "report/multiqc_data/llms-full.txt",
                "report/multiqc_data/multiqc.log",
                "report/multiqc_data/multiqc.parquet",
                "report/multiqc_data/multiqc_citations.txt",
                "report/multiqc_data/multiqc_data.json",
                "report/multiqc_data/multiqc_pop_summary.txt",
                "report/multiqc_data/multiqc_sample_summary.txt",
                "report/multiqc_data/multiqc_software_versions.txt",
                "report/multiqc_data/multiqc_sources.txt",
                "report/multiqc_report.html",
                "report/pairwise_fst_mqc.html",
                "report/pop_summary_mqc.json",
                "report/sample_summary_mqc.json",
                "report/sankey_mqc.html",
                "report/snpio_pca_mqc.html",
                "report/test.samples.txt",
                "report/test_filtered.samples.txt",
                "snpio",
                "snpio/snpio_filter",
                "snpio/snpio_filter/filtered_output",
                "snpio/snpio_filter/filtered_output/reports",
                "snpio/snpio_filter/filtered_output/reports/nremover",
                "snpio/snpio_filter/filtered_output/reports/nremover/missingness",
                "snpio/snpio_filter/multiqc",
                "snpio/snpio_filter/multiqc/multiqc_report.html",
                "snpio/snpio_filter/multiqc/multiqc_report_data",
                "snpio/snpio_filter/multiqc/multiqc_report_data/allele_summary_Allelic_Spectrum_HWE.txt",
                "snpio/snpio_filter/multiqc/multiqc_report_data/allele_summary_Heterozygosity.txt",
                "snpio/snpio_filter/multiqc/multiqc_report_data/allele_summary_MAF_Summary_Spectrum.txt",
                "snpio/snpio_filter/multiqc/multiqc_report_data/allele_summary_Missingness.txt",
                "snpio/snpio_filter/multiqc/multiqc_report_data/individual_missingness.txt",
                "snpio/snpio_filter/multiqc/multiqc_report_data/llms-full.txt",
                "snpio/snpio_filter/multiqc/multiqc_report_data/locus_missingness.txt",
                "snpio/snpio_filter/multiqc/multiqc_report_data/missing_summary_Percent-1.txt",
                "snpio/snpio_filter/multiqc/multiqc_report_data/missing_summary_Percent.txt",
                "snpio/snpio_filter/multiqc/multiqc_report_data/missing_summary_Proportion-1.txt",
                "snpio/snpio_filter/multiqc/multiqc_report_data/missing_summary_Proportion.txt",
                "snpio/snpio_filter/multiqc/multiqc_report_data/multiqc.parquet",
                "snpio/snpio_filter/multiqc/multiqc_report_data/multiqc_citations.txt",
                "snpio/snpio_filter/multiqc/multiqc_report_data/multiqc_data.json",
                "snpio/snpio_filter/multiqc/multiqc_report_data/multiqc_individual_missingness-2_table.txt",
                "snpio/snpio_filter/multiqc/multiqc_report_data/multiqc_individual_missingness_table.txt",
                "snpio/snpio_filter/multiqc/multiqc_report_data/multiqc_locus_missingness-2_table.txt",
                "snpio/snpio_filter/multiqc/multiqc_report_data/multiqc_population_locus_missingness-2_table.txt",
                "snpio/snpio_filter/multiqc/multiqc_report_data/multiqc_population_missingness-2_table.txt",
                "snpio/snpio_filter/multiqc/multiqc_report_data/multiqc_population_missingness_table.txt",
                "snpio/snpio_filter/multiqc/multiqc_report_data/multiqc_sources.txt",
                "snpio/snpio_filter/multiqc/multiqc_report_data/population_counts_Count.txt",
                "snpio/snpio_filter/multiqc/multiqc_report_data/population_counts_Percentage.txt",
                "snpio/snpio_filter/multiqc/multiqc_report_data/population_locus_missingness.txt",
                "snpio/snpio_filter/multiqc/multiqc_report_data/population_missingness.txt",
                "snpio/snpio_filter/multiqc/multiqc_report_data/wc_fst_permutation_observed.txt",
                "snpio/snpio_filter/multiqc/multiqc_report_data/wc_fst_permutation_pvalues.txt",
                "snpio/snpio_filter/test.filter.vcf.gz",
                "snpio/snpio_filter/test.filter.vcf.gz.tbi",
                "snpio/snpio_filter/test_output",
                "snpio/snpio_filter/test_output/data",
                "snpio/snpio_filter/test_output/data/vcf",
                "snpio/snpio_filter/test_output/data/vcf/nremover",
                "snpio/snpio_filter/test_output/data/vcf/vcf_attributes.h5",
                "snpio/snpio_filter/test_output/logs",
                "snpio/snpio_filter/test_output/logs/snpio.analysis.allele_summary_stats.log",
                "snpio/snpio_filter/test_output/logs/snpio.analysis.genotype_encoder.log",
                "snpio/snpio_filter/test_output/logs/snpio.io.vcf_reader.log",
                "snpio/snpio_filter/test_output/logs/snpio.plotting.plotting.log",
                "snpio/snpio_filter/test_output/logs/snpio.popgenstats.fst_distance.log",
                "snpio/snpio_filter/test_output/logs/snpio.popgenstats.pop_gen_statistics.log",
                "snpio/snpio_filter/test_output/logs/snpio.popgenstats.summary_statistics.log",
                "snpio/snpio_filter/test_output/logs/snpio.read_input.genotype_data.log",
                "snpio/snpio_filter/test_output/logs/snpio.read_input.genotype_data_base.log",
                "snpio/snpio_filter/test_output/plots",
                "snpio/snpio_filter/test_output/plots/nremover",
                "snpio/snpio_filter/test_output/plots/nremover/filtering",
                "snpio/snpio_filter/test_output/plots/nremover/filtering/filtering_results_sankey_mqc.html",
                "snpio/snpio_filter/test_output/plots/nremover/pca",
                "snpio/snpio_filter/test_output/plots/nremover/pca/pca_missingness.html",
                "snpio/snpio_filter/test_output/reports",
                "snpio/snpio_filter/test_output/reports/missingness",
                "snpio/snpio_filter/test_output/reports/missingness/locus_missingness.tsv.gz",
                "snpio/snpio_filter/test_output/reports/missingness/population_locus_missingness.tsv.gz",
                "snpio/snpio_filter/test_output/reports/nremover",
                "snpio/snpio_filter/test_output/reports/nremover/fst",
                "snpio/snpio_filter/test_output/reports/nremover/fst/Fst_permutation_dist_NCCFE_NCCOT.json",
                "snpio/snpio_filter/test_output/reports/nremover/fst/Fst_permutation_dist_NCCFE_NCESG.json",
                "snpio/snpio_filter/test_output/reports/nremover/fst/Fst_permutation_dist_NCCFE_NNAME.json",
                "snpio/snpio_filter/test_output/reports/nremover/fst/Fst_permutation_dist_NCCFE_NNDUN.json",
                "snpio/snpio_filter/test_output/reports/nremover/fst/Fst_permutation_dist_NCCFE_NNECW.json",
                "snpio/snpio_filter/test_output/reports/nremover/fst/Fst_permutation_dist_NCCFE_NNIOL.json",
                "snpio/snpio_filter/test_output/reports/nremover/fst/Fst_permutation_dist_NCCFE_NNLAB.json",
                "snpio/snpio_filter/test_output/reports/nremover/fst/Fst_permutation_dist_NCCFE_NNMIA.json",
                "snpio/snpio_filter/test_output/reports/nremover/fst/Fst_permutation_dist_NCCFE_NNRAP.json",
                "snpio/snpio_filter/test_output/reports/nremover/fst/Fst_permutation_dist_NCCFE_NNROY.json",
                "snpio/snpio_filter/test_output/reports/nremover/fst/Fst_permutation_dist_NCCFE_NNSTP.json",
                "snpio/snpio_filter/test_output/reports/nremover/fst/Fst_permutation_dist_NCCFE_NSMCP.json",
                "snpio/snpio_filter/test_output/reports/nremover/fst/Fst_permutation_dist_NCCFE_NSWAC.json",
                "snpio/snpio_filter/test_output/reports/nremover/fst/Fst_permutation_dist_NCCOT_NCESG.json",
                "snpio/snpio_filter/test_output/reports/nremover/fst/Fst_permutation_dist_NCCOT_NNAME.json",
                "snpio/snpio_filter/test_output/reports/nremover/fst/Fst_permutation_dist_NCCOT_NNDUN.json",
                "snpio/snpio_filter/test_output/reports/nremover/fst/Fst_permutation_dist_NCCOT_NNECW.json",
                "snpio/snpio_filter/test_output/reports/nremover/fst/Fst_permutation_dist_NCCOT_NNIOL.json",
                "snpio/snpio_filter/test_output/reports/nremover/fst/Fst_permutation_dist_NCCOT_NNLAB.json",
                "snpio/snpio_filter/test_output/reports/nremover/fst/Fst_permutation_dist_NCCOT_NNMIA.json",
                "snpio/snpio_filter/test_output/reports/nremover/fst/Fst_permutation_dist_NCCOT_NNRAP.json",
                "snpio/snpio_filter/test_output/reports/nremover/fst/Fst_permutation_dist_NCCOT_NNROY.json",
                "snpio/snpio_filter/test_output/reports/nremover/fst/Fst_permutation_dist_NCCOT_NNSTP.json",
                "snpio/snpio_filter/test_output/reports/nremover/fst/Fst_permutation_dist_NCCOT_NSMCP.json",
                "snpio/snpio_filter/test_output/reports/nremover/fst/Fst_permutation_dist_NCCOT_NSWAC.json",
                "snpio/snpio_filter/test_output/reports/nremover/fst/Fst_permutation_dist_NCESG_NNAME.json",
                "snpio/snpio_filter/test_output/reports/nremover/fst/Fst_permutation_dist_NCESG_NNDUN.json",
                "snpio/snpio_filter/test_output/reports/nremover/fst/Fst_permutation_dist_NCESG_NNECW.json",
                "snpio/snpio_filter/test_output/reports/nremover/fst/Fst_permutation_dist_NCESG_NNIOL.json",
                "snpio/snpio_filter/test_output/reports/nremover/fst/Fst_permutation_dist_NCESG_NNLAB.json",
                "snpio/snpio_filter/test_output/reports/nremover/fst/Fst_permutation_dist_NCESG_NNMIA.json",
                "snpio/snpio_filter/test_output/reports/nremover/fst/Fst_permutation_dist_NCESG_NNRAP.json",
                "snpio/snpio_filter/test_output/reports/nremover/fst/Fst_permutation_dist_NCESG_NNROY.json",
                "snpio/snpio_filter/test_output/reports/nremover/fst/Fst_permutation_dist_NCESG_NNSTP.json",
                "snpio/snpio_filter/test_output/reports/nremover/fst/Fst_permutation_dist_NCESG_NSMCP.json",
                "snpio/snpio_filter/test_output/reports/nremover/fst/Fst_permutation_dist_NCESG_NSWAC.json",
                "snpio/snpio_filter/test_output/reports/nremover/fst/Fst_permutation_dist_NNAME_NNDUN.json",
                "snpio/snpio_filter/test_output/reports/nremover/fst/Fst_permutation_dist_NNAME_NNECW.json",
                "snpio/snpio_filter/test_output/reports/nremover/fst/Fst_permutation_dist_NNAME_NNIOL.json",
                "snpio/snpio_filter/test_output/reports/nremover/fst/Fst_permutation_dist_NNAME_NNLAB.json",
                "snpio/snpio_filter/test_output/reports/nremover/fst/Fst_permutation_dist_NNAME_NNMIA.json",
                "snpio/snpio_filter/test_output/reports/nremover/fst/Fst_permutation_dist_NNAME_NNRAP.json",
                "snpio/snpio_filter/test_output/reports/nremover/fst/Fst_permutation_dist_NNAME_NNROY.json",
                "snpio/snpio_filter/test_output/reports/nremover/fst/Fst_permutation_dist_NNAME_NNSTP.json",
                "snpio/snpio_filter/test_output/reports/nremover/fst/Fst_permutation_dist_NNAME_NSMCP.json",
                "snpio/snpio_filter/test_output/reports/nremover/fst/Fst_permutation_dist_NNAME_NSWAC.json",
                "snpio/snpio_filter/test_output/reports/nremover/fst/Fst_permutation_dist_NNDUN_NNECW.json",
                "snpio/snpio_filter/test_output/reports/nremover/fst/Fst_permutation_dist_NNDUN_NNIOL.json",
                "snpio/snpio_filter/test_output/reports/nremover/fst/Fst_permutation_dist_NNDUN_NNLAB.json",
                "snpio/snpio_filter/test_output/reports/nremover/fst/Fst_permutation_dist_NNDUN_NNMIA.json",
                "snpio/snpio_filter/test_output/reports/nremover/fst/Fst_permutation_dist_NNDUN_NNRAP.json",
                "snpio/snpio_filter/test_output/reports/nremover/fst/Fst_permutation_dist_NNDUN_NNROY.json",
                "snpio/snpio_filter/test_output/reports/nremover/fst/Fst_permutation_dist_NNDUN_NNSTP.json",
                "snpio/snpio_filter/test_output/reports/nremover/fst/Fst_permutation_dist_NNDUN_NSMCP.json",
                "snpio/snpio_filter/test_output/reports/nremover/fst/Fst_permutation_dist_NNDUN_NSWAC.json",
                "snpio/snpio_filter/test_output/reports/nremover/fst/Fst_permutation_dist_NNECW_NNIOL.json",
                "snpio/snpio_filter/test_output/reports/nremover/fst/Fst_permutation_dist_NNECW_NNLAB.json",
                "snpio/snpio_filter/test_output/reports/nremover/fst/Fst_permutation_dist_NNECW_NNMIA.json",
                "snpio/snpio_filter/test_output/reports/nremover/fst/Fst_permutation_dist_NNECW_NNRAP.json",
                "snpio/snpio_filter/test_output/reports/nremover/fst/Fst_permutation_dist_NNECW_NNROY.json",
                "snpio/snpio_filter/test_output/reports/nremover/fst/Fst_permutation_dist_NNECW_NNSTP.json",
                "snpio/snpio_filter/test_output/reports/nremover/fst/Fst_permutation_dist_NNECW_NSMCP.json",
                "snpio/snpio_filter/test_output/reports/nremover/fst/Fst_permutation_dist_NNECW_NSWAC.json",
                "snpio/snpio_filter/test_output/reports/nremover/fst/Fst_permutation_dist_NNIOL_NNLAB.json",
                "snpio/snpio_filter/test_output/reports/nremover/fst/Fst_permutation_dist_NNIOL_NNMIA.json",
                "snpio/snpio_filter/test_output/reports/nremover/fst/Fst_permutation_dist_NNIOL_NNRAP.json",
                "snpio/snpio_filter/test_output/reports/nremover/fst/Fst_permutation_dist_NNIOL_NNROY.json",
                "snpio/snpio_filter/test_output/reports/nremover/fst/Fst_permutation_dist_NNIOL_NNSTP.json",
                "snpio/snpio_filter/test_output/reports/nremover/fst/Fst_permutation_dist_NNIOL_NSMCP.json",
                "snpio/snpio_filter/test_output/reports/nremover/fst/Fst_permutation_dist_NNIOL_NSWAC.json",
                "snpio/snpio_filter/test_output/reports/nremover/fst/Fst_permutation_dist_NNLAB_NNMIA.json",
                "snpio/snpio_filter/test_output/reports/nremover/fst/Fst_permutation_dist_NNLAB_NNRAP.json",
                "snpio/snpio_filter/test_output/reports/nremover/fst/Fst_permutation_dist_NNLAB_NNROY.json",
                "snpio/snpio_filter/test_output/reports/nremover/fst/Fst_permutation_dist_NNLAB_NNSTP.json",
                "snpio/snpio_filter/test_output/reports/nremover/fst/Fst_permutation_dist_NNLAB_NSMCP.json",
                "snpio/snpio_filter/test_output/reports/nremover/fst/Fst_permutation_dist_NNLAB_NSWAC.json",
                "snpio/snpio_filter/test_output/reports/nremover/fst/Fst_permutation_dist_NNMIA_NNRAP.json",
                "snpio/snpio_filter/test_output/reports/nremover/fst/Fst_permutation_dist_NNMIA_NNROY.json",
                "snpio/snpio_filter/test_output/reports/nremover/fst/Fst_permutation_dist_NNMIA_NNSTP.json",
                "snpio/snpio_filter/test_output/reports/nremover/fst/Fst_permutation_dist_NNMIA_NSMCP.json",
                "snpio/snpio_filter/test_output/reports/nremover/fst/Fst_permutation_dist_NNMIA_NSWAC.json",
                "snpio/snpio_filter/test_output/reports/nremover/fst/Fst_permutation_dist_NNRAP_NNROY.json",
                "snpio/snpio_filter/test_output/reports/nremover/fst/Fst_permutation_dist_NNRAP_NNSTP.json",
                "snpio/snpio_filter/test_output/reports/nremover/fst/Fst_permutation_dist_NNRAP_NSMCP.json",
                "snpio/snpio_filter/test_output/reports/nremover/fst/Fst_permutation_dist_NNRAP_NSWAC.json",
                "snpio/snpio_filter/test_output/reports/nremover/fst/Fst_permutation_dist_NNROY_NNSTP.json",
                "snpio/snpio_filter/test_output/reports/nremover/fst/Fst_permutation_dist_NNROY_NSMCP.json",
                "snpio/snpio_filter/test_output/reports/nremover/fst/Fst_permutation_dist_NNROY_NSWAC.json",
                "snpio/snpio_filter/test_output/reports/nremover/fst/Fst_permutation_dist_NNSTP_NSMCP.json",
                "snpio/snpio_filter/test_output/reports/nremover/fst/Fst_permutation_dist_NNSTP_NSWAC.json",
                "snpio/snpio_filter/test_output/reports/nremover/fst/Fst_permutation_dist_NSMCP_NSWAC.json",
                "snpio/snpio_filter/test_output/reports/nremover/genotype_encoding",
                "snpio/snpio_filter/test_output/reports/nremover/genotype_encoding/non_biallelic_sites_mqc.txt"
            ],
            [
                "admixturePipeline.json:md5,07e6c4713ae3bcd55432188d1efadde5",
                "test_filtered.1_0.P:md5,171731738538aa6baab9aebcf0e9760e",
                "test_filtered.1_0.Q:md5,4d50d3a7337422f432153b888a8754ef",
                "test_filtered.1_1.P:md5,171731738538aa6baab9aebcf0e9760e",
                "test_filtered.1_1.Q:md5,4d50d3a7337422f432153b888a8754ef",
                "test_filtered.1_2.P:md5,171731738538aa6baab9aebcf0e9760e",
                "test_filtered.1_2.Q:md5,4d50d3a7337422f432153b888a8754ef",
                "test_filtered.1_3.P:md5,171731738538aa6baab9aebcf0e9760e",
                "test_filtered.1_3.Q:md5,4d50d3a7337422f432153b888a8754ef",
                "test_filtered.2_0.P:md5,043ef363fa54f5d7b6677f9304e1a0c0",
                "test_filtered.2_0.Q:md5,1236267bbdca7555b1136e0ecfd060f4",
                "test_filtered.2_1.P:md5,3957c91b6e3280cb726b91107cf324d1",
                "test_filtered.2_1.Q:md5,f8f57c5e4a96109fca8bfae65d866c05",
                "test_filtered.2_2.P:md5,40c3f363fe4e1a9d4b71e2fb20099206",
                "test_filtered.2_2.Q:md5,461f107ec7a6ecb3283da23e97ec3e29",
                "test_filtered.2_3.P:md5,8a408cfce189447c49483d53322096f5",
                "test_filtered.2_3.Q:md5,24ece1a59e70a84d480be7a0bd7b0392",
                "test_filtered.3_0.P:md5,1ec029c58ca134e793ab4502fb49a035",
                "test_filtered.3_0.Q:md5,41f3187f9e05162f7ec829f5896fcebc",
                "test_filtered.3_1.P:md5,b16349f4c1698cbd77db8020be92695d",
                "test_filtered.3_1.Q:md5,8d9270025c3b8b266a62bae5b00a5c50",
                "test_filtered.3_2.P:md5,6512618daaa3adad84bcb2b14d966712",
                "test_filtered.3_2.Q:md5,14c246d51a1c0f10c435f5fa9aace4dd",
                "test_filtered.3_3.P:md5,3083379a8e43e89c961b92120f9304af",
                "test_filtered.3_3.Q:md5,dc75def5c90359e9c7ab707483278cfd",
                "test_filtered.4_0.P:md5,847d5d820b7cc846b2c7df0098142d8a",
                "test_filtered.4_0.Q:md5,59962e5e853d415bf7f44663254a18ce",
                "test_filtered.4_1.P:md5,5a16e8a78583b82c3701a4fc090a60fc",
                "test_filtered.4_1.Q:md5,77d567469422ead5d8cd71cae02860b3",
                "test_filtered.4_2.P:md5,bbfafe6f5894a575ac8734b4304fe0c3",
                "test_filtered.4_2.Q:md5,eb7d4750a87a769cd665852dd3c8e700",
                "test_filtered.4_3.P:md5,78f0a44bab9d148f0641e85fc06d7374",
                "test_filtered.4_3.Q:md5,f53ff420bd612c4c59e7431c66acc33c",
                "test_filtered.5_0.P:md5,da228bf232d405840378d2b4522cfc1f",
                "test_filtered.5_0.Q:md5,9e0ebabf4b01079799c16e95fa808955",
                "test_filtered.5_1.P:md5,4ce9ed64cf32e6f0ca67c86b4cb4a00a",
                "test_filtered.5_1.Q:md5,82895a24d20dc43e13c6353b5fa8a1e8",
                "test_filtered.5_2.P:md5,f61ecd75a5df4c63399923faae51cd78",
                "test_filtered.5_2.Q:md5,9dc6c24acad45a36362fe7ed8ec011b7",
                "test_filtered.5_3.P:md5,7448fed4923ca73aad60fed35edba63a",
                "test_filtered.5_3.Q:md5,e1fb974e1640e87ec7705e0e8a9298c3",
                "test_filtered.6_0.P:md5,229052c76744ae268e42b773dd5ede06",
                "test_filtered.6_0.Q:md5,d67bad21a9eb0d1e1dca01db5edd6849",
                "test_filtered.6_1.P:md5,d80b67b5286159b5da1212a0a4cbabf3",
                "test_filtered.6_1.Q:md5,bcfb92a3855159c09d8dde4909c549c7",
                "test_filtered.6_2.P:md5,78a9ba5d53f164ca5828cde0a246a0bf",
                "test_filtered.6_2.Q:md5,2e88802a6591d26b44d9421aac760119",
                "test_filtered.6_3.P:md5,052cd1a9eb3eaa0bb5c03a0d046eec6f",
                "test_filtered.6_3.Q:md5,924a91dbdd7523d2417f0f0c0dc774b2",
                "test_filtered.map:md5,6b56ddcbbe471718d9d33fff7cec2f53",
                "test_filtered.ped:md5,5e5c1508ebee54e18cdbdbf399a80f79",
                "test_filtered.qfiles.json:md5,cbee2c768d0231bb2307469a91ca00f6",
                "test_filtered_inds.txt:md5,fe8ffce7761505e0a1e2d71f030969c3",
                "test_filtered_pops.txt:md5,95fa44d964191c0f055746c21b5ae5ec",
                "bestK.txt:md5,48a24b70a0b376535542b996af517398",
                "best_clumpp_indfile.out:md5,7719c0196b4e0f5067a488be2851bf47",
                "AdmixturePopIdToPopName:md5,7af6147f5c8cd5de9989c923614a47d4",
                "K=1.MajorCluster.png:md5,8e49a0d4e02990aa3c3cd458bd6b8d46",
                "ClumppIndFile.output:md5,3e6c74706c2dd4cd47069b446696c7a1",
                "MCL.clusters:md5,885e25565f0f4dcf9112c65e59622445",
                "MCL.out:md5,2733443bdde3d133aefb34e2511e7a4c",
                "mcxtable:md5,1804c4f63b781b3025998dcde638741e",
                "ClumppIndFile.output:md5,0fc33ffd2469e94d7cd62806cea0ccf8",
                "ClumppPopFile:md5,8c42dfe2b93186228393801c1832a4f3",
                "distructOutput.png:md5,8e49a0d4e02990aa3c3cd458bd6b8d46",
                "drawparams:md5,22afda78360984baf1bce7974987eeb1",
                "K=2.MajorCluster.png:md5,012348ea0e255bed9c850398dadea890",
                "ClumppIndFile.output:md5,41f63646c2ee7d28ddbf0da916fc5d9a",
                "clumpp.paramfile:md5,7fbbebbe1a10828703bb23cdc4dcdfa7",
                "MCL.clusters:md5,885e25565f0f4dcf9112c65e59622445",
                "MCL.out:md5,37e63a56c7c5b1593e46c54a144282f7",
                "mcxtable:md5,1804c4f63b781b3025998dcde638741e",
                "ClumppIndFile.output:md5,0afad9f1bba3327d3b965fc1683af9fe",
                "ClumppPopFile:md5,047558ceeca4e660b2c1cbb8f7f2309d",
                "clumpp.paramfile:md5,7fbbebbe1a10828703bb23cdc4dcdfa7",
                "distructOutput.png:md5,012348ea0e255bed9c850398dadea890",
                "drawparams:md5,22afda78360984baf1bce7974987eeb1",
                "K=3.MajorCluster.png:md5,ff88d00689bf185636efc39992f1da39",
                "ClumppIndFile.output:md5,edffc2aa44192adb31aef36d99165962",
                "clumpp.paramfile:md5,7fbbebbe1a10828703bb23cdc4dcdfa7",
                "MCL.clusters:md5,885e25565f0f4dcf9112c65e59622445",
                "MCL.out:md5,1ff2c9a8e7555ec4603470e65e22898b",
                "mcxtable:md5,1804c4f63b781b3025998dcde638741e",
                "ClumppIndFile.output:md5,facb1a985976dea785734cbfe1363fe6",
                "ClumppPopFile:md5,19c8a0f970595d25302a23a6e2117c1e",
                "clumpp.paramfile:md5,7fbbebbe1a10828703bb23cdc4dcdfa7",
                "distructOutput.png:md5,ff88d00689bf185636efc39992f1da39",
                "drawparams:md5,22afda78360984baf1bce7974987eeb1",
                "K=4.MajorCluster.png:md5,6b42b5a9a28c052f35c6c3ce291fbe77",
                "ClumppIndFile.output:md5,3bbae82925a0aec01ec7398e20ae292a",
                "clumpp.paramfile:md5,7fbbebbe1a10828703bb23cdc4dcdfa7",
                "MCL.clusters:md5,56eebd17167492d6a855972e57cd8477",
                "MCL.out:md5,4dada478d474117faa3af3a67bc914de",
                "mcxtable:md5,1804c4f63b781b3025998dcde638741e",
                "ClumppIndFile.output:md5,7719c0196b4e0f5067a488be2851bf47",
                "ClumppPopFile:md5,77830b9cd5d6557fddbb3fbd77507da4",
                "clumpp.paramfile:md5,7fbbebbe1a10828703bb23cdc4dcdfa7",
                "distructOutput.png:md5,6b42b5a9a28c052f35c6c3ce291fbe77",
                "drawparams:md5,22afda78360984baf1bce7974987eeb1",
                "K=5.MajorCluster.png:md5,372b6750277b0a9819c261f74e2a3e45",
                "ClumppIndFile.output:md5,ac396f77b32d1405e77543c22eb862f9",
                "clumpp.paramfile:md5,7fbbebbe1a10828703bb23cdc4dcdfa7",
                "MCL.clusters:md5,885e25565f0f4dcf9112c65e59622445",
                "MCL.out:md5,2b15ed7d7f42fa1d1cd4be810c6d7962",
                "mcxtable:md5,1804c4f63b781b3025998dcde638741e",
                "ClumppIndFile.output:md5,901344822e5cf3d331bd2c06ff865c5a",
                "ClumppPopFile:md5,690d7eb0b621a2bdf8aa5af054906606",
                "clumpp.paramfile:md5,7fbbebbe1a10828703bb23cdc4dcdfa7",
                "distructOutput.png:md5,372b6750277b0a9819c261f74e2a3e45",
                "drawparams:md5,22afda78360984baf1bce7974987eeb1",
                "K=6.MajorCluster.png:md5,4ad27b4a5d93cfd8c9c64599775b2820",
                "ClumppIndFile.output:md5,34648b2c0d419cce1eb1c0ab24e3b1ee",
                "clumpp.paramfile:md5,7fbbebbe1a10828703bb23cdc4dcdfa7",
                "MCL.clusters:md5,69e954fa07efb19dbce0e6ec411e8739",
                "MCL.out:md5,04488602bbd046e3f9438faff273ff68",
                "mcxtable:md5,8ae3e1eeb1a23bad4501b0e94a632cfa",
                "ClumppIndFile.output:md5,91f5b1b8d5479b547a811abcb3d90c86",
                "ClumppPopFile:md5,ac0bb5b5d010abec32018f514be67e0c",
                "clumpp.paramfile:md5,7fbbebbe1a10828703bb23cdc4dcdfa7",
                "distructOutput.png:md5,4ad27b4a5d93cfd8c9c64599775b2820",
                "drawparams:md5,22afda78360984baf1bce7974987eeb1",
                "test_filtered.1_0.Q.converted:md5,3e6c74706c2dd4cd47069b446696c7a1",
                "test_filtered.1_1.Q.converted:md5,3e6c74706c2dd4cd47069b446696c7a1",
                "test_filtered.1_2.Q.converted:md5,3e6c74706c2dd4cd47069b446696c7a1",
                "test_filtered.1_3.Q.converted:md5,3e6c74706c2dd4cd47069b446696c7a1",
                "test_filtered.2_0.Q.converted:md5,6926a26f32b675f3d7ddcdf59353a534",
                "test_filtered.2_1.Q.converted:md5,f50e108c7c2bf54066f1ede4302779a8",
                "test_filtered.2_2.Q.converted:md5,4b13182ed65b5ee2390fc01e97a87b35",
                "test_filtered.2_3.Q.converted:md5,cf453b6966dfca68c0065e3e9a8343c9",
                "test_filtered.3_0.Q.converted:md5,507084fd616fcec551644e182c772212",
                "test_filtered.3_1.Q.converted:md5,cac05eba131ce339885d80ba2586b669",
                "test_filtered.3_2.Q.converted:md5,c3d3d0aed0f9f83d89759b7f1d15274a",
                "test_filtered.3_3.Q.converted:md5,18e5d8101f3597fe719ca143aa1a2428",
                "test_filtered.4_0.Q.converted:md5,521d9c14617e8bae9eb71d48328a6364",
                "test_filtered.4_1.Q.converted:md5,caae46d7a5e68fb95f025ed99394a208",
                "test_filtered.4_2.Q.converted:md5,c18bd64f8442d9eb0027b7b9a540e859",
                "test_filtered.4_3.Q.converted:md5,02e83d545a3f2f3f05d711b330436141",
                "test_filtered.5_0.Q.converted:md5,0616ee90487b23f9239f0fa467010e5a",
                "test_filtered.5_1.Q.converted:md5,459a0a48d6e3022356171053ac681dac",
                "test_filtered.5_2.Q.converted:md5,52cc8d0dcb6226b2fb483d65384e0b6a",
                "test_filtered.5_3.Q.converted:md5,cb5c9f959b8d8ec8b3b420917593b125",
                "test_filtered.6_0.Q.converted:md5,5226120f7b4b8da8536a57923f644239",
                "test_filtered.6_1.Q.converted:md5,81ddee965e2934f148095f05201d9548",
                "test_filtered.6_2.Q.converted:md5,89de84fd4492dec5bf4c6dea2b577cc8",
                "test_filtered.6_3.Q.converted:md5,02cb81f016ac2d5b83c7d99d5e182b89",
                "detectedModesSummery.log:md5,307d07481dcd1dc8ec970cc353f54042",
                "images_to_display.dat:md5,3a9f190bef0049952af2c8157f96e1cb",
                "test_filtered.1_0.Q:md5,4d50d3a7337422f432153b888a8754ef",
                "test_filtered.1_1.Q:md5,4d50d3a7337422f432153b888a8754ef",
                "test_filtered.1_2.Q:md5,4d50d3a7337422f432153b888a8754ef",
                "test_filtered.1_3.Q:md5,4d50d3a7337422f432153b888a8754ef",
                "test_filtered.2_0.Q:md5,1236267bbdca7555b1136e0ecfd060f4",
                "test_filtered.2_1.Q:md5,f8f57c5e4a96109fca8bfae65d866c05",
                "test_filtered.2_2.Q:md5,461f107ec7a6ecb3283da23e97ec3e29",
                "test_filtered.2_3.Q:md5,24ece1a59e70a84d480be7a0bd7b0392",
                "test_filtered.3_0.Q:md5,41f3187f9e05162f7ec829f5896fcebc",
                "test_filtered.3_1.Q:md5,8d9270025c3b8b266a62bae5b00a5c50",
                "test_filtered.3_2.Q:md5,14c246d51a1c0f10c435f5fa9aace4dd",
                "test_filtered.3_3.Q:md5,dc75def5c90359e9c7ab707483278cfd",
                "test_filtered.4_0.Q:md5,59962e5e853d415bf7f44663254a18ce",
                "test_filtered.4_1.Q:md5,77d567469422ead5d8cd71cae02860b3",
                "test_filtered.4_2.Q:md5,eb7d4750a87a769cd665852dd3c8e700",
                "test_filtered.4_3.Q:md5,f53ff420bd612c4c59e7431c66acc33c",
                "test_filtered.5_0.Q:md5,9e0ebabf4b01079799c16e95fa808955",
                "test_filtered.5_1.Q:md5,82895a24d20dc43e13c6353b5fa8a1e8",
                "test_filtered.5_2.Q:md5,9dc6c24acad45a36362fe7ed8ec011b7",
                "test_filtered.5_3.Q:md5,e1fb974e1640e87ec7705e0e8a9298c3",
                "test_filtered.6_0.Q:md5,d67bad21a9eb0d1e1dca01db5edd6849",
                "test_filtered.6_1.Q:md5,bcfb92a3855159c09d8dde4909c549c7",
                "test_filtered.6_2.Q:md5,2e88802a6591d26b44d9421aac760119",
                "test_filtered.6_3.Q:md5,924a91dbdd7523d2417f0f0c0dc774b2",
                "cv_file.MajClust.png:md5,f5d985af9e34d86c5364f917ad291bfb",
                "cv_output.txt:md5,473af10a217aa26a7f5651316c4c092b",
                "ll_output.txt:md5,989a545303efd05394d448a28969f986",
                "loglikelihood_file.MajClust.png:md5,6a22bd7dd300c9af43773e24733a43b6",
                "AdmixturePopIdToPopName:md5,7af6147f5c8cd5de9989c923614a47d4",
                "ClumppIndFile.output.1:md5,0fc33ffd2469e94d7cd62806cea0ccf8",
                "ClumppIndFile.output.2:md5,0afad9f1bba3327d3b965fc1683af9fe",
                "ClumppIndFile.output.3:md5,facb1a985976dea785734cbfe1363fe6",
                "ClumppIndFile.output.4:md5,7719c0196b4e0f5067a488be2851bf47",
                "ClumppIndFile.output.5:md5,901344822e5cf3d331bd2c06ff865c5a",
                "ClumppIndFile.output.6:md5,91f5b1b8d5479b547a811abcb3d90c86",
                "ClumppPopFile.1:md5,8c42dfe2b93186228393801c1832a4f3",
                "ClumppPopFile.2:md5,047558ceeca4e660b2c1cbb8f7f2309d",
                "ClumppPopFile.3:md5,19c8a0f970595d25302a23a6e2117c1e",
                "ClumppPopFile.4:md5,77830b9cd5d6557fddbb3fbd77507da4",
                "ClumppPopFile.5:md5,690d7eb0b621a2bdf8aa5af054906606",
                "ClumppPopFile.6:md5,ac0bb5b5d010abec32018f514be67e0c",
                "K1.ps:md5,6775a6d83f16c3b10a87230e1675cad3",
                "K2.ps:md5,59abc9ad5ac773867ecbecf31c8350f6",
                "K3.ps:md5,f8b150858dafcab76e260ba893c6beac",
                "K4.ps:md5,5e77e57a39e9ec4ad66feec2ae39f84c",
                "K5.ps:md5,2e9e423e461bcf3d3720a191a2d12ea3",
                "K6.ps:md5,6296cd5bf1d0634b9c5d5868066f370b",
                "drawparams.1:md5,033f258ce199ee40830532151b4a68dc",
                "drawparams.2:md5,4013fc68d096941e2ec40a0d67bf0179",
                "drawparams.3:md5,f65a23289331219e84c96b2608d8facf",
                "drawparams.4:md5,f5cfe55c7beae8972a95a46bb15d2f23",
                "drawparams.5:md5,94fc12c0d49c1340babe6c612891da6e",
                "drawparams.6:md5,55779270b2c51db7cdef735d5c1cfe7e",
                "1.png:md5,ab870c68dcedfb56030245cd4b3ae847",
                "2.png:md5,3e9a70f4ac71cbe943c5877f5f3a8aca",
                "3.png:md5,94ca3048f4713d135157ee8614d90b66",
                "4.png:md5,230d5788cfc45f54d3d76650cbc6cf67",
                "5.png:md5,ce24ba21d2451d630ffaa8f9253938b4",
                "6.png:md5,94fff72eff4f81fcf72bb6b0019fe035",
                "test_filtered.1_0.corres:md5,e90875026ad56ba9e1bc74eeaa7207d7",
                "test_filtered.1_0.corres.png:md5,5b5384c7f234d5d3f4c18bf4615df182",
                "test_filtered.1_1.corres:md5,e90875026ad56ba9e1bc74eeaa7207d7",
                "test_filtered.1_1.corres.png:md5,5b5384c7f234d5d3f4c18bf4615df182",
                "test_filtered.1_2.corres:md5,e90875026ad56ba9e1bc74eeaa7207d7",
                "test_filtered.1_2.corres.png:md5,5b5384c7f234d5d3f4c18bf4615df182",
                "test_filtered.1_3.corres:md5,e90875026ad56ba9e1bc74eeaa7207d7",
                "test_filtered.1_3.corres.png:md5,5b5384c7f234d5d3f4c18bf4615df182",
                "test_filtered.2_0.corres:md5,f319f0554135eb8ed8b59b3b622f8296",
                "test_filtered.2_0.corres.png:md5,76afaacba14f2b518c5f486fbd4f5c29",
                "test_filtered.2_1.corres:md5,966e04cce2c9a2349e39711b1f997106",
                "test_filtered.2_1.corres.png:md5,06de19dbd7fcafebe82896a6d4a9bc6d",
                "test_filtered.2_2.corres:md5,00f3d8537575ae9f0a3c083119575740",
                "test_filtered.2_2.corres.png:md5,76afaacba14f2b518c5f486fbd4f5c29",
                "test_filtered.2_3.corres:md5,2743925b3f9a373461e2df31a0811a91",
                "test_filtered.2_3.corres.png:md5,40f306633c24febf4301adeeae1a1847",
                "test_filtered.3_0.corres:md5,ea4b3e9a192fd9913b29c01cb1a629c5",
                "test_filtered.3_0.corres.png:md5,2aa96bc63bcdc8d7fdec46abb8112a92",
                "test_filtered.3_1.corres:md5,43982d0615c147ded79bfd44b10b8235",
                "test_filtered.3_1.corres.png:md5,80f09c17687c2c15f88c5d4d2a72f1d9",
                "test_filtered.3_2.corres:md5,8c57efe9678eb5c16d16e0828142527a",
                "test_filtered.3_2.corres.png:md5,1ee08f2b25580e1150f3040fa98c596a",
                "test_filtered.3_3.corres:md5,cdaa0b8a5332696983160ceae4ac7ee0",
                "test_filtered.3_3.corres.png:md5,2aa96bc63bcdc8d7fdec46abb8112a92",
                "test_filtered.4_0.corres:md5,d7259c7b9b045ff75c47cb5a247b3fc5",
                "test_filtered.4_0.corres.png:md5,fe42b2f3cbadde07d1d6d38f3cfd42a2",
                "test_filtered.4_1.corres:md5,6c5728dcc630fb558c2ced671be55871",
                "test_filtered.4_1.corres.png:md5,353bcb3c5daa93321706650336f77ea0",
                "test_filtered.4_2.corres:md5,11e85d9a77f09685826c3647427ade34",
                "test_filtered.4_2.corres.png:md5,fe42b2f3cbadde07d1d6d38f3cfd42a2",
                "test_filtered.4_3.corres:md5,4446419d258a5bae6f5c4a55d9d63d6f",
                "test_filtered.4_3.corres.png:md5,370f84437eaf142a722156af1649f170",
                "test_filtered.5_0.corres:md5,47394846557d635457fdc9681bb63ecd",
                "test_filtered.5_0.corres.png:md5,832ca9f5751d2d50176fd538e135abe2",
                "test_filtered.5_1.corres:md5,1dedb38d8be70e826affb42b874dfebf",
                "test_filtered.5_1.corres.png:md5,31b3e71d8403621e7b5a678b9f0a8c50",
                "test_filtered.5_2.corres:md5,4451cbaea5c891b0264a9288cc74ffe3",
                "test_filtered.5_2.corres.png:md5,71e526172601fdca0ab932d62d1d5d9c",
                "test_filtered.5_3.corres:md5,64d8a94420f0ea53e2c84b6c0b092020",
                "test_filtered.5_3.corres.png:md5,8a07257e2447c8d3097fad2bd5446ebc",
                "test_filtered.6_0.corres:md5,97a6cf4f6f243ba7fcea5915ebbc0595",
                "test_filtered.6_0.corres.png:md5,e9a67effeeec9352391f2ae105a76626",
                "test_filtered.6_1.corres:md5,2c014a2cda8b8e02a6e6065e6ae9cf3b",
                "test_filtered.6_1.corres.png:md5,f309eb9b8e68f8c081a1b2ff3112c6ca",
                "test_filtered.6_2.corres:md5,f09ec604d135e671b65ca3f8d07dbdbe",
                "test_filtered.6_2.corres.png:md5,5a13cfc60dd3d0d1ba289bd7d3e16827",
                "test_filtered.6_3.corres:md5,108b65621fcd74c6194b909d96abfa47",
                "test_filtered.6_3.corres.png:md5,7238bf6c132e6d5063cd9c361a04ebf3",
                "test_filtered.fam:md5,1cf2fd299b387c290ba86615952f1220",
                "evanno_metrics.tsv:md5,47d2cb57abd6b878c0dcb329f5a56431",
                "admixture_spatial.tsv:md5,3b07307bdebc6f246668398175dd199f",
                "config.json:md5,77cbb6a3a1b7b4a6d7c3e489bf227df5",
                "streams.gpkg:md5,319ab0c29862763c5b3d92921835f5b6",
                "multiqc_citations.txt:md5,4c806e63a283ec1b7e78cdae3a923d4f",
                "multiqc_pop_summary.txt:md5,e0dd890e43b8ac1dcb213f6be5990e14",
                "multiqc_sample_summary.txt:md5,c43c0cdee2428d4c509db299370c79ed",
                "multiqc_sources.txt:md5,d2a044df39ce3c6abe5cdc2d67473490",
                "pop_summary_mqc.json:md5,e304f042aeb66a7266846c671244bc54",
                "sample_summary_mqc.json:md5,ec277c01671d0882b35deee9b9f4fd86",
                "test.samples.txt:md5,27af18e623f4d818220954c510a09e40",
                "test_filtered.samples.txt:md5,fe8ffce7761505e0a1e2d71f030969c3",
                "allele_summary_Allelic_Spectrum_HWE.txt:md5,677fe96132b83502a7b4ae6840f91f11",
                "allele_summary_Heterozygosity.txt:md5,ce356677a4b7748d4490068b7c6b0a68",
                "allele_summary_MAF_Summary_Spectrum.txt:md5,de22e778d5fb9c92c65b4b6f142fad61",
                "allele_summary_Missingness.txt:md5,d0252b0fb3e343e910b32229c24db101",
                "individual_missingness.txt:md5,63caf60a72b2766d1e76c5b2c68f1be9",
                "locus_missingness.txt:md5,a655b04394b350d798ddb54266d1cfee",
                "missing_summary_Percent-1.txt:md5,0772720a1452bfe7480dd7453af344f2",
                "missing_summary_Percent.txt:md5,6a9fa26432227a750877eae853be3174",
                "missing_summary_Proportion-1.txt:md5,594cd5555fba4429368b79eb9d99767c",
                "missing_summary_Proportion.txt:md5,6629251be5bf070c477d48dd6779dc96",
                "multiqc_citations.txt:md5,4c806e63a283ec1b7e78cdae3a923d4f",
                "multiqc_individual_missingness-2_table.txt:md5,d72c826b512c491ad37f2ce57b1bab01",
                "multiqc_individual_missingness_table.txt:md5,5942ea2dee97824d6bdaf1cd90389c0c",
                "multiqc_locus_missingness-2_table.txt:md5,14af3500d8afcd51d05036c1378e0cdb",
                "multiqc_population_locus_missingness-2_table.txt:md5,6a53441d420c6eafcf8563d0a2104342",
                "multiqc_population_missingness-2_table.txt:md5,b3b3a036e0b57e25c717eea8127461ef",
                "multiqc_population_missingness_table.txt:md5,d4a25acdb9882aaba4b24222978e5cac",
                "multiqc_sources.txt:md5,d2a044df39ce3c6abe5cdc2d67473490",
                "population_counts_Count.txt:md5,2c801a601031d9d6b85a1fda8265057f",
                "population_counts_Percentage.txt:md5,0279f69edf4e4ff7df4b74a66583e922",
                "population_locus_missingness.txt:md5,6a53441d420c6eafcf8563d0a2104342",
                "population_missingness.txt:md5,55026a2cc2e9f7dfcb73ffb65d22db0d",
                "wc_fst_permutation_observed.txt:md5,ec2c6c6242c75fd0ac1656fb8763ac4b",
                "wc_fst_permutation_pvalues.txt:md5,f2ab9991e1b4ce54b6be0b669973b09a",
                "test.filter.vcf.gz:md5,53eb259d13eed854632e3af20e667aaa",
                "test.filter.vcf.gz.tbi:md5,6ba2e457ec144003bb5b554f6e119fcb",
                "locus_missingness.tsv.gz:md5,b241a0dc613a0acb47bb0aa28c966ea4",
                "population_locus_missingness.tsv.gz:md5,f38901f6e00b533b77aaedcb84123c8a",
                "Fst_permutation_dist_NCCFE_NCCOT.json:md5,3eef6ff5a9f535cb5efcdcedf3f93511",
                "Fst_permutation_dist_NCCFE_NCESG.json:md5,a1a4a7d486de081069608a9641b3d6f1",
                "Fst_permutation_dist_NCCFE_NNAME.json:md5,1fd59efa15a5af475bcf20b018bf3436",
                "Fst_permutation_dist_NCCFE_NNDUN.json:md5,42f22d4748aa75089a0435c19251db62",
                "Fst_permutation_dist_NCCFE_NNECW.json:md5,caefa96ec2805fb804659bee6fdc8285",
                "Fst_permutation_dist_NCCFE_NNIOL.json:md5,365908be3853de2b01ea4735c24622b3",
                "Fst_permutation_dist_NCCFE_NNLAB.json:md5,cc62c0586e618aa9beae9c58a7190ed5",
                "Fst_permutation_dist_NCCFE_NNMIA.json:md5,6bd6b6fb7025f66eca543fe54a44703b",
                "Fst_permutation_dist_NCCFE_NNRAP.json:md5,ecbfa13b540cf739a7e8c864f8975f1f",
                "Fst_permutation_dist_NCCFE_NNROY.json:md5,5bcfcb4ee0ec49815118ebe52855918b",
                "Fst_permutation_dist_NCCFE_NNSTP.json:md5,38d9f16affc1c51251223f8b6d990369",
                "Fst_permutation_dist_NCCFE_NSMCP.json:md5,c75ebc0871323f3eecdaddee529c903e",
                "Fst_permutation_dist_NCCFE_NSWAC.json:md5,ba0e3544795158d30f62034d7ef32560",
                "Fst_permutation_dist_NCCOT_NCESG.json:md5,3e98c43119fcfa5f06f779a8fd8b8afe",
                "Fst_permutation_dist_NCCOT_NNAME.json:md5,c39448f2076bd548eb9801f9b433f518",
                "Fst_permutation_dist_NCCOT_NNDUN.json:md5,104e7051846690fde55c25e3137fc85f",
                "Fst_permutation_dist_NCCOT_NNECW.json:md5,ddd264f9314cba110c634eb1b910e99e",
                "Fst_permutation_dist_NCCOT_NNIOL.json:md5,812ac861a8d5a2a908d33067ee23163b",
                "Fst_permutation_dist_NCCOT_NNLAB.json:md5,16fd9bb52bf74ad0f09381ad0aab5c3e",
                "Fst_permutation_dist_NCCOT_NNMIA.json:md5,a203f53a528666a41d93b702020fdc50",
                "Fst_permutation_dist_NCCOT_NNRAP.json:md5,9e4ad882745c341f628b203d132fcc84",
                "Fst_permutation_dist_NCCOT_NNROY.json:md5,6f98966d673527a55fba82dd8e79146d",
                "Fst_permutation_dist_NCCOT_NNSTP.json:md5,ef3fff3269b63d396beb012b81394855",
                "Fst_permutation_dist_NCCOT_NSMCP.json:md5,7acef69e92efb922831993745315be3a",
                "Fst_permutation_dist_NCCOT_NSWAC.json:md5,af8254482d29e1664f8e8679529d0f4f",
                "Fst_permutation_dist_NCESG_NNAME.json:md5,db6d298f31fcd18e3c5e18fee9b9e7d6",
                "Fst_permutation_dist_NCESG_NNDUN.json:md5,ba55346ec45bfe6dfb936f13ac354d2f",
                "Fst_permutation_dist_NCESG_NNECW.json:md5,65c6362fe3f82bae1b36a16d81f417c4",
                "Fst_permutation_dist_NCESG_NNIOL.json:md5,98c3abe8816598eaf09a01450fae729a",
                "Fst_permutation_dist_NCESG_NNLAB.json:md5,7e1c78615f63b38d85d771be570ccfb8",
                "Fst_permutation_dist_NCESG_NNMIA.json:md5,7747672196e2c349e115dc2ca6e72527",
                "Fst_permutation_dist_NCESG_NNRAP.json:md5,9e8d37df257ed2087c86f8cebf6da18f",
                "Fst_permutation_dist_NCESG_NNROY.json:md5,aa2305b916d0b8adc1441ca47aa96699",
                "Fst_permutation_dist_NCESG_NNSTP.json:md5,c4b887b17c402bb58b127605478d9aa9",
                "Fst_permutation_dist_NCESG_NSMCP.json:md5,0509b64ad4220ba6bbb50244ab9ee8f9",
                "Fst_permutation_dist_NCESG_NSWAC.json:md5,1089216c42c978befaeedb482a728680",
                "Fst_permutation_dist_NNAME_NNDUN.json:md5,8e7d15951d4a99d1284e4da8f4945c49",
                "Fst_permutation_dist_NNAME_NNECW.json:md5,d45f6266cb51996acd8fa41a880005b4",
                "Fst_permutation_dist_NNAME_NNIOL.json:md5,d5365ad98c0d2ecf007fa4cced1208d7",
                "Fst_permutation_dist_NNAME_NNLAB.json:md5,9b476153c750ea6f13b1c77723a30912",
                "Fst_permutation_dist_NNAME_NNMIA.json:md5,55681a2e567e6eadc3a368e345884d6a",
                "Fst_permutation_dist_NNAME_NNRAP.json:md5,a9b8396a9d272855b7c603319006605c",
                "Fst_permutation_dist_NNAME_NNROY.json:md5,acd5b1b17cfaabbb958ccd15f8bb1ed8",
                "Fst_permutation_dist_NNAME_NNSTP.json:md5,2243f4774f03d45e2f5e5ba2e911b8b4",
                "Fst_permutation_dist_NNAME_NSMCP.json:md5,c178ecad41746e8a40554c1d30f1ee29",
                "Fst_permutation_dist_NNAME_NSWAC.json:md5,fb449958c37736ee078d06caacdb3608",
                "Fst_permutation_dist_NNDUN_NNECW.json:md5,6ef3f7294950d6b9b8fc42a6ace4b458",
                "Fst_permutation_dist_NNDUN_NNIOL.json:md5,c9b74e702429bad375a51e1b4f01a736",
                "Fst_permutation_dist_NNDUN_NNLAB.json:md5,8fe2eccc0c712ee5d34d7ee34962900f",
                "Fst_permutation_dist_NNDUN_NNMIA.json:md5,041cd6f94a031ba2a5bf399b978aec8c",
                "Fst_permutation_dist_NNDUN_NNRAP.json:md5,c3098f8c84fef337cfc9bc05175bd656",
                "Fst_permutation_dist_NNDUN_NNROY.json:md5,85e28280e3a090aa1205be7f78fe725a",
                "Fst_permutation_dist_NNDUN_NNSTP.json:md5,734fb5d1261c3276eaef147e26ae2f11",
                "Fst_permutation_dist_NNDUN_NSMCP.json:md5,cd675e85174ddfecbefc6d4e3c6ff0f2",
                "Fst_permutation_dist_NNDUN_NSWAC.json:md5,859516d9dba92e434a644c0f1596bad9",
                "Fst_permutation_dist_NNECW_NNIOL.json:md5,9f3e9513fd3aa6b3a6edb89e76c36316",
                "Fst_permutation_dist_NNECW_NNLAB.json:md5,c48a38f072ff9cfe4479913cb87b1de5",
                "Fst_permutation_dist_NNECW_NNMIA.json:md5,d96a649731f33eaec500835f27e02e4d",
                "Fst_permutation_dist_NNECW_NNRAP.json:md5,b2d1fc6f7600f0d6db5e461da9492041",
                "Fst_permutation_dist_NNECW_NNROY.json:md5,dccf6d24b2c27f34a390a50b9ea35040",
                "Fst_permutation_dist_NNECW_NNSTP.json:md5,d2abefc331900627c042961c559356eb",
                "Fst_permutation_dist_NNECW_NSMCP.json:md5,5e10a0a1b7be310085a60fc808f0a46a",
                "Fst_permutation_dist_NNECW_NSWAC.json:md5,bda01decbb1d3fda9c47f428a251d78e",
                "Fst_permutation_dist_NNIOL_NNLAB.json:md5,f0c2582d9521add5f05c5eefa2752af9",
                "Fst_permutation_dist_NNIOL_NNMIA.json:md5,988a7f6c4ed6f919d841618835da43ed",
                "Fst_permutation_dist_NNIOL_NNRAP.json:md5,62056cd12af95e4ece9e3a95070fc7cc",
                "Fst_permutation_dist_NNIOL_NNROY.json:md5,84bbc13c1a328f87e7805b0892ffbf92",
                "Fst_permutation_dist_NNIOL_NNSTP.json:md5,76d5e57918b5401c46971daa8bfb3cdb",
                "Fst_permutation_dist_NNIOL_NSMCP.json:md5,d663d915859d3d97dd2ffd80938b50b6",
                "Fst_permutation_dist_NNIOL_NSWAC.json:md5,05e5c2b5635ef45f5868d01c8e62c1d7",
                "Fst_permutation_dist_NNLAB_NNMIA.json:md5,810fb92be00509f3ddcd205ad576ae2f",
                "Fst_permutation_dist_NNLAB_NNRAP.json:md5,55c98ae9ddf3b6cc10fc02f4df98a2ac",
                "Fst_permutation_dist_NNLAB_NNROY.json:md5,ee3de14b288345803fc47fd8c4563640",
                "Fst_permutation_dist_NNLAB_NNSTP.json:md5,bb52e6385a0716a1042154e108e62501",
                "Fst_permutation_dist_NNLAB_NSMCP.json:md5,5fb732df8f1567c5166bd59a3a2f47d4",
                "Fst_permutation_dist_NNLAB_NSWAC.json:md5,29902850a6b97ef2aa73309803a2883a",
                "Fst_permutation_dist_NNMIA_NNRAP.json:md5,3f75ffbd4f058ef4352875b9f0129286",
                "Fst_permutation_dist_NNMIA_NNROY.json:md5,3b72891d64f530cb0384efcd4b3525d9",
                "Fst_permutation_dist_NNMIA_NNSTP.json:md5,58d3cad5eaecd0ca063742ab9bbafbe6",
                "Fst_permutation_dist_NNMIA_NSMCP.json:md5,7ac8777225c1bd256a31ffd0541a29c7",
                "Fst_permutation_dist_NNMIA_NSWAC.json:md5,b1751fef55a0b319928e0706743f876e",
                "Fst_permutation_dist_NNRAP_NNROY.json:md5,cdff1a0d690c053b494e4cb1ea4037fa",
                "Fst_permutation_dist_NNRAP_NNSTP.json:md5,b469e4746bb1b80e65b83b97d4e0c875",
                "Fst_permutation_dist_NNRAP_NSMCP.json:md5,956ef9318d2a9b1361b45820f09edfad",
                "Fst_permutation_dist_NNRAP_NSWAC.json:md5,750004a5cddd288ca254a03349dc4980",
                "Fst_permutation_dist_NNROY_NNSTP.json:md5,ad6a71d580ca3c0c868a70a0d57e319e",
                "Fst_permutation_dist_NNROY_NSMCP.json:md5,3e66b582bf143d303a253ecf273b200b",
                "Fst_permutation_dist_NNROY_NSWAC.json:md5,762b324142cc8d6f980b90e027067b5b",
                "Fst_permutation_dist_NNSTP_NSMCP.json:md5,fd84cf4d5c5cd1a379ec7fd66f06a6fd",
                "Fst_permutation_dist_NNSTP_NSWAC.json:md5,83568ff6461ecdbaf15c9ee527c3fae4",
                "Fst_permutation_dist_NSMCP_NSWAC.json:md5,1b0a6ae7b3fd52d4318af37be9f3144f",
                "non_biallelic_sites_mqc.txt:md5,3aa52d104afaf4d8a99fc99d2e0ba6f3"
            ]
        ],
        "timestamp": "2026-10-05T18:11:57.282916",
        "meta": {
            "nf-test": "0.9.4",
            "nextflow": "25.10.4"
        }
    }
}