{
    "-profile test": {
        "content": [
            {
                "ADMIXTUREPIPELINE": {
                    "AdmixPipe": 3.2,
                    "VCFtools": "0.1.16",
                    "PLINK": 20220402,
                    "Admixture": 1.3
                },
                "BCFTOOLS_QUERY_POST": {
                    "bcftools": 1.21
                },
                "BCFTOOLS_QUERY_PRE": {
                    "bcftools": 1.21
                },
                "BESTK": {
                    "python": "3.12.14"
                },
                "BGZIP_INDEX_VCF": {
                    "htslib": 1.24,
                    "xz": "5.8.3"
                },
                "CLUMPAK": {
                    "AdmixPipe": 3.2,
                    "CLUMPAK": 1.1
                },
                "CVSUM": {
                    "AdmixPipe": 3.2
                },
                "DECOMPRESS_VCF": {
                    "htslib": 1.24,
                    "xz": "5.8.3"
                },
                "DISTRUCT": {
                    "AdmixPipe": 3.2,
                    "distruct": 1.1,
                    "ghostscript": 9.5
                },
                "EVALADMIX": {
                    "AdmixPipe": 3.2
                },
                "EVANNO": {
                    "python": "3.12.14"
                },
                "PLOT_ADMIXTURE": {
                    "plotly": "6.1.2"
                },
                "PLOT_ADMIXTURE_MULTIK": {
                    "plotly": "6.1.2"
                },
                "PLOT_ADMIXTURE_SPATIAL": {
                    "folium": "0.20.0",
                    "geopandas": "1.1.1",
                    "matplotlib": "3.10.3"
                },
                "PLOT_ADMIXTURE_SPATIAL_MULTIK": {
                    "folium": "0.20.0",
                    "geopandas": "1.1.1",
                    "matplotlib": "3.10.3"
                },
                "PLOT_CV": {
                    "plotly": "6.1.2"
                },
                "PLOT_EVANNO": {
                    "plotly": "6.1.2"
                },
                "PLOT_PAIRWISE_FST": {
                    "pandas": "2.2.3"
                },
                "PLOT_PCA": {
                    "pandas": "2.2.3"
                },
                "POP_SUMMARY": {
                    "pandas": "2.2.3"
                },
                "SAMPLE_SUMMARY": {
                    "pandas": "2.2.3"
                },
                "SNPIO_FILTER": {
                    "SNPio": "1.7.5"
                },
                "STAGE_GEODATA_LAYERS": {
                    "python": "3.12.10"
                },
                "Workflow": {
                    "aCaMEL/admixpipe": "v1.0dev"
                }
            },
            [
                "admixturepipeline",
                "admixturepipeline/results.zip",
                "admixturepipeline/test_filtered.1_0.P",
                "admixturepipeline/test_filtered.1_0.Q",
                "admixturepipeline/test_filtered.1_0.stdout",
                "admixturepipeline/test_filtered.1_1.P",
                "admixturepipeline/test_filtered.1_1.Q",
                "admixturepipeline/test_filtered.1_1.stdout",
                "admixturepipeline/test_filtered.1_2.P",
                "admixturepipeline/test_filtered.1_2.Q",
                "admixturepipeline/test_filtered.1_2.stdout",
                "admixturepipeline/test_filtered.1_3.P",
                "admixturepipeline/test_filtered.1_3.Q",
                "admixturepipeline/test_filtered.1_3.stdout",
                "admixturepipeline/test_filtered.2_0.P",
                "admixturepipeline/test_filtered.2_0.Q",
                "admixturepipeline/test_filtered.2_0.stdout",
                "admixturepipeline/test_filtered.2_1.P",
                "admixturepipeline/test_filtered.2_1.Q",
                "admixturepipeline/test_filtered.2_1.stdout",
                "admixturepipeline/test_filtered.2_2.P",
                "admixturepipeline/test_filtered.2_2.Q",
                "admixturepipeline/test_filtered.2_2.stdout",
                "admixturepipeline/test_filtered.2_3.P",
                "admixturepipeline/test_filtered.2_3.Q",
                "admixturepipeline/test_filtered.2_3.stdout",
                "admixturepipeline/test_filtered.3_0.P",
                "admixturepipeline/test_filtered.3_0.Q",
                "admixturepipeline/test_filtered.3_0.stdout",
                "admixturepipeline/test_filtered.3_1.P",
                "admixturepipeline/test_filtered.3_1.Q",
                "admixturepipeline/test_filtered.3_1.stdout",
                "admixturepipeline/test_filtered.3_2.P",
                "admixturepipeline/test_filtered.3_2.Q",
                "admixturepipeline/test_filtered.3_2.stdout",
                "admixturepipeline/test_filtered.3_3.P",
                "admixturepipeline/test_filtered.3_3.Q",
                "admixturepipeline/test_filtered.3_3.stdout",
                "admixturepipeline/test_filtered.4_0.P",
                "admixturepipeline/test_filtered.4_0.Q",
                "admixturepipeline/test_filtered.4_0.stdout",
                "admixturepipeline/test_filtered.4_1.P",
                "admixturepipeline/test_filtered.4_1.Q",
                "admixturepipeline/test_filtered.4_1.stdout",
                "admixturepipeline/test_filtered.4_2.P",
                "admixturepipeline/test_filtered.4_2.Q",
                "admixturepipeline/test_filtered.4_2.stdout",
                "admixturepipeline/test_filtered.4_3.P",
                "admixturepipeline/test_filtered.4_3.Q",
                "admixturepipeline/test_filtered.4_3.stdout",
                "admixturepipeline/test_filtered.5_0.P",
                "admixturepipeline/test_filtered.5_0.Q",
                "admixturepipeline/test_filtered.5_0.stdout",
                "admixturepipeline/test_filtered.5_1.P",
                "admixturepipeline/test_filtered.5_1.Q",
                "admixturepipeline/test_filtered.5_1.stdout",
                "admixturepipeline/test_filtered.5_2.P",
                "admixturepipeline/test_filtered.5_2.Q",
                "admixturepipeline/test_filtered.5_2.stdout",
                "admixturepipeline/test_filtered.5_3.P",
                "admixturepipeline/test_filtered.5_3.Q",
                "admixturepipeline/test_filtered.5_3.stdout",
                "admixturepipeline/test_filtered.6_0.P",
                "admixturepipeline/test_filtered.6_0.Q",
                "admixturepipeline/test_filtered.6_0.stdout",
                "admixturepipeline/test_filtered.6_1.P",
                "admixturepipeline/test_filtered.6_1.Q",
                "admixturepipeline/test_filtered.6_1.stdout",
                "admixturepipeline/test_filtered.6_2.P",
                "admixturepipeline/test_filtered.6_2.Q",
                "admixturepipeline/test_filtered.6_2.stdout",
                "admixturepipeline/test_filtered.6_3.P",
                "admixturepipeline/test_filtered.6_3.Q",
                "admixturepipeline/test_filtered.6_3.stdout",
                "admixturepipeline/test_filtered.map",
                "admixturepipeline/test_filtered.ped",
                "admixturepipeline/test_filtered.qfiles.json",
                "admixturepipeline/test_filtered_inds.txt",
                "admixturepipeline/test_filtered_pops.txt",
                "bestk",
                "bestk/bestK.txt",
                "bestk/best_clumpp_indfile.out",
                "clumpak",
                "clumpak/clumpakOutput",
                "clumpak/clumpakOutput/AdmixturePopIdToPopName",
                "clumpak/clumpakOutput/K=1",
                "clumpak/clumpakOutput/K=1.MajorCluster.png",
                "clumpak/clumpakOutput/K=1/CLUMPP.files",
                "clumpak/clumpakOutput/K=1/CLUMPP.files/ClumppIndFile",
                "clumpak/clumpakOutput/K=1/CLUMPP.files/ClumppIndFile.output",
                "clumpak/clumpakOutput/K=1/CLUMPP.files/ClumppPairMatrix",
                "clumpak/clumpakOutput/K=1/CLUMPP.files/FilesToIndex",
                "clumpak/clumpakOutput/K=1/MCL.files",
                "clumpak/clumpakOutput/K=1/MCL.files/MCL.clusters",
                "clumpak/clumpakOutput/K=1/MCL.files/MCL.out",
                "clumpak/clumpakOutput/K=1/MCL.files/clumppPairMatrixChoped",
                "clumpak/clumpakOutput/K=1/MCL.files/mcxtable",
                "clumpak/clumpakOutput/K=1/MajorCluster",
                "clumpak/clumpakOutput/K=1/MajorCluster/CLUMPP.files",
                "clumpak/clumpakOutput/K=1/MajorCluster/CLUMPP.files/ClumppIndFile",
                "clumpak/clumpakOutput/K=1/MajorCluster/CLUMPP.files/ClumppIndFile.output",
                "clumpak/clumpakOutput/K=1/MajorCluster/CLUMPP.files/ClumppPairMatrix",
                "clumpak/clumpakOutput/K=1/MajorCluster/CLUMPP.files/ClumppPopFile",
                "clumpak/clumpakOutput/K=1/MajorCluster/CLUMPP.files/FilesToIndex",
                "clumpak/clumpakOutput/K=1/MajorCluster/clusterFiles",
                "clumpak/clumpakOutput/K=1/MajorCluster/distructOutput.pdf",
                "clumpak/clumpakOutput/K=1/MajorCluster/distructOutput.png",
                "clumpak/clumpakOutput/K=1/MajorCluster/distructOutput.ps",
                "clumpak/clumpakOutput/K=1/MajorCluster/distructOutput.sh",
                "clumpak/clumpakOutput/K=1/MajorCluster/drawparams",
                "clumpak/clumpakOutput/K=2",
                "clumpak/clumpakOutput/K=2.MajorCluster.png",
                "clumpak/clumpakOutput/K=2/CLUMPP.files",
                "clumpak/clumpakOutput/K=2/CLUMPP.files/ClumppCommands.sh",
                "clumpak/clumpakOutput/K=2/CLUMPP.files/ClumppIndFile",
                "clumpak/clumpakOutput/K=2/CLUMPP.files/ClumppIndFile.misc",
                "clumpak/clumpakOutput/K=2/CLUMPP.files/ClumppIndFile.output",
                "clumpak/clumpakOutput/K=2/CLUMPP.files/ClumppPairMatrix",
                "clumpak/clumpakOutput/K=2/CLUMPP.files/FilesToIndex",
                "clumpak/clumpakOutput/K=2/CLUMPP.files/clumpp.paramfile",
                "clumpak/clumpakOutput/K=2/MCL.files",
                "clumpak/clumpakOutput/K=2/MCL.files/MCL.clusters",
                "clumpak/clumpakOutput/K=2/MCL.files/MCL.out",
                "clumpak/clumpakOutput/K=2/MCL.files/clumppPairMatrixChoped",
                "clumpak/clumpakOutput/K=2/MCL.files/mcxtable",
                "clumpak/clumpakOutput/K=2/MajorCluster",
                "clumpak/clumpakOutput/K=2/MajorCluster/CLUMPP.files",
                "clumpak/clumpakOutput/K=2/MajorCluster/CLUMPP.files/ClumppCommands.sh",
                "clumpak/clumpakOutput/K=2/MajorCluster/CLUMPP.files/ClumppIndFile",
                "clumpak/clumpakOutput/K=2/MajorCluster/CLUMPP.files/ClumppIndFile.misc",
                "clumpak/clumpakOutput/K=2/MajorCluster/CLUMPP.files/ClumppIndFile.output",
                "clumpak/clumpakOutput/K=2/MajorCluster/CLUMPP.files/ClumppPopFile",
                "clumpak/clumpakOutput/K=2/MajorCluster/CLUMPP.files/FilesToIndex",
                "clumpak/clumpakOutput/K=2/MajorCluster/CLUMPP.files/clumpp.paramfile",
                "clumpak/clumpakOutput/K=2/MajorCluster/clusterFiles",
                "clumpak/clumpakOutput/K=2/MajorCluster/distructOutput.pdf",
                "clumpak/clumpakOutput/K=2/MajorCluster/distructOutput.png",
                "clumpak/clumpakOutput/K=2/MajorCluster/distructOutput.ps",
                "clumpak/clumpakOutput/K=2/MajorCluster/distructOutput.sh",
                "clumpak/clumpakOutput/K=2/MajorCluster/drawparams",
                "clumpak/clumpakOutput/K=3",
                "clumpak/clumpakOutput/K=3.MajorCluster.png",
                "clumpak/clumpakOutput/K=3/CLUMPP.files",
                "clumpak/clumpakOutput/K=3/CLUMPP.files/ClumppCommands.sh",
                "clumpak/clumpakOutput/K=3/CLUMPP.files/ClumppIndFile",
                "clumpak/clumpakOutput/K=3/CLUMPP.files/ClumppIndFile.misc",
                "clumpak/clumpakOutput/K=3/CLUMPP.files/ClumppIndFile.output",
                "clumpak/clumpakOutput/K=3/CLUMPP.files/ClumppPairMatrix",
                "clumpak/clumpakOutput/K=3/CLUMPP.files/FilesToIndex",
                "clumpak/clumpakOutput/K=3/CLUMPP.files/clumpp.paramfile",
                "clumpak/clumpakOutput/K=3/MCL.files",
                "clumpak/clumpakOutput/K=3/MCL.files/MCL.clusters",
                "clumpak/clumpakOutput/K=3/MCL.files/MCL.out",
                "clumpak/clumpakOutput/K=3/MCL.files/clumppPairMatrixChoped",
                "clumpak/clumpakOutput/K=3/MCL.files/mcxtable",
                "clumpak/clumpakOutput/K=3/MajorCluster",
                "clumpak/clumpakOutput/K=3/MajorCluster/CLUMPP.files",
                "clumpak/clumpakOutput/K=3/MajorCluster/CLUMPP.files/ClumppCommands.sh",
                "clumpak/clumpakOutput/K=3/MajorCluster/CLUMPP.files/ClumppIndFile",
                "clumpak/clumpakOutput/K=3/MajorCluster/CLUMPP.files/ClumppIndFile.misc",
                "clumpak/clumpakOutput/K=3/MajorCluster/CLUMPP.files/ClumppIndFile.output",
                "clumpak/clumpakOutput/K=3/MajorCluster/CLUMPP.files/ClumppPopFile",
                "clumpak/clumpakOutput/K=3/MajorCluster/CLUMPP.files/FilesToIndex",
                "clumpak/clumpakOutput/K=3/MajorCluster/CLUMPP.files/clumpp.paramfile",
                "clumpak/clumpakOutput/K=3/MajorCluster/clusterFiles",
                "clumpak/clumpakOutput/K=3/MajorCluster/distructOutput.pdf",
                "clumpak/clumpakOutput/K=3/MajorCluster/distructOutput.png",
                "clumpak/clumpakOutput/K=3/MajorCluster/distructOutput.ps",
                "clumpak/clumpakOutput/K=3/MajorCluster/distructOutput.sh",
                "clumpak/clumpakOutput/K=3/MajorCluster/drawparams",
                "clumpak/clumpakOutput/K=4",
                "clumpak/clumpakOutput/K=4.MajorCluster.png",
                "clumpak/clumpakOutput/K=4/CLUMPP.files",
                "clumpak/clumpakOutput/K=4/CLUMPP.files/ClumppCommands.sh",
                "clumpak/clumpakOutput/K=4/CLUMPP.files/ClumppIndFile",
                "clumpak/clumpakOutput/K=4/CLUMPP.files/ClumppIndFile.misc",
                "clumpak/clumpakOutput/K=4/CLUMPP.files/ClumppIndFile.output",
                "clumpak/clumpakOutput/K=4/CLUMPP.files/ClumppPairMatrix",
                "clumpak/clumpakOutput/K=4/CLUMPP.files/FilesToIndex",
                "clumpak/clumpakOutput/K=4/CLUMPP.files/clumpp.paramfile",
                "clumpak/clumpakOutput/K=4/MCL.files",
                "clumpak/clumpakOutput/K=4/MCL.files/MCL.clusters",
                "clumpak/clumpakOutput/K=4/MCL.files/MCL.out",
                "clumpak/clumpakOutput/K=4/MCL.files/clumppPairMatrixChoped",
                "clumpak/clumpakOutput/K=4/MCL.files/mcxtable",
                "clumpak/clumpakOutput/K=4/MajorCluster",
                "clumpak/clumpakOutput/K=4/MajorCluster/CLUMPP.files",
                "clumpak/clumpakOutput/K=4/MajorCluster/CLUMPP.files/ClumppCommands.sh",
                "clumpak/clumpakOutput/K=4/MajorCluster/CLUMPP.files/ClumppIndFile",
                "clumpak/clumpakOutput/K=4/MajorCluster/CLUMPP.files/ClumppIndFile.misc",
                "clumpak/clumpakOutput/K=4/MajorCluster/CLUMPP.files/ClumppIndFile.output",
                "clumpak/clumpakOutput/K=4/MajorCluster/CLUMPP.files/ClumppPopFile",
                "clumpak/clumpakOutput/K=4/MajorCluster/CLUMPP.files/FilesToIndex",
                "clumpak/clumpakOutput/K=4/MajorCluster/CLUMPP.files/clumpp.paramfile",
                "clumpak/clumpakOutput/K=4/MajorCluster/clusterFiles",
                "clumpak/clumpakOutput/K=4/MajorCluster/distructOutput.pdf",
                "clumpak/clumpakOutput/K=4/MajorCluster/distructOutput.png",
                "clumpak/clumpakOutput/K=4/MajorCluster/distructOutput.ps",
                "clumpak/clumpakOutput/K=4/MajorCluster/distructOutput.sh",
                "clumpak/clumpakOutput/K=4/MajorCluster/drawparams",
                "clumpak/clumpakOutput/K=5",
                "clumpak/clumpakOutput/K=5.MajorCluster.png",
                "clumpak/clumpakOutput/K=5/CLUMPP.files",
                "clumpak/clumpakOutput/K=5/CLUMPP.files/ClumppCommands.sh",
                "clumpak/clumpakOutput/K=5/CLUMPP.files/ClumppIndFile",
                "clumpak/clumpakOutput/K=5/CLUMPP.files/ClumppIndFile.misc",
                "clumpak/clumpakOutput/K=5/CLUMPP.files/ClumppIndFile.output",
                "clumpak/clumpakOutput/K=5/CLUMPP.files/ClumppPairMatrix",
                "clumpak/clumpakOutput/K=5/CLUMPP.files/FilesToIndex",
                "clumpak/clumpakOutput/K=5/CLUMPP.files/clumpp.paramfile",
                "clumpak/clumpakOutput/K=5/MCL.files",
                "clumpak/clumpakOutput/K=5/MCL.files/MCL.clusters",
                "clumpak/clumpakOutput/K=5/MCL.files/MCL.out",
                "clumpak/clumpakOutput/K=5/MCL.files/clumppPairMatrixChoped",
                "clumpak/clumpakOutput/K=5/MCL.files/mcxtable",
                "clumpak/clumpakOutput/K=5/MajorCluster",
                "clumpak/clumpakOutput/K=5/MajorCluster/CLUMPP.files",
                "clumpak/clumpakOutput/K=5/MajorCluster/CLUMPP.files/ClumppCommands.sh",
                "clumpak/clumpakOutput/K=5/MajorCluster/CLUMPP.files/ClumppIndFile",
                "clumpak/clumpakOutput/K=5/MajorCluster/CLUMPP.files/ClumppIndFile.misc",
                "clumpak/clumpakOutput/K=5/MajorCluster/CLUMPP.files/ClumppIndFile.output",
                "clumpak/clumpakOutput/K=5/MajorCluster/CLUMPP.files/ClumppPopFile",
                "clumpak/clumpakOutput/K=5/MajorCluster/CLUMPP.files/FilesToIndex",
                "clumpak/clumpakOutput/K=5/MajorCluster/CLUMPP.files/clumpp.paramfile",
                "clumpak/clumpakOutput/K=5/MajorCluster/clusterFiles",
                "clumpak/clumpakOutput/K=5/MajorCluster/distructOutput.pdf",
                "clumpak/clumpakOutput/K=5/MajorCluster/distructOutput.png",
                "clumpak/clumpakOutput/K=5/MajorCluster/distructOutput.ps",
                "clumpak/clumpakOutput/K=5/MajorCluster/distructOutput.sh",
                "clumpak/clumpakOutput/K=5/MajorCluster/drawparams",
                "clumpak/clumpakOutput/K=6",
                "clumpak/clumpakOutput/K=6.MajorCluster.png",
                "clumpak/clumpakOutput/K=6/CLUMPP.files",
                "clumpak/clumpakOutput/K=6/CLUMPP.files/ClumppCommands.sh",
                "clumpak/clumpakOutput/K=6/CLUMPP.files/ClumppIndFile",
                "clumpak/clumpakOutput/K=6/CLUMPP.files/ClumppIndFile.misc",
                "clumpak/clumpakOutput/K=6/CLUMPP.files/ClumppIndFile.output",
                "clumpak/clumpakOutput/K=6/CLUMPP.files/ClumppPairMatrix",
                "clumpak/clumpakOutput/K=6/CLUMPP.files/FilesToIndex",
                "clumpak/clumpakOutput/K=6/CLUMPP.files/clumpp.paramfile",
                "clumpak/clumpakOutput/K=6/MCL.files",
                "clumpak/clumpakOutput/K=6/MCL.files/MCL.clusters",
                "clumpak/clumpakOutput/K=6/MCL.files/MCL.out",
                "clumpak/clumpakOutput/K=6/MCL.files/clumppPairMatrixChoped",
                "clumpak/clumpakOutput/K=6/MCL.files/mcxtable",
                "clumpak/clumpakOutput/K=6/MajorCluster",
                "clumpak/clumpakOutput/K=6/MajorCluster/CLUMPP.files",
                "clumpak/clumpakOutput/K=6/MajorCluster/CLUMPP.files/ClumppCommands.sh",
                "clumpak/clumpakOutput/K=6/MajorCluster/CLUMPP.files/ClumppIndFile",
                "clumpak/clumpakOutput/K=6/MajorCluster/CLUMPP.files/ClumppIndFile.misc",
                "clumpak/clumpakOutput/K=6/MajorCluster/CLUMPP.files/ClumppIndFile.output",
                "clumpak/clumpakOutput/K=6/MajorCluster/CLUMPP.files/ClumppPopFile",
                "clumpak/clumpakOutput/K=6/MajorCluster/CLUMPP.files/FilesToIndex",
                "clumpak/clumpakOutput/K=6/MajorCluster/CLUMPP.files/clumpp.paramfile",
                "clumpak/clumpakOutput/K=6/MajorCluster/clusterFiles",
                "clumpak/clumpakOutput/K=6/MajorCluster/distructOutput.pdf",
                "clumpak/clumpakOutput/K=6/MajorCluster/distructOutput.png",
                "clumpak/clumpakOutput/K=6/MajorCluster/distructOutput.ps",
                "clumpak/clumpakOutput/K=6/MajorCluster/distructOutput.sh",
                "clumpak/clumpakOutput/K=6/MajorCluster/drawparams",
                "clumpak/clumpakOutput/converted.input.files",
                "clumpak/clumpakOutput/converted.input.files/test_filtered.1_0.Q.converted",
                "clumpak/clumpakOutput/converted.input.files/test_filtered.1_1.Q.converted",
                "clumpak/clumpakOutput/converted.input.files/test_filtered.1_2.Q.converted",
                "clumpak/clumpakOutput/converted.input.files/test_filtered.1_3.Q.converted",
                "clumpak/clumpakOutput/converted.input.files/test_filtered.2_0.Q.converted",
                "clumpak/clumpakOutput/converted.input.files/test_filtered.2_1.Q.converted",
                "clumpak/clumpakOutput/converted.input.files/test_filtered.2_2.Q.converted",
                "clumpak/clumpakOutput/converted.input.files/test_filtered.2_3.Q.converted",
                "clumpak/clumpakOutput/converted.input.files/test_filtered.3_0.Q.converted",
                "clumpak/clumpakOutput/converted.input.files/test_filtered.3_1.Q.converted",
                "clumpak/clumpakOutput/converted.input.files/test_filtered.3_2.Q.converted",
                "clumpak/clumpakOutput/converted.input.files/test_filtered.3_3.Q.converted",
                "clumpak/clumpakOutput/converted.input.files/test_filtered.4_0.Q.converted",
                "clumpak/clumpakOutput/converted.input.files/test_filtered.4_1.Q.converted",
                "clumpak/clumpakOutput/converted.input.files/test_filtered.4_2.Q.converted",
                "clumpak/clumpakOutput/converted.input.files/test_filtered.4_3.Q.converted",
                "clumpak/clumpakOutput/converted.input.files/test_filtered.5_0.Q.converted",
                "clumpak/clumpakOutput/converted.input.files/test_filtered.5_1.Q.converted",
                "clumpak/clumpakOutput/converted.input.files/test_filtered.5_2.Q.converted",
                "clumpak/clumpakOutput/converted.input.files/test_filtered.5_3.Q.converted",
                "clumpak/clumpakOutput/converted.input.files/test_filtered.6_0.Q.converted",
                "clumpak/clumpakOutput/converted.input.files/test_filtered.6_1.Q.converted",
                "clumpak/clumpakOutput/converted.input.files/test_filtered.6_2.Q.converted",
                "clumpak/clumpakOutput/converted.input.files/test_filtered.6_3.Q.converted",
                "clumpak/clumpakOutput/detectedModesSummery.log",
                "clumpak/clumpakOutput/images_to_display.dat",
                "clumpak/clumpakOutput/input.files",
                "clumpak/clumpakOutput/input.files/test_filtered.1_0.Q",
                "clumpak/clumpakOutput/input.files/test_filtered.1_1.Q",
                "clumpak/clumpakOutput/input.files/test_filtered.1_2.Q",
                "clumpak/clumpakOutput/input.files/test_filtered.1_3.Q",
                "clumpak/clumpakOutput/input.files/test_filtered.2_0.Q",
                "clumpak/clumpakOutput/input.files/test_filtered.2_1.Q",
                "clumpak/clumpakOutput/input.files/test_filtered.2_2.Q",
                "clumpak/clumpakOutput/input.files/test_filtered.2_3.Q",
                "clumpak/clumpakOutput/input.files/test_filtered.3_0.Q",
                "clumpak/clumpakOutput/input.files/test_filtered.3_1.Q",
                "clumpak/clumpakOutput/input.files/test_filtered.3_2.Q",
                "clumpak/clumpakOutput/input.files/test_filtered.3_3.Q",
                "clumpak/clumpakOutput/input.files/test_filtered.4_0.Q",
                "clumpak/clumpakOutput/input.files/test_filtered.4_1.Q",
                "clumpak/clumpakOutput/input.files/test_filtered.4_2.Q",
                "clumpak/clumpakOutput/input.files/test_filtered.4_3.Q",
                "clumpak/clumpakOutput/input.files/test_filtered.5_0.Q",
                "clumpak/clumpakOutput/input.files/test_filtered.5_1.Q",
                "clumpak/clumpakOutput/input.files/test_filtered.5_2.Q",
                "clumpak/clumpakOutput/input.files/test_filtered.5_3.Q",
                "clumpak/clumpakOutput/input.files/test_filtered.6_0.Q",
                "clumpak/clumpakOutput/input.files/test_filtered.6_1.Q",
                "clumpak/clumpakOutput/input.files/test_filtered.6_2.Q",
                "clumpak/clumpakOutput/input.files/test_filtered.6_3.Q",
                "clumpak/clumpakOutput/output.log",
                "clumpak/clumpakOutput/output_files.dat",
                "cvsum",
                "cvsum/cv_file.MajClust.png",
                "cvsum/cv_output.txt",
                "cvsum/ll_output.txt",
                "cvsum/loglikelihood_file.MajClust.png",
                "distruct",
                "distruct/K1.pdf",
                "distruct/K2.pdf",
                "distruct/K3.pdf",
                "distruct/K4.pdf",
                "distruct/K5.pdf",
                "distruct/K6.pdf",
                "distruct/MajorClusterRuns.txt",
                "distruct/clumpakOutput",
                "distruct/clumpakOutput/best_results",
                "distruct/clumpakOutput/best_results/AdmixturePopIdToPopName",
                "distruct/clumpakOutput/best_results/ClumppIndFile.output.1",
                "distruct/clumpakOutput/best_results/ClumppIndFile.output.2",
                "distruct/clumpakOutput/best_results/ClumppIndFile.output.3",
                "distruct/clumpakOutput/best_results/ClumppIndFile.output.4",
                "distruct/clumpakOutput/best_results/ClumppIndFile.output.5",
                "distruct/clumpakOutput/best_results/ClumppIndFile.output.6",
                "distruct/clumpakOutput/best_results/ClumppPopFile.1",
                "distruct/clumpakOutput/best_results/ClumppPopFile.2",
                "distruct/clumpakOutput/best_results/ClumppPopFile.3",
                "distruct/clumpakOutput/best_results/ClumppPopFile.4",
                "distruct/clumpakOutput/best_results/ClumppPopFile.5",
                "distruct/clumpakOutput/best_results/ClumppPopFile.6",
                "distruct/clumpakOutput/best_results/K1.ps",
                "distruct/clumpakOutput/best_results/K2.ps",
                "distruct/clumpakOutput/best_results/K3.ps",
                "distruct/clumpakOutput/best_results/K4.ps",
                "distruct/clumpakOutput/best_results/K5.ps",
                "distruct/clumpakOutput/best_results/K6.ps",
                "distruct/clumpakOutput/best_results/drawparams.1",
                "distruct/clumpakOutput/best_results/drawparams.2",
                "distruct/clumpakOutput/best_results/drawparams.3",
                "distruct/clumpakOutput/best_results/drawparams.4",
                "distruct/clumpakOutput/best_results/drawparams.5",
                "distruct/clumpakOutput/best_results/drawparams.6",
                "distruct/cvRuns.json",
                "distruct/cv_file.MajClust.txt",
                "distruct/loglikelihood_file.MajClust.txt",
                "distruct/qfilePaths.json",
                "evaladmix",
                "evaladmix/1.png",
                "evaladmix/2.png",
                "evaladmix/3.png",
                "evaladmix/4.png",
                "evaladmix/5.png",
                "evaladmix/6.png",
                "evaladmix/test_filtered.1_0.corres",
                "evaladmix/test_filtered.1_0.corres.png",
                "evaladmix/test_filtered.1_1.corres",
                "evaladmix/test_filtered.1_1.corres.png",
                "evaladmix/test_filtered.1_2.corres",
                "evaladmix/test_filtered.1_2.corres.png",
                "evaladmix/test_filtered.1_3.corres",
                "evaladmix/test_filtered.1_3.corres.png",
                "evaladmix/test_filtered.2_0.corres",
                "evaladmix/test_filtered.2_0.corres.png",
                "evaladmix/test_filtered.2_1.corres",
                "evaladmix/test_filtered.2_1.corres.png",
                "evaladmix/test_filtered.2_2.corres",
                "evaladmix/test_filtered.2_2.corres.png",
                "evaladmix/test_filtered.2_3.corres",
                "evaladmix/test_filtered.2_3.corres.png",
                "evaladmix/test_filtered.3_0.corres",
                "evaladmix/test_filtered.3_0.corres.png",
                "evaladmix/test_filtered.3_1.corres",
                "evaladmix/test_filtered.3_1.corres.png",
                "evaladmix/test_filtered.3_2.corres",
                "evaladmix/test_filtered.3_2.corres.png",
                "evaladmix/test_filtered.3_3.corres",
                "evaladmix/test_filtered.3_3.corres.png",
                "evaladmix/test_filtered.4_0.corres",
                "evaladmix/test_filtered.4_0.corres.png",
                "evaladmix/test_filtered.4_1.corres",
                "evaladmix/test_filtered.4_1.corres.png",
                "evaladmix/test_filtered.4_2.corres",
                "evaladmix/test_filtered.4_2.corres.png",
                "evaladmix/test_filtered.4_3.corres",
                "evaladmix/test_filtered.4_3.corres.png",
                "evaladmix/test_filtered.5_0.corres",
                "evaladmix/test_filtered.5_0.corres.png",
                "evaladmix/test_filtered.5_1.corres",
                "evaladmix/test_filtered.5_1.corres.png",
                "evaladmix/test_filtered.5_2.corres",
                "evaladmix/test_filtered.5_2.corres.png",
                "evaladmix/test_filtered.5_3.corres",
                "evaladmix/test_filtered.5_3.corres.png",
                "evaladmix/test_filtered.6_0.corres",
                "evaladmix/test_filtered.6_0.corres.png",
                "evaladmix/test_filtered.6_1.corres",
                "evaladmix/test_filtered.6_1.corres.png",
                "evaladmix/test_filtered.6_2.corres",
                "evaladmix/test_filtered.6_2.corres.png",
                "evaladmix/test_filtered.6_3.corres",
                "evaladmix/test_filtered.6_3.corres.png",
                "evaladmix/test_filtered.fam",
                "evanno",
                "evanno/evanno_metrics.tsv",
                "pipeline_info",
                "pipeline_info/admixpipe_software_mqc_versions.yml",
                "report",
                "report/admixture_allk_mqc.html",
                "report/admixture_bestk_mqc.html",
                "report/admixture_spatial.tsv",
                "report/admixture_spatial_mqc.html",
                "report/admixture_spatial_multik_mqc.html",
                "report/cvplot_mqc.html",
                "report/evaladmix_allk_mqc.html",
                "report/evaladmix_bestk_mqc.html",
                "report/evanno_mqc.html",
                "report/geo_data_files",
                "report/geo_data_files/config.json",
                "report/geo_data_files/streams.gpkg",
                "report/multiqc_data",
                "report/multiqc_data/llms-full.txt",
                "report/multiqc_data/multiqc.log",
                "report/multiqc_data/multiqc.parquet",
                "report/multiqc_data/multiqc_citations.txt",
                "report/multiqc_data/multiqc_data.json",
                "report/multiqc_data/multiqc_pop_summary.txt",
                "report/multiqc_data/multiqc_sample_summary.txt",
                "report/multiqc_data/multiqc_software_versions.txt",
                "report/multiqc_data/multiqc_sources.txt",
                "report/multiqc_report.html",
                "report/pairwise_fst_mqc.html",
                "report/pop_summary_mqc.json",
                "report/sample_summary_mqc.json",
                "report/sankey_mqc.html",
                "report/snpio_pca_mqc.html",
                "report/test.samples.txt",
                "report/test_filtered.samples.txt",
                "snpio",
                "snpio/snpio_filter",
                "snpio/snpio_filter/filtered_output",
                "snpio/snpio_filter/filtered_output/reports",
                "snpio/snpio_filter/filtered_output/reports/nremover",
                "snpio/snpio_filter/filtered_output/reports/nremover/missingness",
                "snpio/snpio_filter/multiqc",
                "snpio/snpio_filter/multiqc/multiqc_report.html",
                "snpio/snpio_filter/multiqc/multiqc_report_data",
                "snpio/snpio_filter/multiqc/multiqc_report_data/allele_summary_Allelic_Spectrum_HWE.txt",
                "snpio/snpio_filter/multiqc/multiqc_report_data/allele_summary_Heterozygosity.txt",
                "snpio/snpio_filter/multiqc/multiqc_report_data/allele_summary_MAF_Summary_Spectrum.txt",
                "snpio/snpio_filter/multiqc/multiqc_report_data/allele_summary_Missingness.txt",
                "snpio/snpio_filter/multiqc/multiqc_report_data/individual_missingness.txt",
                "snpio/snpio_filter/multiqc/multiqc_report_data/llms-full.txt",
                "snpio/snpio_filter/multiqc/multiqc_report_data/locus_missingness.txt",
                "snpio/snpio_filter/multiqc/multiqc_report_data/missing_summary_Percent-1.txt",
                "snpio/snpio_filter/multiqc/multiqc_report_data/missing_summary_Percent.txt",
                "snpio/snpio_filter/multiqc/multiqc_report_data/missing_summary_Proportion-1.txt",
                "snpio/snpio_filter/multiqc/multiqc_report_data/missing_summary_Proportion.txt",
                "snpio/snpio_filter/multiqc/multiqc_report_data/multiqc.parquet",
                "snpio/snpio_filter/multiqc/multiqc_report_data/multiqc_citations.txt",
                "snpio/snpio_filter/multiqc/multiqc_report_data/multiqc_data.json",
                "snpio/snpio_filter/multiqc/multiqc_report_data/multiqc_individual_missingness-2_table.txt",
                "snpio/snpio_filter/multiqc/multiqc_report_data/multiqc_individual_missingness_table.txt",
                "snpio/snpio_filter/multiqc/multiqc_report_data/multiqc_locus_missingness-2_table.txt",
                "snpio/snpio_filter/multiqc/multiqc_report_data/multiqc_population_locus_missingness-2_table.txt",
                "snpio/snpio_filter/multiqc/multiqc_report_data/multiqc_population_missingness-2_table.txt",
                "snpio/snpio_filter/multiqc/multiqc_report_data/multiqc_population_missingness_table.txt",
                "snpio/snpio_filter/multiqc/multiqc_report_data/multiqc_sources.txt",
                "snpio/snpio_filter/multiqc/multiqc_report_data/population_counts_Count.txt",
                "snpio/snpio_filter/multiqc/multiqc_report_data/population_counts_Percentage.txt",
                "snpio/snpio_filter/multiqc/multiqc_report_data/population_locus_missingness.txt",
                "snpio/snpio_filter/multiqc/multiqc_report_data/population_missingness.txt",
                "snpio/snpio_filter/multiqc/multiqc_report_data/wc_fst_permutation_observed.txt",
                "snpio/snpio_filter/multiqc/multiqc_report_data/wc_fst_permutation_pvalues.txt",
                "snpio/snpio_filter/test.filter.vcf.gz",
                "snpio/snpio_filter/test.filter.vcf.gz.tbi",
                "snpio/snpio_filter/test_output",
                "snpio/snpio_filter/test_output/data",
                "snpio/snpio_filter/test_output/data/vcf",
                "snpio/snpio_filter/test_output/data/vcf/nremover",
                "snpio/snpio_filter/test_output/data/vcf/vcf_attributes.h5",
                "snpio/snpio_filter/test_output/logs",
                "snpio/snpio_filter/test_output/logs/snpio.analysis.allele_summary_stats.log",
                "snpio/snpio_filter/test_output/logs/snpio.analysis.genotype_encoder.log",
                "snpio/snpio_filter/test_output/logs/snpio.io.vcf_reader.log",
                "snpio/snpio_filter/test_output/logs/snpio.plotting.plotting.log",
                "snpio/snpio_filter/test_output/logs/snpio.popgenstats.fst_distance.log",
                "snpio/snpio_filter/test_output/logs/snpio.popgenstats.pop_gen_statistics.log",
                "snpio/snpio_filter/test_output/logs/snpio.popgenstats.summary_statistics.log",
                "snpio/snpio_filter/test_output/logs/snpio.read_input.genotype_data.log",
                "snpio/snpio_filter/test_output/logs/snpio.read_input.genotype_data_base.log",
                "snpio/snpio_filter/test_output/plots",
                "snpio/snpio_filter/test_output/plots/nremover",
                "snpio/snpio_filter/test_output/plots/nremover/filtering",
                "snpio/snpio_filter/test_output/plots/nremover/filtering/filtering_results_sankey_mqc.html",
                "snpio/snpio_filter/test_output/plots/nremover/pca",
                "snpio/snpio_filter/test_output/plots/nremover/pca/pca_missingness.html",
                "snpio/snpio_filter/test_output/reports",
                "snpio/snpio_filter/test_output/reports/missingness",
                "snpio/snpio_filter/test_output/reports/missingness/locus_missingness.tsv.gz",
                "snpio/snpio_filter/test_output/reports/missingness/population_locus_missingness.tsv.gz",
                "snpio/snpio_filter/test_output/reports/nremover",
                "snpio/snpio_filter/test_output/reports/nremover/fst",
                "snpio/snpio_filter/test_output/reports/nremover/fst/Fst_permutation_dist_NCCFE_NCCOT.json",
                "snpio/snpio_filter/test_output/reports/nremover/fst/Fst_permutation_dist_NCCFE_NCESG.json",
                "snpio/snpio_filter/test_output/reports/nremover/fst/Fst_permutation_dist_NCCFE_NNAME.json",
                "snpio/snpio_filter/test_output/reports/nremover/fst/Fst_permutation_dist_NCCFE_NNDUN.json",
                "snpio/snpio_filter/test_output/reports/nremover/fst/Fst_permutation_dist_NCCFE_NNECW.json",
                "snpio/snpio_filter/test_output/reports/nremover/fst/Fst_permutation_dist_NCCFE_NNIOL.json",
                "snpio/snpio_filter/test_output/reports/nremover/fst/Fst_permutation_dist_NCCFE_NNLAB.json",
                "snpio/snpio_filter/test_output/reports/nremover/fst/Fst_permutation_dist_NCCFE_NNMIA.json",
                "snpio/snpio_filter/test_output/reports/nremover/fst/Fst_permutation_dist_NCCFE_NNRAP.json",
                "snpio/snpio_filter/test_output/reports/nremover/fst/Fst_permutation_dist_NCCFE_NNROY.json",
                "snpio/snpio_filter/test_output/reports/nremover/fst/Fst_permutation_dist_NCCFE_NNSTP.json",
                "snpio/snpio_filter/test_output/reports/nremover/fst/Fst_permutation_dist_NCCFE_NSMCP.json",
                "snpio/snpio_filter/test_output/reports/nremover/fst/Fst_permutation_dist_NCCFE_NSWAC.json",
                "snpio/snpio_filter/test_output/reports/nremover/fst/Fst_permutation_dist_NCCOT_NCESG.json",
                "snpio/snpio_filter/test_output/reports/nremover/fst/Fst_permutation_dist_NCCOT_NNAME.json",
                "snpio/snpio_filter/test_output/reports/nremover/fst/Fst_permutation_dist_NCCOT_NNDUN.json",
                "snpio/snpio_filter/test_output/reports/nremover/fst/Fst_permutation_dist_NCCOT_NNECW.json",
                "snpio/snpio_filter/test_output/reports/nremover/fst/Fst_permutation_dist_NCCOT_NNIOL.json",
                "snpio/snpio_filter/test_output/reports/nremover/fst/Fst_permutation_dist_NCCOT_NNLAB.json",
                "snpio/snpio_filter/test_output/reports/nremover/fst/Fst_permutation_dist_NCCOT_NNMIA.json",
                "snpio/snpio_filter/test_output/reports/nremover/fst/Fst_permutation_dist_NCCOT_NNRAP.json",
                "snpio/snpio_filter/test_output/reports/nremover/fst/Fst_permutation_dist_NCCOT_NNROY.json",
                "snpio/snpio_filter/test_output/reports/nremover/fst/Fst_permutation_dist_NCCOT_NNSTP.json",
                "snpio/snpio_filter/test_output/reports/nremover/fst/Fst_permutation_dist_NCCOT_NSMCP.json",
                "snpio/snpio_filter/test_output/reports/nremover/fst/Fst_permutation_dist_NCCOT_NSWAC.json",
                "snpio/snpio_filter/test_output/reports/nremover/fst/Fst_permutation_dist_NCESG_NNAME.json",
                "snpio/snpio_filter/test_output/reports/nremover/fst/Fst_permutation_dist_NCESG_NNDUN.json",
                "snpio/snpio_filter/test_output/reports/nremover/fst/Fst_permutation_dist_NCESG_NNECW.json",
                "snpio/snpio_filter/test_output/reports/nremover/fst/Fst_permutation_dist_NCESG_NNIOL.json",
                "snpio/snpio_filter/test_output/reports/nremover/fst/Fst_permutation_dist_NCESG_NNLAB.json",
                "snpio/snpio_filter/test_output/reports/nremover/fst/Fst_permutation_dist_NCESG_NNMIA.json",
                "snpio/snpio_filter/test_output/reports/nremover/fst/Fst_permutation_dist_NCESG_NNRAP.json",
                "snpio/snpio_filter/test_output/reports/nremover/fst/Fst_permutation_dist_NCESG_NNROY.json",
                "snpio/snpio_filter/test_output/reports/nremover/fst/Fst_permutation_dist_NCESG_NNSTP.json",
                "snpio/snpio_filter/test_output/reports/nremover/fst/Fst_permutation_dist_NCESG_NSMCP.json",
                "snpio/snpio_filter/test_output/reports/nremover/fst/Fst_permutation_dist_NCESG_NSWAC.json",
                "snpio/snpio_filter/test_output/reports/nremover/fst/Fst_permutation_dist_NNAME_NNDUN.json",
                "snpio/snpio_filter/test_output/reports/nremover/fst/Fst_permutation_dist_NNAME_NNECW.json",
                "snpio/snpio_filter/test_output/reports/nremover/fst/Fst_permutation_dist_NNAME_NNIOL.json",
                "snpio/snpio_filter/test_output/reports/nremover/fst/Fst_permutation_dist_NNAME_NNLAB.json",
                "snpio/snpio_filter/test_output/reports/nremover/fst/Fst_permutation_dist_NNAME_NNMIA.json",
                "snpio/snpio_filter/test_output/reports/nremover/fst/Fst_permutation_dist_NNAME_NNRAP.json",
                "snpio/snpio_filter/test_output/reports/nremover/fst/Fst_permutation_dist_NNAME_NNROY.json",
                "snpio/snpio_filter/test_output/reports/nremover/fst/Fst_permutation_dist_NNAME_NNSTP.json",
                "snpio/snpio_filter/test_output/reports/nremover/fst/Fst_permutation_dist_NNAME_NSMCP.json",
                "snpio/snpio_filter/test_output/reports/nremover/fst/Fst_permutation_dist_NNAME_NSWAC.json",
                "snpio/snpio_filter/test_output/reports/nremover/fst/Fst_permutation_dist_NNDUN_NNECW.json",
                "snpio/snpio_filter/test_output/reports/nremover/fst/Fst_permutation_dist_NNDUN_NNIOL.json",
                "snpio/snpio_filter/test_output/reports/nremover/fst/Fst_permutation_dist_NNDUN_NNLAB.json",
                "snpio/snpio_filter/test_output/reports/nremover/fst/Fst_permutation_dist_NNDUN_NNMIA.json",
                "snpio/snpio_filter/test_output/reports/nremover/fst/Fst_permutation_dist_NNDUN_NNRAP.json",
                "snpio/snpio_filter/test_output/reports/nremover/fst/Fst_permutation_dist_NNDUN_NNROY.json",
                "snpio/snpio_filter/test_output/reports/nremover/fst/Fst_permutation_dist_NNDUN_NNSTP.json",
                "snpio/snpio_filter/test_output/reports/nremover/fst/Fst_permutation_dist_NNDUN_NSMCP.json",
                "snpio/snpio_filter/test_output/reports/nremover/fst/Fst_permutation_dist_NNDUN_NSWAC.json",
                "snpio/snpio_filter/test_output/reports/nremover/fst/Fst_permutation_dist_NNECW_NNIOL.json",
                "snpio/snpio_filter/test_output/reports/nremover/fst/Fst_permutation_dist_NNECW_NNLAB.json",
                "snpio/snpio_filter/test_output/reports/nremover/fst/Fst_permutation_dist_NNECW_NNMIA.json",
                "snpio/snpio_filter/test_output/reports/nremover/fst/Fst_permutation_dist_NNECW_NNRAP.json",
                "snpio/snpio_filter/test_output/reports/nremover/fst/Fst_permutation_dist_NNECW_NNROY.json",
                "snpio/snpio_filter/test_output/reports/nremover/fst/Fst_permutation_dist_NNECW_NNSTP.json",
                "snpio/snpio_filter/test_output/reports/nremover/fst/Fst_permutation_dist_NNECW_NSMCP.json",
                "snpio/snpio_filter/test_output/reports/nremover/fst/Fst_permutation_dist_NNECW_NSWAC.json",
                "snpio/snpio_filter/test_output/reports/nremover/fst/Fst_permutation_dist_NNIOL_NNLAB.json",
                "snpio/snpio_filter/test_output/reports/nremover/fst/Fst_permutation_dist_NNIOL_NNMIA.json",
                "snpio/snpio_filter/test_output/reports/nremover/fst/Fst_permutation_dist_NNIOL_NNRAP.json",
                "snpio/snpio_filter/test_output/reports/nremover/fst/Fst_permutation_dist_NNIOL_NNROY.json",
                "snpio/snpio_filter/test_output/reports/nremover/fst/Fst_permutation_dist_NNIOL_NNSTP.json",
                "snpio/snpio_filter/test_output/reports/nremover/fst/Fst_permutation_dist_NNIOL_NSMCP.json",
                "snpio/snpio_filter/test_output/reports/nremover/fst/Fst_permutation_dist_NNIOL_NSWAC.json",
                "snpio/snpio_filter/test_output/reports/nremover/fst/Fst_permutation_dist_NNLAB_NNMIA.json",
                "snpio/snpio_filter/test_output/reports/nremover/fst/Fst_permutation_dist_NNLAB_NNRAP.json",
                "snpio/snpio_filter/test_output/reports/nremover/fst/Fst_permutation_dist_NNLAB_NNROY.json",
                "snpio/snpio_filter/test_output/reports/nremover/fst/Fst_permutation_dist_NNLAB_NNSTP.json",
                "snpio/snpio_filter/test_output/reports/nremover/fst/Fst_permutation_dist_NNLAB_NSMCP.json",
                "snpio/snpio_filter/test_output/reports/nremover/fst/Fst_permutation_dist_NNLAB_NSWAC.json",
                "snpio/snpio_filter/test_output/reports/nremover/fst/Fst_permutation_dist_NNMIA_NNRAP.json",
                "snpio/snpio_filter/test_output/reports/nremover/fst/Fst_permutation_dist_NNMIA_NNROY.json",
                "snpio/snpio_filter/test_output/reports/nremover/fst/Fst_permutation_dist_NNMIA_NNSTP.json",
                "snpio/snpio_filter/test_output/reports/nremover/fst/Fst_permutation_dist_NNMIA_NSMCP.json",
                "snpio/snpio_filter/test_output/reports/nremover/fst/Fst_permutation_dist_NNMIA_NSWAC.json",
                "snpio/snpio_filter/test_output/reports/nremover/fst/Fst_permutation_dist_NNRAP_NNROY.json",
                "snpio/snpio_filter/test_output/reports/nremover/fst/Fst_permutation_dist_NNRAP_NNSTP.json",
                "snpio/snpio_filter/test_output/reports/nremover/fst/Fst_permutation_dist_NNRAP_NSMCP.json",
                "snpio/snpio_filter/test_output/reports/nremover/fst/Fst_permutation_dist_NNRAP_NSWAC.json",
                "snpio/snpio_filter/test_output/reports/nremover/fst/Fst_permutation_dist_NNROY_NNSTP.json",
                "snpio/snpio_filter/test_output/reports/nremover/fst/Fst_permutation_dist_NNROY_NSMCP.json",
                "snpio/snpio_filter/test_output/reports/nremover/fst/Fst_permutation_dist_NNROY_NSWAC.json",
                "snpio/snpio_filter/test_output/reports/nremover/fst/Fst_permutation_dist_NNSTP_NSMCP.json",
                "snpio/snpio_filter/test_output/reports/nremover/fst/Fst_permutation_dist_NNSTP_NSWAC.json",
                "snpio/snpio_filter/test_output/reports/nremover/fst/Fst_permutation_dist_NSMCP_NSWAC.json",
                "snpio/snpio_filter/test_output/reports/nremover/genotype_encoding",
                "snpio/snpio_filter/test_output/reports/nremover/genotype_encoding/non_biallelic_sites_mqc.txt"
            ],
            [
                "test_filtered.map:md5,32abc54ec4331b14e374b269f1b939ee",
                "test_filtered.ped:md5,e41f6d576f32493d6d4501cd8eecf463",
                "test_filtered.qfiles.json:md5,cbee2c768d0231bb2307469a91ca00f6",
                "test_filtered_inds.txt:md5,fe8ffce7761505e0a1e2d71f030969c3",
                "test_filtered_pops.txt:md5,95fa44d964191c0f055746c21b5ae5ec",
                "test_filtered.fam:md5,1cf2fd299b387c290ba86615952f1220",
                "config.json:md5,77cbb6a3a1b7b4a6d7c3e489bf227df5",
                "streams.gpkg:md5,319ab0c29862763c5b3d92921835f5b6",
                "multiqc_pop_summary.txt:md5,582eb485e3ab44703b2f914765a9be12",
                "multiqc_sample_summary.txt:md5,696c7f73007e69c30830b5acc118355a",
                "pop_summary_mqc.json:md5,d7e762db4038a4c0a1ed239de4dedf5f",
                "sample_summary_mqc.json:md5,39bb7b65251f2c61475b87d7d7316bc2",
                "test.samples.txt:md5,27af18e623f4d818220954c510a09e40",
                "test_filtered.samples.txt:md5,fe8ffce7761505e0a1e2d71f030969c3",
                "allele_summary_Allelic_Spectrum_HWE.txt:md5,9f77870798c1fbc5fff14e234b42f41c",
                "allele_summary_Heterozygosity.txt:md5,b57318823320198a2b7f231a3cb47777",
                "allele_summary_MAF_Summary_Spectrum.txt:md5,7417135c6a548f2c44c95949fa8b4e81",
                "allele_summary_Missingness.txt:md5,6ba2dc313f426024370bc7e56dfccb15",
                "individual_missingness.txt:md5,bc5c7a7583a15f776422f29b209eddfe",
                "locus_missingness.txt:md5,ffc04d16c7993fdd84151a5bd711d298",
                "missing_summary_Percent-1.txt:md5,4f500ad4edf917f87f4addd355e22f0f",
                "missing_summary_Percent.txt:md5,6a9fa26432227a750877eae853be3174",
                "missing_summary_Proportion-1.txt:md5,b9f488f1e16acae6ae93b4e79bfad49b",
                "missing_summary_Proportion.txt:md5,6629251be5bf070c477d48dd6779dc96",
                "multiqc_individual_missingness-2_table.txt:md5,b5eb0277a34e195380ec99ccb85c4f89",
                "multiqc_individual_missingness_table.txt:md5,5942ea2dee97824d6bdaf1cd90389c0c",
                "multiqc_locus_missingness-2_table.txt:md5,9bca69154b6c632e8af99e7f00d548e5",
                "multiqc_population_locus_missingness-2_table.txt:md5,03ed125662e9ed32bb6e89116d3af7a1",
                "multiqc_population_missingness-2_table.txt:md5,f2cd2405cc4fa1a7899c834bcb589e6a",
                "multiqc_population_missingness_table.txt:md5,d4a25acdb9882aaba4b24222978e5cac",
                "population_counts_Count.txt:md5,2c801a601031d9d6b85a1fda8265057f",
                "population_counts_Percentage.txt:md5,0279f69edf4e4ff7df4b74a66583e922",
                "population_locus_missingness.txt:md5,03ed125662e9ed32bb6e89116d3af7a1",
                "population_missingness.txt:md5,cb01e8659ef9c6b0a1c3bd67ebfcc1bf",
                "wc_fst_permutation_observed.txt:md5,e64662ec6a74671352f026dfcd01b79b",
                "test.filter.vcf.gz:md5,63bebb6d340206aa4ab4042050f39543",
                "test.filter.vcf.gz.tbi:md5,c21c2d6f36d12ee199ccb8194c6eb4d5",
                "locus_missingness.tsv.gz:md5,b241a0dc613a0acb47bb0aa28c966ea4",
                "population_locus_missingness.tsv.gz:md5,f38901f6e00b533b77aaedcb84123c8a",
                "non_biallelic_sites_mqc.txt:md5,0195cca6c36216b2b40df49840e1cef6"
            ]
        ],
        "timestamp": "2026-09-27T19:16:46.792384",
        "meta": {
            "nf-test": "0.9.4",
            "nextflow": "25.10.4"
        }
    }
}